> Task :app:preBuild UP-TO-DATE
> Task :app:preDebugBuild UP-TO-DATE
> Task :app:mergeDebugNativeDebugMetadata NO-SOURCE
> Task :app:dataBindingMergeDependencyArtifactsDebug UP-TO-DATE
> Task :app:generateDebugResValues UP-TO-DATE
> Task :app:generateDebugResources UP-TO-DATE
> Task :app:mergeDebugResources UP-TO-DATE
> Task :app:packageDebugResources UP-TO-DATE
> Task :app:processDebugNavigationResources UP-TO-DATE
> Task :app:parseDebugLocalResources UP-TO-DATE
> Task :app:dataBindingGenBaseClassesDebug UP-TO-DATE
> Task :app:generateDebugBuildConfig UP-TO-DATE
> Task :app:javaPreCompileDebug UP-TO-DATE
> Task :app:checkDebugAarMetadata UP-TO-DATE
> Task :app:compileDebugNavigationResources UP-TO-DATE
> Task :app:mapDebugSourceSetPaths UP-TO-DATE
> Task :app:createDebugCompatibleScreenManifests UP-TO-DATE
> Task :app:extractDeepLinksDebug UP-TO-DATE
> Task :app:processDebugMainManifest UP-TO-DATE
> Task :app:processDebugManifest UP-TO-DATE
> Task :app:processDebugManifestForPackage UP-TO-DATE
> Task :app:processDebugResources UP-TO-DATE

> Task :app:compileDebugJavaWithJavac
.\gradlew : C:\Users\mihab\Licenta\app\src\main\java\com\example\lic
enta\model\User.java:8: warning: There are multiple good 
constructors and Room will pick the no-arg constructor. You can use 
the @Ignore annotation to eliminate unwanted constructors.
At line:1 char:1
+ .\gradlew assembleDebug > build_output.txt 2>&1
+ ~~~~~~~~~~~~~~~~~~~~~~~~~~~~~~~~~~~~~~~~~~~~~~~
    + CategoryInfo          : NotSpecified: (C:\Users\mihab\...d co 
   nstructors.:String) [], RemoteException
    + FullyQualifiedErrorId : NativeCommandError
 
public class User {
       ^
C:\Users\mihab\Licenta\app\src\main\java\com\example\licenta\model\U
serBadge.java:8: warning: There are multiple good constructors and 
Room will pick the no-arg constructor. You can use the @Ignore 
annotation to eliminate unwanted constructors.
public class UserBadge {
       ^
C:\Users\mihab\Licenta\app\src\main\java\com\example\licenta\model\U
serAchievement.java:8: warning: There are multiple good 
constructors and Room will pick the no-arg constructor. You can use 
the @Ignore annotation to eliminate unwanted constructors.
public class UserAchievement {
       ^
C:\Users\mihab\Licenta\app\src\main\java\com\example\licenta\model\P
lannedActivity.java:8: warning: There are multiple good 
constructors and Room will pick the no-arg constructor. You can use 
the @Ignore annotation to eliminate unwanted constructors.
public class PlannedActivity {
       ^
C:\Users\mihab\Licenta\app\src\main\java\com\example\licenta\model\A
ctivityGroup.java:8: warning: There are multiple good constructors 
and Room will pick the no-arg constructor. You can use the @Ignore 
annotation to eliminate unwanted constructors.
public class ActivityGroup {
       ^
C:\Users\mihab\Licenta\app\src\main\java\com\example\licenta\model\G
roupMember.java:8: warning: There are multiple good constructors 
and Room will pick the no-arg constructor. You can use the @Ignore 
annotation to eliminate unwanted constructors.
public class GroupMember {
       ^
C:\Users\mihab\Licenta\app\src\main\java\com\example\licenta\model\I
nvitation.java:8: warning: There are multiple good constructors and 
Room will pick the no-arg constructor. You can use the @Ignore 
annotation to eliminate unwanted constructors.
public class Invitation {
       ^
C:\Users\mihab\Licenta\app\src\main\java\com\example\licenta\model\M
emberSchedule.java:8: warning: There are multiple good constructors 
and Room will pick the no-arg constructor. You can use the @Ignore 
annotation to eliminate unwanted constructors.
public class MemberSchedule {
       ^
C:\Users\mihab\Licenta\app\src\main\java\com\example\licenta\model\V
ote.java:8: warning: There are multiple good constructors and Room 
will pick the no-arg constructor. You can use the @Ignore 
annotation to eliminate unwanted constructors.
public class Vote {
       ^
C:\Users\mihab\Licenta\app\src\main\java\com\example\licenta\model\U
ser.java:8: warning: There are multiple good constructors and Room 
will pick the no-arg constructor. You can use the @Ignore 
annotation to eliminate unwanted constructors.
public class User {
       ^
C:\Users\mihab\Licenta\app\src\main\java\com\example\licenta\model\U
serBadge.java:8: warning: There are multiple good constructors and 
Room will pick the no-arg constructor. You can use the @Ignore 
annotation to eliminate unwanted constructors.
public class UserBadge {
       ^
C:\Users\mihab\Licenta\app\src\main\java\com\example\licenta\model\U
serAchievement.java:8: warning: There are multiple good 
constructors and Room will pick the no-arg constructor. You can use 
the @Ignore annotation to eliminate unwanted constructors.
public class UserAchievement {
       ^
C:\Users\mihab\Licenta\app\src\main\java\com\example\licenta\model\P
lannedActivity.java:8: warning: There are multiple good 
constructors and Room will pick the no-arg constructor. You can use 
the @Ignore annotation to eliminate unwanted constructors.
public class PlannedActivity {
       ^
C:\Users\mihab\Licenta\app\src\main\java\com\example\licenta\model\A
ctivityGroup.java:8: warning: There are multiple good constructors 
and Room will pick the no-arg constructor. You can use the @Ignore 
annotation to eliminate unwanted constructors.
public class ActivityGroup {
       ^
C:\Users\mihab\Licenta\app\src\main\java\com\example\licenta\model\G
roupMember.java:8: warning: There are multiple good constructors 
and Room will pick the no-arg constructor. You can use the @Ignore 
annotation to eliminate unwanted constructors.
public class GroupMember {
       ^
C:\Users\mihab\Licenta\app\src\main\java\com\example\licenta\model\I
nvitation.java:8: warning: There are multiple good constructors and 
Room will pick the no-arg constructor. You can use the @Ignore 
annotation to eliminate unwanted constructors.
public class Invitation {
       ^
C:\Users\mihab\Licenta\app\src\main\java\com\example\licenta\model\M
emberSchedule.java:8: warning: There are multiple good constructors 
and Room will pick the no-arg constructor. You can use the @Ignore 
annotation to eliminate unwanted constructors.
public class MemberSchedule {
       ^
C:\Users\mihab\Licenta\app\src\main\java\com\example\licenta\model\V
ote.java:8: warning: There are multiple good constructors and Room 
will pick the no-arg constructor. You can use the @Ignore 
annotation to eliminate unwanted constructors.
public class Vote {
       ^
C:\Users\mihab\Licenta\app\src\main\java\com\example\licenta\ui\cale
ndar\CalendarFragment.java:198: error: no suitable constructor 
found for PlannedActivity(String,<null>,String,long,String)
                    PlannedActivity activity = new PlannedActivity(
                                               ^
    constructor PlannedActivity.PlannedActivity() is not applicable
      (actual and formal argument lists differ in length)
    constructor PlannedActivity.PlannedActivity(String,String,String
,String,String,long,String) is not applicable
      (actual and formal argument lists differ in length)
Note: Some input files use or override a deprecated API.
Note: Recompile with -Xlint:deprecation for details.
1 error
18 warnings

> Task :app:compileDebugJavaWithJavac FAILED

[Incubating] Problems report is available at: file:///C:/Users/mihab/Licenta/build/reports/problems/problems-report.html

FAILURE: Build failed with an exception.

* What went wrong:
Execution failed for task ':app:compileDebugJavaWithJavac'.
> Compilation failed; see the compiler output below.
  C:\Users\mihab\Licenta\app\src\main\java\com\example\licenta\model
\User.java:8: warning: There are multiple good constructors and 
Room will pick the no-arg constructor. You can use the @Ignore 
annotation to eliminate unwanted constructors.
  public class User {
         ^
  C:\Users\mihab\Licenta\app\src\main\java\com\example\licenta\model
\UserBadge.java:8: warning: There are multiple good constructors 
and Room will pick the no-arg constructor. You can use the @Ignore 
annotation to eliminate unwanted constructors.
  public class UserBadge {
         ^
  C:\Users\mihab\Licenta\app\src\main\java\com\example\licenta\model
\UserAchievement.java:8: warning: There are multiple good 
constructors and Room will pick the no-arg constructor. You can use 
the @Ignore annotation to eliminate unwanted constructors.
  public class UserAchievement {
         ^
  C:\Users\mihab\Licenta\app\src\main\java\com\example\licenta\model
\PlannedActivity.java:8: warning: There are multiple good 
constructors and Room will pick the no-arg constructor. You can use 
the @Ignore annotation to eliminate unwanted constructors.
  public class PlannedActivity {
         ^
  C:\Users\mihab\Licenta\app\src\main\java\com\example\licenta\model
\ActivityGroup.java:8: warning: There are multiple good 
constructors and Room will pick the no-arg constructor. You can use 
the @Ignore annotation to eliminate unwanted constructors.
  public class ActivityGroup {
         ^
  C:\Users\mihab\Licenta\app\src\main\java\com\example\licenta\model
\GroupMember.java:8: warning: There are multiple good constructors 
and Room will pick the no-arg constructor. You can use the @Ignore 
annotation to eliminate unwanted constructors.
  public class GroupMember {
         ^
  C:\Users\mihab\Licenta\app\src\main\java\com\example\licenta\model
\Invitation.java:8: warning: There are multiple good constructors 
and Room will pick the no-arg constructor. You can use the @Ignore 
annotation to eliminate unwanted constructors.
  public class Invitation {
         ^
  C:\Users\mihab\Licenta\app\src\main\java\com\example\licenta\model
\MemberSchedule.java:8: warning: There are multiple good 
constructors and Room will pick the no-arg constructor. You can use 
the @Ignore annotation to eliminate unwanted constructors.
  public class MemberSchedule {
         ^
  C:\Users\mihab\Licenta\app\src\main\java\com\example\licenta\model
\Vote.java:8: warning: There are multiple good constructors and 
Room will pick the no-arg constructor. You can use the @Ignore 
annotation to eliminate unwanted constructors.
  public class Vote {
         ^
  C:\Users\mihab\Licenta\app\src\main\java\com\example\licenta\ui\ca
lendar\CalendarFragment.java:198: error: no suitable constructor 
found for PlannedActivity(String,<null>,String,long,String)
                      PlannedActivity activity = new 
PlannedActivity(
                                                 ^
      constructor PlannedActivity.PlannedActivity() is not 
applicable
        (actual and formal argument lists differ in length)
      constructor PlannedActivity.PlannedActivity(String,String,Stri
ng,String,String,long,String) is not applicable
        (actual and formal argument lists differ in length)
  Note: Some input files use or override a deprecated API.
  Note: Recompile with -Xlint:deprecation for details.
  1 error
  18 warnings

* Try:
> Check your code and dependencies to fix the compilation error(s)
> Run with --scan to get full insights.

Deprecated Gradle features were used in this build, making it incompatible with Gradle 9.0.

You can use '--warning-mode all' to show the individual deprecation warnings and determine if they come from your own scripts or plugins.

For more on this, please refer to https://docs.gradle.org/8.13/userguide/command_line_interface.html#sec:command_line_warnings in the Gradle documentation.

BUILD FAILED in 14s
20 actionable tasks: 1 executed, 19 up-to-date
