04-17 16:42:25.824  1459  1459 D PowerUI.Notification: showChargingNotice oldChargingType : 1 currentChargingType : 1 oldChargingTime : 1816000 mChargingTime : 1808000
04-17 16:42:25.824  1459  1459 D PowerUI.Notification: showChargingNotification()
04-17 16:42:25.825  1008  1059 D BaseRestrictionMgr: Package: com.bereal.ft, userid: 0, hostingType: broadcast is Restricted by policy: 4 caller is: null
04-17 16:42:25.825  1008  1059 W BroadcastQueue: intent:Intent { act=android.intent.action.BATTERY_CHANGED flg=0x60000010 (has extras) } is skipped in RestrictedPackage to ProcessRecord{7f0f975 18475:com.bereal.ft/u0a609}
04-17 16:42:25.826  1008  1059 D BaseRestrictionMgr: Package: com.whatsapp, userid: 0, hostingType: broadcast is Restricted by policy: 4 caller is: null
04-17 16:42:25.826  1008  1059 W BroadcastQueue: intent:Intent { act=android.intent.action.BATTERY_CHANGED flg=0x60000010 (has extras) } is skipped in RestrictedPackage to ProcessRecord{f88216c 25562:com.whatsapp/u0a663}
04-17 16:42:25.828  1008  1008 E PocketModeEvent: PocketModeSetting is off 
04-17 16:42:25.828  1008  1008 D SGM:GameManager: new battery level: 87
04-17 16:42:25.828  1008  1008 D SemWifiApBroadcastReceiver: Received : android.intent.action.BATTERY_CHANGED
04-17 16:42:25.829  1459  9861 D PowerUI.Notification: 1. restoreScreenTimeOut - saved_value : :
04-17 16:42:25.829  1459  9861 E PowerUI.Notification: no saved value, so we do nothing !!
04-17 16:42:25.829  1008  1008 D AdaptiveBrightnessLongtermModelBuilder: Received android.intent.action.BATTERY_CHANGED
04-17 16:42:25.833  3757  3757 E SDHMS:SDHMS_UTIL_IO: e = /sys/class/power_supply/battery/chg_type: open failed: ENOENT (No such file or directory)
04-17 16:42:25.839  1008  1035 D ApplicationPolicy: isStatusBarNotificationAllowedAsUser: packageName = com.android.systemui,userId = 0
04-17 16:42:25.839  1008  1035 D ApplicationPolicy: isStatusBarNotificationAllowedAsUser: packageName = com.android.systemui,userId = -1
04-17 16:42:25.839  1008  1035 D ApplicationPolicy: isStatusBarNotificationAllowedAsUser: converting userId from USER_ALLto 0
04-17 16:42:25.841  1459  1459 D PowerUI : Battery swelling mode - priorBatterySwellingMode = 0 mBatterySwellingMode = 0 mBatteryStatus = 2
04-17 16:42:25.841  1459  1459 I PowerUI : mBatteryMiscEvent = 131072
04-17 16:42:25.841  1459  1459 W Looper  : Slow dispatch took 21ms main h=android.os.Handler c=com.android.systemui.broadcast.ActionReceiver$onReceive$1$1$1@a08fbaf m=0
04-17 16:42:25.841  1459  1459 D KeyguardUpdateMonitor: received broadcast android.intent.action.BATTERY_CHANGED
04-17 16:42:25.841  1459  1459 W Looper  : Slow delivery took 21ms main h=com.android.keyguard.KeyguardUpdateMonitor$17 c=com.android.systemui.broadcast.ActionReceiver$onReceive$1$1$1@adcabbc m=0
04-17 16:42:25.845  1008  1035 D PowerManagerService: [api] acquire WakeLock DRAW_WAKE_LOCK                 'Window:StatusBar' (uid=1000 pid=1008 ws=WorkSource{10053 com.android.systemui} displayId=-1)
04-17 16:42:25.846  1008  1035 D PowerManagerService: displayReady: false groupId=0
04-17 16:42:25.846  1008  1074 D DisplayPowerController[0]: animateScreenStateChange: target=3, mLogicalDisplay.isEnabled()=true
04-17 16:42:25.847  1008  1074 D DisplayPowerController[0]: getFinalBrightness : Summary is  94 (0.37) ->  94 (0.37)
04-17 16:42:25.847  1008  1074 D PowerManagerService: [PWL] sb acquire: PowerManagerService.Display
04-17 16:42:25.849  1008  1067 D BatteryExternalStatsWorker: update stats : screen-state (33)
04-17 16:42:25.853  1008  1313 D DisplayManagerService: !@display_state requestDisplayStateInternal: DOZE_SUSPEND -> DOZE displayId=0
04-17 16:42:25.853  1008  1313 D LocalDisplayAdapter: !@ display_state: DOZE_SUSPEND -> DOZE (id:0)
04-17 16:42:25.854   586   586 D SurfaceFlinger: Setting power mode 1 on display 0
04-17 16:42:25.854  1008  1050 I DisplayDeviceRepository: Display device changed state: "Ecran încorporat", DOZE
04-17 16:42:25.854   550   550 D display : setPowerMode:: FBIOBLANK mode(1), blank(0)
04-17 16:42:25.855   550   550 D display : setPowerDoze, Doze request done
04-17 16:42:25.855   550   550 I display : [compareVsyncPeriod] set the lowest(mode:0) vsync 333 of display(0)
04-17 16:42:25.855   550   550 I display : Set m2mMPP capacity(8) for fps(60)
04-17 16:42:25.855   550   550 I display : [compareVsyncPeriod] set the lowest(mode:0) vsync 333 of display(0)
04-17 16:42:25.855   550   550 I display : Set m2mMPP capacity(8) for fps(60)
04-17 16:42:25.856   586   586 D SurfaceFlinger: Finished setting power mode 1 on display 0
04-17 16:42:25.856  1008  1008 D SGM:GameManager: onDisplayChanged. displyId: 0, state: 3
04-17 16:42:25.857  1008  1008 D BrightnessSynchronizer: onDisplayChanged() : displayId=0
04-17 16:42:25.857  1008  1313 D PowerManagerUtil: !@ display_state: DOZE:: took 4 ms
04-17 16:42:25.857  1008  1008 D BrightnessSynchronizer: updateScreenBrightness: type=2 mPreferredSettingValue=0.44705883(114) currentBrightnessInt=114 currentBrightnessIntFromFloat=114(0.44705883)
04-17 16:42:25.858  1008  2551 W NetlinkSocket: maximum read
04-17 16:42:25.858  1008  2551 W NetlinkSocket: maximum read
04-17 16:42:25.859  1008  2551 W NetlinkSocket: maximum read
04-17 16:42:25.859  1008  1313 D DisplayPowerController[0]: setActualDisplayState: DOZE_SUSPEND -> DOZE
04-17 16:42:25.860  1008  1074 D DisplayPowerController[0]: animateScreenStateChange: target=3, mLogicalDisplay.isEnabled()=true
04-17 16:42:25.860  1008  1192 D SGM:GameManager: onLooperPrepared(), msg: MSG_LCD_OFF
04-17 16:42:25.861  1008  1074 D DisplayPowerController[0]: getFinalBrightness : Summary is  94 (0.37) ->  94 (0.37)
04-17 16:42:25.861  1008  1074 D DisplayPowerController[0]: animateScreenStateChange: target=3, mLogicalDisplay.isEnabled()=true
04-17 16:42:25.861  1008  1074 D DisplayPowerController[0]: getFinalBrightness : Summary is  94 (0.37) ->  94 (0.37)
04-17 16:42:25.861  1008  1074 D PowerManagerService: displayReady: true groupId=0
04-17 16:42:25.861   586   586 I SurfaceFlinger: SFWD update time=144804477312116
04-17 16:42:25.861  1008  1074 D PowerManagerService: [PWL] sb release: PowerManagerService.Display
04-17 16:42:25.868  1459  1459 W Looper  : Slow dispatch took 27ms main h=android.app.ActivityThread$H c=com.android.systemui.broadcast.ActionReceiver$onReceive$1$1$1@bb09745 m=0
04-17 16:42:25.869  1459  1459 I AODBatteryManager: updateBatteryData: ACTION_BATTERY_CHANGED
04-17 16:42:25.869 27071 27071 I BSS_SysUiClient: handleDisplayChanged: 3
04-17 16:42:25.869 27071 27071 I BSS_SysUiWindow.S.I: handleScreenEvent : false, false, false, false
04-17 16:42:25.874 17182 17182 I NearbyDiscovery: (REDACTED) FastPairDisplayObserver: %s -> %s
04-17 16:42:25.884  1008  1067 E system_server: Cannot read thread CPU times for PID 1008
04-17 16:42:25.884  1008  1067 D BatteryExternalStatsWorker: done updateExternalStatsLocked
04-17 16:42:25.885  1459  1459 I AODBatteryManager: saveBatteryData : AOD BatteryData [mBatteryLevel=87, mBatteryStatus=CHARGING, mBatteryPlugType=USB, mBatteryPlugged=true, mRemainingChargeTime=1808000, mBatteryChargingType=1, mBatteryChargerType=NORMAL, mBatteryOnline=NOT_DEFINED, mBatterySwellingMode=NONE, mBatteryProtectMode=false]
04-17 16:42:25.886  1459  1459 I ChargingInfoManager: updateChargingInfo: newState = AOD ChargingInfo [mState=BATTERY_AND_REMAIN_TIME, mIsCharging=true, mIsFullyCharged=false, mIsBatteryProtectMode=false], oldState = AOD ChargingInfo [mState=BATTERY_AND_REMAIN_TIME, mIsCharging=true, mIsFullyCharged=false, mIsBatteryProtectMode=false]
04-17 16:42:25.886  1008  1067 D BatteryExternalStatsWorker: update stats : wakelock-change (1)
04-17 16:42:25.886  1459  1459 W Looper  : Slow dispatch took 17ms main h=android.app.ActivityThread$H c=android.app.LoadedApk$ReceiverDispatcher$Args$$ExternalSyntheticLambda0@ca59e9a m=0
04-17 16:42:25.886  1459  1459 I AODBatteryManager: updateBatteryData: ACTION_BATTERY_CHANGED
04-17 16:42:25.888  1008  1067 E system_server: Cannot read thread CPU times for PID 1008
04-17 16:42:25.888  1008  1067 D BatteryExternalStatsWorker: done updateExternalStatsLocked
04-17 16:42:25.889  1459  1459 I AODBatteryManager: saveBatteryData : AOD BatteryData [mBatteryLevel=87, mBatteryStatus=CHARGING, mBatteryPlugType=USB, mBatteryPlugged=true, mRemainingChargeTime=1808000, mBatteryChargingType=1, mBatteryChargerType=NORMAL, mBatteryOnline=NOT_DEFINED, mBatterySwellingMode=NONE, mBatteryProtectMode=false]
04-17 16:42:25.891  1459  1459 D KeyguardUpdateMonitor: handleBatteryUpdate
04-17 16:42:25.895  1459  1459 D KeyguardSecIndicationPolicy:  add T Event pos = DEFAULT, type =              BATTERY, id =  2408, text = Încărcare: 87%
04-17 16:42:25.895  1459  1459 D KeyguardSecIndicationPolicy: 30 m până la încărcarea completă, duration = 3000
04-17 16:42:25.896  1459  1459 D KeyguardSecIndicationPolicy:   update top pos = DEFAULT, item = [id=2407|ty=BATTERY_RESTING|pr=20|txt=Încărcare: 86%
04-17 16:42:25.896  1459  1459 D KeyguardSecIndicationPolicy: 30 m până la încărcarea completă|ti=duration=PERSISTENT|an=false] -> [id=2408|ty=BATTERY|pr=40|txt=Încărcare: 87%
04-17 16:42:25.896  1459  1459 D KeyguardSecIndicationPolicy: 30 m până la încărcarea completă|ti=duration=3000|an=false]
04-17 16:42:25.896  1459  1459 D KeyguardSecIndicationController: onIndicationChanged() return - keyguard is not visible, pos = DEFAULT, item = [id=2408|ty=BATTERY|pr=40|txt=Încărcare: 87%
04-17 16:42:25.896  1459  1459 D KeyguardSecIndicationController: 30 m până la încărcarea completă|ti=duration=3000|an=false]
04-17 16:42:25.897  1459  1459 D KeyguardSecIndicationPolicy: update Event pos = DEFAULT, type =      BATTERY_RESTING, id =  2409, text = Încărcare: 87%
04-17 16:42:25.897  1459  1459 D KeyguardSecIndicationPolicy: 30 m până la încărcarea completă
04-17 16:42:25.897  1459  1459 D KeyguardSecIndicationController: addBatteryIndication() status = BatteryStatus{status=2,level=87,plugged=2,health=2,maxChargingWattage=-1,remaining=1808000ultraFastCharger=0}
04-17 16:42:25.898  1008  3727 D PowerManagerService: [api] acquire WakeLock DRAW_WAKE_LOCK                 'Window:NotificationShade' (uid=1000 pid=1008 ws=WorkSource{10053 com.android.systemui} displayId=-1)
04-17 16:42:25.907  1459  1459 D QS      : setQSExpansion 0.0 -600.0
04-17 16:42:25.907  1459  1459 D IndicatorGardenInputProperty: updateRotation() prv:-1 >> new:0
04-17 16:42:25.907  1459  1459 D DeviceState: getDeviceResolutionPixelSize - currentDensity = 480 deviceDensity = 480 initialDisplaySizeFactor = 1440 currentDisplaySizeFactor = 1080 initialDisplayDensity = 560 proportionalDensity = 420 proportionalPixel = 66
04-17 16:42:25.908  1459  1459 D DeviceState: getDeviceResolutionPixelSize - currentDensity = 480 deviceDensity = 480 initialDisplaySizeFactor = 1440 currentDisplaySizeFactor = 1080 initialDisplayDensity = 560 proportionalDensity = 420 proportionalPixel = 27
04-17 16:42:25.908  1459  1459 D DeviceState: getDeviceResolutionPixelSize - currentDensity = 480 deviceDensity = 480 initialDisplaySizeFactor = 1440 currentDisplaySizeFactor = 1080 initialDisplayDensity = 560 proportionalDensity = 420 proportionalPixel = 24
04-17 16:42:25.911  1459  1459 D QS      : setQSExpansion 0.0 -600.0
04-17 16:42:25.911  1459  1459 V SecQSFragmentAnimatorBase: setQsExpansionPosition 0.0
04-17 16:42:25.911  1459  1459 V QsExpandAnimator: setQsExpansionPosition 0.0 1
04-17 16:42:25.914  1459  1459 D QS      : setQSExpansion 0.0 -600.0
04-17 16:42:25.920  1459  1459 D IndicatorGardenInputProperty: updateRotation() prv:-1 >> new:0
04-17 16:42:25.920  1459  1459 D DeviceState: getDeviceResolutionPixelSize - currentDensity = 480 deviceDensity = 480 initialDisplaySizeFactor = 1440 currentDisplaySizeFactor = 1080 initialDisplayDensity = 560 proportionalDensity = 420 proportionalPixel = 66
04-17 16:42:25.920  1459  1459 D DeviceState: getDeviceResolutionPixelSize - currentDensity = 480 deviceDensity = 480 initialDisplaySizeFactor = 1440 currentDisplaySizeFactor = 1080 initialDisplayDensity = 560 proportionalDensity = 420 proportionalPixel = 27
04-17 16:42:25.920  1459  1459 D DeviceState: getDeviceResolutionPixelSize - currentDensity = 480 deviceDensity = 480 initialDisplaySizeFactor = 1440 currentDisplaySizeFactor = 1080 initialDisplayDensity = 560 proportionalDensity = 420 proportionalPixel = 24
04-17 16:42:25.921  1459  1459 W Looper  : Slow dispatch took 24ms main h=android.view.Choreographer$FrameHandler c=android.view.Choreographer$FrameDisplayEventReceiver@41f723b m=0
04-17 16:42:25.922  1459  1459 D DisplayLifecycle: updateDisplay id = 0
04-17 16:42:25.925  1459  1459 I AODTriggers: onAODEventDispatched = 4 / eventData = com.samsung.android.app.aodservice.controller.configuration.AODConfigurationController$EventData@6a6c7a8
04-17 16:42:25.925  1459  1459 I AOD_LIVE_CLOCK@LiveClockController: updateDisplayState: DISPLAY_STATE_DOZE
04-17 16:42:25.926  1459  1459 I ChargingInfoView: handleMessage: MSG_SHOW_CHARGING_INFO
04-17 16:42:25.926  1459  1459 I BottomChargingInfoView: updateContents: BATTERY_AND_REMAIN_TIME
04-17 16:42:25.926  1459  1459 I AOD_WAKELOCK@WakeLockManager: acquireIfExists: tag - charging_info, timeout - 1000, reason - Charging Info is showing, delay by 500, wakeLock = WakeLock{a1fedae held=false, refCount=0}
04-17 16:42:25.927  1008  3727 D PowerManagerService: [api] acquire WakeLock DRAW_WAKE_LOCK                 'charging_info' (uid=10053 pid=1459 displayId=-1)
04-17 16:42:25.929  1459  1459 I ChargingInfoManager: getDeviceRemainingTime: 30 m până la încărcarea completă
04-17 16:42:25.931  1008  3727 D PowerManagerService: [api] acquire WakeLock DRAW_WAKE_LOCK                 'Window:NotificationShade' ACQ=-31ms (uid=1000 pid=1008 ws=WorkSource{10053 com.android.systemui} displayId=-1)
04-17 16:42:25.932  1459  1459 I AbsChargingInfoComponent: setVisibilityWithAnim: skipped true
04-17 16:42:25.933  1008  3727 D PowerManagerService: [api] acquire WakeLock DRAW_WAKE_LOCK                 'Window:NotificationShade' ACQ=-34ms (uid=1000 pid=1008 ws=WorkSource{10053 com.android.systemui} displayId=-1)
04-17 16:42:25.936  1459  1459 D QS      : setQSExpansion 0.0 -600.0
04-17 16:42:25.938  1459  1459 D QS      : setQSExpansion 0.0 -600.0
04-17 16:42:25.940  1459  1459 W Looper  : Drained
04-17 16:42:26.057  1008  1008 W NotificationHistory: Attempted to add notif for locked/gone/disabled user 0
04-17 16:42:26.063  1008  1008 D PowerManagerService: [api] release WakeLock DRAW_WAKE_LOCK                 'Window:StatusBar' ACQ=-206ms (uid=1000 pid=1008 ws=WorkSource{10053 com.android.systemui} displayId=-1)
04-17 16:42:26.066  8649  8649 I Edge.badge: updateBadge item = com.android.systemui:-1 1
04-17 16:42:26.067  1956  1956 I Launcher.NotificationListener: onNotificationPosted : com.android.systemui number : 0
04-17 16:42:26.073  1459  1459 D InterruptionStateProvider: No bubble up: not allowed to bubble: -1|com.android.systemui|2131428820|charging_state|10053
04-17 16:42:26.076  1459  1459 D InterruptionStateProvider:  no Heads up : edgelighting enabled app. -1|com.android.systemui|2131428820|charging_state|10053
04-17 16:42:26.092  1459  1459 W Looper  : Slow dispatch took 26ms main h=android.os.Handler c=com.android.systemui.statusbar.NotificationListener$$ExternalSyntheticLambda1@aaf0a66 m=0
04-17 16:42:26.092  1459  1577 D PeopleSpaceWidgetMgr: Sbn doesn't contain valid PeopleTileKey: null/-1/com.android.systemui
04-17 16:42:26.100   732  1317 I bauth_FPBAuthService: pcf : 0x1012, 0 ,1 ,0 ,0 ,0 ,0, 6.0.0.6
04-17 16:42:26.101   732  1317 I bauth_FPBAuthService: thread id : 1, preenroll_flag : 0, nd cnt : 0, cso : 0, et : 0
04-17 16:42:26.101   732  1317 I bauth_FPBAuthService: FPBAuthService, 11333
04-17 16:42:26.102  1459  1459 D QS      : setQSExpansion 0.0 -600.0
04-17 16:42:26.104  1459  1459 D QS      : setQSExpansion 0.0 -600.0
04-17 16:42:26.106  1459  1459 W Looper  : Slow dispatch took 11ms main h=android.view.Choreographer$FrameHandler c=android.view.Choreographer$FrameDisplayEventReceiver@41f723b m=0
04-17 16:42:26.107  1459  1459 W Looper  : Slow delivery took 26ms main h=com.android.systemui.statusbar.notification.row.NotifBindPipeline$NotifBindPipelineHandler c=null m=1
04-17 16:42:26.126  1459  1459 D PluginAODManager: onNotificationInfoUpdated() 0|com.wssyncmldm|3|null|1000
04-17 16:42:26.126  1459  1459 D PluginAODManager: onNotificationInfoUpdated() 0|com.google.android.gms|2147483647|ranker_group|10092|ranker_group
04-17 16:42:26.126  1459  1459 D PluginAODManager: onNotificationInfoUpdated() 0|com.samsung.android.forest|104|null|1000
04-17 16:42:26.126  1459  1459 D PluginAODManager: onNotificationInfoUpdated() 0|com.google.android.gm|0|gig:1685183163:^sq_ig_i_personal|10239
04-17 16:42:26.126  1459  1459 D PluginAODManager: onNotificationInfoUpdated() 0|com.google.android.gm|0|gig:68833126:^sq_ig_i_personal|10239
04-17 16:42:26.126  1459  1459 D PluginAODManager: onNotificationInfoUpdated() 0|com.google.android.permissioncontroller|1|HibernationJobService|10096
04-17 16:42:26.126  1459  1459 I AODNotificationManager: updateVisibleNotifications: 6
04-17 16:42:26.126  1459  1459 W Looper  : Slow dispatch took 20ms main h=com.android.systemui.statusbar.LockscreenNotificationManager$LockscreenNotificationMgrHandler c=null m=101
04-17 16:42:26.130  1459  1459 D QS      : setQSExpansion 0.0 -600.0
04-17 16:42:26.131  1459  1459 D QS      : setQSExpansion 0.0 -600.0
04-17 16:42:26.134  1008  1008 D PowerManagerService: [api] release WakeLock DRAW_WAKE_LOCK                 'Window:NotificationShade' ACQ=-234ms (uid=1000 pid=1008 ws=WorkSource{10053 com.android.systemui} displayId=-1)
04-17 16:42:26.137  1459  1459 W Looper  : Drained
04-17 16:42:26.155  1459  1459 W Looper  : Slow dispatch took 16ms main h=android.os.AsyncTask$InternalHandler c=null m=1
04-17 16:42:26.162  1459  1459 D QS      : setQSExpansion 0.0 -600.0
04-17 16:42:26.163  1459  1459 D QS      : setQSExpansion 0.0 -600.0
04-17 16:42:26.930  1008  1149 D PowerManagerService: [api] release WakeLock DRAW_WAKE_LOCK                 'charging_info' ACQ=-1s3ms (uid=10053 pid=1459 displayId=-1)
04-17 16:42:26.931  1008  1149 D PowerManagerService: displayReady: false groupId=0
04-17 16:42:26.931  1008  1074 D DisplayPowerController[0]: animateScreenStateChange: target=4, mLogicalDisplay.isEnabled()=true
04-17 16:42:26.934  1008  1067 D BatteryExternalStatsWorker: update stats : screen-state (33)
04-17 16:42:26.934  1008  1074 D DisplayPowerController[0]: getFinalBrightness : Summary is  94 (0.37) ->  94 (0.37)
04-17 16:42:26.934  1008  1074 D PowerManagerService: [PWL] sb acquire: PowerManagerService.Display
04-17 16:42:26.936  1008  1313 D DisplayManagerService: !@display_state requestDisplayStateInternal: DOZE -> DOZE_SUSPEND displayId=0
04-17 16:42:26.936  1008  1313 D LocalDisplayAdapter: !@ display_state: DOZE -> DOZE_SUSPEND (id:0)
04-17 16:42:26.937   586   586 D SurfaceFlinger: Setting power mode 3 on display 0
04-17 16:42:26.937  1008  1050 I DisplayDeviceRepository: Display device changed state: "Ecran încorporat", DOZE_SUSPEND
04-17 16:42:26.937   550   550 D display : setPowerMode:: FBIOBLANK mode(3), blank(0)
04-17 16:42:26.938   550   550 D display : setPowerDoze, Doze request done
04-17 16:42:26.938   550   550 I display : Set m2mMPP capacity(8) for fps(60)
04-17 16:42:26.938   550   550 I display : Set m2mMPP capacity(8) for fps(60)
04-17 16:42:26.938   586   586 D SurfaceFlinger: Finished setting power mode 3 on display 0
04-17 16:42:26.939  1008  1313 D PowerManagerUtil: !@ display_state: DOZE_SUSPEND:: took 3 ms
04-17 16:42:26.939  1008  1313 D DisplayPowerController[0]: setActualDisplayState: DOZE -> DOZE_SUSPEND
04-17 16:42:26.940  1008  1074 D DisplayPowerController[0]: animateScreenStateChange: target=4, mLogicalDisplay.isEnabled()=true
04-17 16:42:26.940  1008  1074 D DisplayPowerController[0]: getFinalBrightness : Summary is  94 (0.37) ->  94 (0.37)
04-17 16:42:26.940  1008  1074 D DisplayPowerController[0]: animateScreenStateChange: target=4, mLogicalDisplay.isEnabled()=true
04-17 16:42:26.940  1008  1074 D DisplayPowerController[0]: getFinalBrightness : Summary is  94 (0.37) ->  94 (0.37)
04-17 16:42:26.940  1008  1074 D PowerManagerService: displayReady: true groupId=0
04-17 16:42:26.941  1008  1074 D PowerManagerService: [PWL] sb release: PowerManagerService.Display
04-17 16:42:26.942  1008  1008 D SGM:GameManager: onDisplayChanged. displyId: 0, state: 4
04-17 16:42:26.942  1008  2551 W NetlinkSocket: maximum read
04-17 16:42:26.943  1008  2551 W NetlinkSocket: maximum read
04-17 16:42:26.943  1008  2551 W NetlinkSocket: maximum read
04-17 16:42:26.944  1008  1192 D SGM:GameManager: onLooperPrepared(), msg: MSG_LCD_OFF
04-17 16:42:26.949  1459  1459 D DisplayLifecycle: updateDisplay id = 0
04-17 16:42:26.953 27071 27071 I BSS_SysUiClient: handleDisplayChanged: 4
04-17 16:42:26.953 27071 27071 I BSS_SysUiWindow.S.I: handleScreenEvent : false, false, false, false
04-17 16:42:26.955  1008  1008 D BrightnessSynchronizer: onDisplayChanged() : displayId=0
04-17 16:42:26.955  1008  1008 D BrightnessSynchronizer: updateScreenBrightness: type=2 mPreferredSettingValue=0.44705883(114) currentBrightnessInt=114 currentBrightnessIntFromFloat=114(0.44705883)
04-17 16:42:26.958 17182 17182 I NearbyDiscovery: (REDACTED) FastPairDisplayObserver: %s -> %s
04-17 16:42:26.959  1459  1459 I AODTriggers: onAODEventDispatched = 4 / eventData = com.samsung.android.app.aodservice.controller.configuration.AODConfigurationController$EventData@e51eeb4
04-17 16:42:26.959  1459  1459 I AOD_LIVE_CLOCK@LiveClockController: updateDisplayState: DISPLAY_STATE_DOZE_SUSPEND
04-17 16:42:26.968  1008  1067 E system_server: Cannot read thread CPU times for PID 1008
04-17 16:42:26.968  1008  1067 D BatteryExternalStatsWorker: done updateExternalStatsLocked
04-17 16:42:27.101   732  1317 I bauth_FPBAuthService: pcf : 0x1012, 0 ,1 ,0 ,0 ,0 ,0, 6.0.0.6
04-17 16:42:27.101   732  1317 I bauth_FPBAuthService: thread id : 1, preenroll_flag : 0, nd cnt : 0, cso : 0, et : 0
04-17 16:42:27.101   732  1317 I bauth_FPBAuthService: FPBAuthService, 11333
04-17 16:42:28.102   732  1317 I bauth_FPBAuthService: pcf : 0x1012, 0 ,1 ,0 ,0 ,0 ,0, 6.0.0.6
04-17 16:42:28.102   732  1317 I bauth_FPBAuthService: thread id : 1, preenroll_flag : 0, nd cnt : 0, cso : 0, et : 0
04-17 16:42:28.102   732  1317 I bauth_FPBAuthService: FPBAuthService, 11333
04-17 16:42:28.899  1459  1459 D KeyguardSecIndicationPolicy:  remove Item pos = DEFAULT                             , id =  2408, 
04-17 16:42:28.901  1459  1459 D KeyguardSecIndicationPolicy:   update top pos = DEFAULT, item = [id=2408|ty=BATTERY|pr=40|txt=Încărcare: 87%
04-17 16:42:28.901  1459  1459 D KeyguardSecIndicationPolicy: 30 m până la încărcarea completă|ti=duration=3000|an=false] -> [id=2409|ty=BATTERY_RESTING|pr=20|txt=Încărcare: 87%
04-17 16:42:28.901  1459  1459 D KeyguardSecIndicationPolicy: 30 m până la încărcarea completă|ti=duration=PERSISTENT|an=false]
04-17 16:42:28.901  1459  1459 D KeyguardSecIndicationController: onIndicationChanged() return - keyguard is not visible, pos = DEFAULT, item = [id=2409|ty=BATTERY_RESTING|pr=20|txt=Încărcare: 87%
04-17 16:42:28.901  1459  1459 D KeyguardSecIndicationController: 30 m până la încărcarea completă|ti=duration=PERSISTENT|an=false]
04-17 16:42:29.103   732  1317 I bauth_FPBAuthService: pcf : 0x1012, 0 ,1 ,0 ,0 ,0 ,0, 6.0.0.6
04-17 16:42:29.103   732  1317 I bauth_FPBAuthService: thread id : 1, preenroll_flag : 0, nd cnt : 0, cso : 0, et : 0
04-17 16:42:29.103   732  1317 I bauth_FPBAuthService: FPBAuthService, 11333
04-17 16:42:29.298  1008  2196 E Tethering: [api31.BpfCoordinatorShimImpl] ERROR Fail to fetch tethering stats from BPF map: : getNextMapKey failed: EBADF (Bad file descriptor)
04-17 16:42:29.298  1008  2196 E Tethering: android.system.ErrnoException: getNextMapKey failed: EBADF (Bad file descriptor)
04-17 16:42:29.298  1008  2196 E Tethering: 	at com.android.networkstack.tethering.BpfMap.getNextMapKey(Native Method)
04-17 16:42:29.298  1008  2196 E Tethering: 	at com.android.networkstack.tethering.BpfMap.getNextRawKey(BpfMap.java:199)
04-17 16:42:29.298  1008  2196 E Tethering: 	at com.android.networkstack.tethering.BpfMap.getNextKeyInternal(BpfMap.java:177)
04-17 16:42:29.298  1008  2196 E Tethering: 	at com.android.networkstack.tethering.BpfMap.getFirstKey(BpfMap.java:206)
04-17 16:42:29.298  1008  2196 E Tethering: 	at com.android.networkstack.tethering.BpfMap.forEach(BpfMap.java:243)
04-17 16:42:29.298  1008  2196 E Tethering: 	at com.android.networkstack.tethering.apishim.api31.BpfCoordinatorShimImpl.tetherOffloadGetStats(BpfCoordinatorShimImpl.java:241)
04-17 16:42:29.298  1008  2196 E Tethering: 	at com.android.networkstack.tethering.BpfCoordinator.updateForwardedStats(BpfCoordinator.java:1844)
04-17 16:42:29.298  1008  2196 E Tethering: 	at com.android.networkstack.tethering.BpfCoordinator.lambda$new$0(BpfCoordinator.java:249)
04-17 16:42:29.298  1008  2196 E Tethering: 	at com.android.networkstack.tethering.BpfCoordinator.$r8$lambda$11zi2so53-tPlRpKnlSkWOpxReo(Unknown Source:0)
04-17 16:42:29.298  1008  2196 E Tethering: 	at com.android.networkstack.tethering.BpfCoordinator$$ExternalSyntheticLambda0.run(Unknown Source:2)
04-17 16:42:29.298  1008  2196 E Tethering: 	at android.os.Handler.handleCallback(Handler.java:938)
04-17 16:42:29.298  1008  2196 E Tethering: 	at android.os.Handler.dispatchMessage(Handler.java:99)
04-17 16:42:29.298  1008  2196 E Tethering: 	at android.os.Looper.loopOnce(Looper.java:226)
04-17 16:42:29.298  1008  2196 E Tethering: 	at android.os.Looper.loop(Looper.java:313)
04-17 16:42:29.298  1008  2196 E Tethering: 	at android.os.HandlerThread.run(HandlerThread.java:67)
04-17 16:42:29.298  1008  2196 E Tethering: [BpfCoordinator] ERROR Problem fetching tethering stats
04-17 16:42:30.104   732  1317 I bauth_FPBAuthService: pcf : 0x1012, 0 ,1 ,0 ,0 ,0 ,0, 6.0.0.6
04-17 16:42:30.104   732  1317 I bauth_FPBAuthService: thread id : 1, preenroll_flag : 0, nd cnt : 0, cso : 0, et : 0
04-17 16:42:30.104   732  1317 I bauth_FPBAuthService: FPBAuthService, 11333
04-17 16:42:30.296  1008  3647 D SamsungAlarmManager: Cancel Alarm calling from uid:10092 pid :20354 / OP:PendingIntent{5616f6a: PendingIntentRecord{692552d com.google.android.gms/com.google.android.gms.container startService}}
04-17 16:42:30.296  1008  3647 V SamsungAlarmManager: setLocked to kernel - W:936755038 / NW:936731808, now=936702104
04-17 16:42:30.545  1008  1269 D SemCellularStateManager: onSignalStrengthsChanged: mCellularSignalLevel=4
04-17 16:42:30.548  1459  1577 D MobileStatusTracker(0/3): onSignalStrengthsChanged signalStrength=SignalStrength:{mCdma=Invalid,mGsm=Invalid,mWcdma=Invalid,mTdscdma=Invalid,mLte=CellSignalStrengthLte: rssi=-95 rsrp=-94 rsrq=-16 rssnr=1 cqiTableIndex=2147483647 cqi=8 ta=2147483647 level=4 parametersUseForLevel=0,mNr=Invalid,SignalBarInfo{ lteLevel=3 },rat=14,primary=CellSignalStrengthLte} level=3
04-17 16:42:30.550  1459  1577 D NetworkController: SignalStrength from intent slotId=0
04-17 16:42:30.641   456   456 D io_stats: !@   8,0 r 3076222 111434672 w 2495268 110413864 d 0 0 f 0 0 iot 2050744 0 th 0 0 0 pt 0 inp 0 0 144809.255
04-17 16:42:31.105   732  1317 I bauth_FPBAuthService: pcf : 0x1012, 0 ,1 ,0 ,0 ,0 ,0, 6.0.0.6
04-17 16:42:31.105   732  1317 I bauth_FPBAuthService: thread id : 1, preenroll_flag : 0, nd cnt : 0, cso : 0, et : 0
04-17 16:42:31.105   732  1317 I bauth_FPBAuthService: FPBAuthService, 11333
04-17 16:42:32.106   732  1317 I bauth_FPBAuthService: pcf : 0x1012, 0 ,1 ,0 ,0 ,0 ,0, 6.0.0.6
04-17 16:42:32.106   732  1317 I bauth_FPBAuthService: thread id : 1, preenroll_flag : 0, nd cnt : 0, cso : 0, et : 0
04-17 16:42:32.106   732  1317 I bauth_FPBAuthService: FPBAuthService, 11333
04-17 16:42:33.107   732  1317 I bauth_FPBAuthService: pcf : 0x1012, 0 ,1 ,0 ,0 ,0 ,0, 6.0.0.6
04-17 16:42:33.107   732  1317 I bauth_FPBAuthService: thread id : 1, preenroll_flag : 0, nd cnt : 0, cso : 0, et : 0
04-17 16:42:33.107   732  1317 I bauth_FPBAuthService: FPBAuthService, 11333
04-17 16:42:33.226  1008  1131 I AppOps  : updateUidProcState uid: 1000 procState: 0 capability:15
04-17 16:42:34.107   732  1317 I bauth_FPBAuthService: pcf : 0x1012, 0 ,1 ,0 ,0 ,0 ,0, 6.0.0.6
04-17 16:42:34.108   732  1317 I bauth_FPBAuthService: thread id : 1, preenroll_flag : 0, nd cnt : 0, cso : 0, et : 0
04-17 16:42:34.108   732  1317 I bauth_FPBAuthService: FPBAuthService, 11333
04-17 16:42:34.306  1008  2196 E Tethering: [api31.BpfCoordinatorShimImpl] ERROR Fail to fetch tethering stats from BPF map: : getNextMapKey failed: EBADF (Bad file descriptor)
04-17 16:42:34.306  1008  2196 E Tethering: android.system.ErrnoException: getNextMapKey failed: EBADF (Bad file descriptor)
04-17 16:42:34.306  1008  2196 E Tethering: 	at com.android.networkstack.tethering.BpfMap.getNextMapKey(Native Method)
04-17 16:42:34.306  1008  2196 E Tethering: 	at com.android.networkstack.tethering.BpfMap.getNextRawKey(BpfMap.java:199)
04-17 16:42:34.306  1008  2196 E Tethering: 	at com.android.networkstack.tethering.BpfMap.getNextKeyInternal(BpfMap.java:177)
04-17 16:42:34.306  1008  2196 E Tethering: 	at com.android.networkstack.tethering.BpfMap.getFirstKey(BpfMap.java:206)
04-17 16:42:34.306  1008  2196 E Tethering: 	at com.android.networkstack.tethering.BpfMap.forEach(BpfMap.java:243)
04-17 16:42:34.306  1008  2196 E Tethering: 	at com.android.networkstack.tethering.apishim.api31.BpfCoordinatorShimImpl.tetherOffloadGetStats(BpfCoordinatorShimImpl.java:241)
04-17 16:42:34.306  1008  2196 E Tethering: 	at com.android.networkstack.tethering.BpfCoordinator.updateForwardedStats(BpfCoordinator.java:1844)
04-17 16:42:34.306  1008  2196 E Tethering: 	at com.android.networkstack.tethering.BpfCoordinator.lambda$new$0(BpfCoordinator.java:249)
04-17 16:42:34.306  1008  2196 E Tethering: 	at com.android.networkstack.tethering.BpfCoordinator.$r8$lambda$11zi2so53-tPlRpKnlSkWOpxReo(Unknown Source:0)
04-17 16:42:34.306  1008  2196 E Tethering: 	at com.android.networkstack.tethering.BpfCoordinator$$ExternalSyntheticLambda0.run(Unknown Source:2)
04-17 16:42:34.306  1008  2196 E Tethering: 	at android.os.Handler.handleCallback(Handler.java:938)
04-17 16:42:34.306  1008  2196 E Tethering: 	at android.os.Handler.dispatchMessage(Handler.java:99)
04-17 16:42:34.306  1008  2196 E Tethering: 	at android.os.Looper.loopOnce(Looper.java:226)
04-17 16:42:34.306  1008  2196 E Tethering: 	at android.os.Looper.loop(Looper.java:313)
04-17 16:42:34.306  1008  2196 E Tethering: 	at android.os.HandlerThread.run(HandlerThread.java:67)
04-17 16:42:34.307  1008  2196 E Tethering: [BpfCoordinator] ERROR Problem fetching tethering stats
04-17 16:42:35.109   732  1317 I bauth_FPBAuthService: pcf : 0x1012, 0 ,1 ,0 ,0 ,0 ,0, 6.0.0.6
04-17 16:42:35.109   732  1317 I bauth_FPBAuthService: thread id : 1, preenroll_flag : 0, nd cnt : 0, cso : 0, et : 0
04-17 16:42:35.109   732  1317 I bauth_FPBAuthService: FPBAuthService, 11333
04-17 16:42:35.725  1008  1074 I PowerManagerService: [PWL] Off : 73s ago
04-17 16:42:35.737  1330  1330 I wpa_supplicant: Heartbeat 14530
04-17 16:42:35.986   551   603 D BatteryDump: wait_for_battery_event : occurred : change@/devices/platform/battery/power_supply/battery 
04-17 16:42:36.003   551   551 I android.hardware.health@2.1-service-samsung: updateLrpSysfs: write: 269
04-17 16:42:36.006  1008  1186 D BatteryService: Sending ACTION_BATTERY_CHANGED. scale:100, info:{.chargerAcOnline = false, .chargerUsbOnline = true, .chargerWirelessOnline = false, .maxChargingCurrent = 0, .maxChargingVoltage = 0, .batteryStatus = CHARGING, .batteryHealth = GOOD, .batteryPresent = true, .batteryLevel = 87, .batteryVoltage = 4223, .batteryTemperature = 281, .batteryCurrent = 607, .batteryCycleCount = 0, .batteryFullCharge = 3300000, .batteryChargeCounter = 2847510, .batteryTechnology = Li-ion}
04-17 16:42:36.006  1008  1186 D BatteryService: online:19, current avg:620, charge type:1, POGO powered:false, power sharing:false, high voltage charger:false, charger_type:0, capacity:280000, misc_event:0x20000, current_event:0x8000, current_now:607
04-17 16:42:36.008  1008  1170 D MotionRecognitionService: [SAR]  onReceive : ACTION_BATTERY_CHANGED, Plugged: 2
04-17 16:42:36.008  1008  1170 I MotionRecognitionService: [TA] In/out: true, curr state: 1
04-17 16:42:36.009  1376  1376 D SemBigDataInfoController: Intent : android.intent.action.BATTERY_CHANGED
04-17 16:42:36.010  1376  1376 D SemBigDataInfoController: Intent : android.intent.action.BATTERY_CHANGED
04-17 16:42:36.011  1459  1459 I PowerUI : mBootCompleted = true |  mFullyConnected = true
04-17 16:42:36.011  1459  1459 I PowerUI : BATTERY_HEALTH_CHECK extraHealth=2 mBatteryMiscEvent=131072
04-17 16:42:36.011  1459  1459 D PowerUI : priorPlugType = 2 mPlugType = 2 priorBatteryStatus = 2 mBatteryStatus = 2
04-17 16:42:36.011  1459  1459 I PowerUI : oldMisalign : false, curMisalign : false
04-17 16:42:36.012  1008  1008 E PocketModeEvent: PocketModeSetting is off 
04-17 16:42:36.012  1008  1008 D SemWifiApBroadcastReceiver: Received : android.intent.action.BATTERY_CHANGED
04-17 16:42:36.013  1008  1008 D AdaptiveBrightnessLongtermModelBuilder: Received android.intent.action.BATTERY_CHANGED
04-17 16:42:36.014  1459  1459 D PowerUI.Notification: showChargingNotice oldChargingType : 1 currentChargingType : 1 oldChargingTime : 1808000 mChargingTime : 1800000
04-17 16:42:36.014  1459  1459 D PowerUI.Notification: showChargingNotification()
04-17 16:42:36.014  1008  1059 D BaseRestrictionMgr: Package: com.bereal.ft, userid: 0, hostingType: broadcast is Restricted by policy: 4 caller is: null
04-17 16:42:36.014  1008  1059 W BroadcastQueue: intent:Intent { act=android.intent.action.BATTERY_CHANGED flg=0x60000010 (has extras) } is skipped in RestrictedPackage to ProcessRecord{7f0f975 18475:com.bereal.ft/u0a609}
04-17 16:42:36.017  1459 14045 D PowerUI.Notification: 1. restoreScreenTimeOut - saved_value : :
04-17 16:42:36.017  1459 14045 E PowerUI.Notification: no saved value, so we do nothing !!
04-17 16:42:36.021  1008  1059 D BaseRestrictionMgr: Package: com.whatsapp, userid: 0, hostingType: broadcast is Restricted by policy: 4 caller is: null
04-17 16:42:36.021  1008  1059 W BroadcastQueue: intent:Intent { act=android.intent.action.BATTERY_CHANGED flg=0x60000010 (has extras) } is skipped in RestrictedPackage to ProcessRecord{f88216c 25562:com.whatsapp/u0a663}
04-17 16:42:36.024  1008  3647 D ApplicationPolicy: isStatusBarNotificationAllowedAsUser: packageName = com.android.systemui,userId = 0
04-17 16:42:36.025  1008  3647 D ApplicationPolicy: isStatusBarNotificationAllowedAsUser: packageName = com.android.systemui,userId = -1
04-17 16:42:36.025  1008  3647 D ApplicationPolicy: isStatusBarNotificationAllowedAsUser: converting userId from USER_ALLto 0
04-17 16:42:36.027  1459  1459 D PowerUI : Battery swelling mode - priorBatterySwellingMode = 0 mBatterySwellingMode = 0 mBatteryStatus = 2
04-17 16:42:36.027  1459  1459 I PowerUI : mBatteryMiscEvent = 131072
04-17 16:42:36.027  1459  1459 W Looper  : Slow dispatch took 17ms main h=android.os.Handler c=com.android.systemui.broadcast.ActionReceiver$onReceive$1$1$1@8094daa m=0
04-17 16:42:36.027  1459  1459 D KeyguardUpdateMonitor: received broadcast android.intent.action.BATTERY_CHANGED
04-17 16:42:36.032  1008  3647 D PowerManagerService: [api] acquire WakeLock DRAW_WAKE_LOCK                 'Window:StatusBar' (uid=1000 pid=1008 ws=WorkSource{10053 com.android.systemui} displayId=-1)
04-17 16:42:36.033  1008  3647 D PowerManagerService: displayReady: false groupId=0
04-17 16:42:36.033  1008  1074 D DisplayPowerController[0]: animateScreenStateChange: target=3, mLogicalDisplay.isEnabled()=true
04-17 16:42:36.036  1008  1067 D BatteryExternalStatsWorker: update stats : screen-state (33)
04-17 16:42:36.036  1008  3647 D PowerManagerService: [PWL] sb acquire: PowerManagerService.Display
04-17 16:42:36.039  1459  1459 W Looper  : Slow dispatch took 12ms main h=android.app.ActivityThread$H c=com.android.systemui.broadcast.ActionReceiver$onReceive$1$1$1@d1c0d9b m=0
04-17 16:42:36.039  1459  1459 W Looper  : Slow delivery took 29ms main h=android.app.ActivityThread$H c=com.android.systemui.broadcast.ActionReceiver$onReceive$1$1$1@1f93538 m=0
04-17 16:42:36.039  1459  1459 I AODBatteryManager: updateBatteryData: ACTION_BATTERY_CHANGED
04-17 16:42:36.040  1008  1074 D DisplayPowerController[0]: getFinalBrightness : Summary is  94 (0.37) ->  94 (0.37)
04-17 16:42:36.041  1008  1313 D DisplayManagerService: !@display_state requestDisplayStateInternal: DOZE_SUSPEND -> DOZE displayId=0
04-17 16:42:36.042  1008  1313 D LocalDisplayAdapter: !@ display_state: DOZE_SUSPEND -> DOZE (id:0)
04-17 16:42:36.042  1008  1050 I DisplayDeviceRepository: Display device changed state: "Ecran încorporat", DOZE
04-17 16:42:36.044   586   586 D SurfaceFlinger: Setting power mode 1 on display 0
04-17 16:42:36.044   550   550 D display : setPowerMode:: FBIOBLANK mode(1), blank(0)
04-17 16:42:36.045   550   550 D display : setPowerDoze, Doze request done
04-17 16:42:36.045   550   550 I display : [compareVsyncPeriod] set the lowest(mode:0) vsync 333 of display(0)
04-17 16:42:36.045   550   550 I display : Set m2mMPP capacity(8) for fps(60)
04-17 16:42:36.045   550   550 I display : [compareVsyncPeriod] set the lowest(mode:0) vsync 333 of display(0)
04-17 16:42:36.045   550   550 I display : Set m2mMPP capacity(8) for fps(60)
04-17 16:42:36.046   586   586 D SurfaceFlinger: Finished setting power mode 1 on display 0
04-17 16:42:36.047  1008  1313 D PowerManagerUtil: !@ display_state: DOZE:: took 5 ms
04-17 16:42:36.047  1008  1313 D DisplayPowerController[0]: setActualDisplayState: DOZE_SUSPEND -> DOZE
04-17 16:42:36.047  1008  1074 D DisplayPowerController[0]: animateScreenStateChange: target=3, mLogicalDisplay.isEnabled()=true
04-17 16:42:36.048  1008  1074 D DisplayPowerController[0]: getFinalBrightness : Summary is  94 (0.37) ->  94 (0.37)
04-17 16:42:36.048  1008  1074 D DisplayPowerController[0]: animateScreenStateChange: target=3, mLogicalDisplay.isEnabled()=true
04-17 16:42:36.049  1008  1074 D DisplayPowerController[0]: getFinalBrightness : Summary is  94 (0.37) ->  94 (0.37)
04-17 16:42:36.049  1008  1074 D PowerManagerService: displayReady: true groupId=0
04-17 16:42:36.049  1008  1074 D PowerManagerService: [PWL] sb release: PowerManagerService.Display
04-17 16:42:36.051  1008  1008 D SGM:GameManager: onDisplayChanged. displyId: 0, state: 3
04-17 16:42:36.051  1008  1008 D BrightnessSynchronizer: onDisplayChanged() : displayId=0
04-17 16:42:36.051  1008  1192 D SGM:GameManager: onLooperPrepared(), msg: MSG_LCD_OFF
04-17 16:42:36.051  1008  1008 D BrightnessSynchronizer: updateScreenBrightness: type=2 mPreferredSettingValue=0.44705883(114) currentBrightnessInt=114 currentBrightnessIntFromFloat=114(0.44705883)
04-17 16:42:36.056  1008  2551 W NetlinkSocket: maximum read
04-17 16:42:36.057  1008  2551 W NetlinkSocket: maximum read
04-17 16:42:36.057  1008  2551 W NetlinkSocket: maximum read
04-17 16:42:36.061 27071 27071 I BSS_SysUiClient: handleDisplayChanged: 3
04-17 16:42:36.061 27071 27071 I BSS_SysUiWindow.S.I: handleScreenEvent : false, false, false, false
04-17 16:42:36.067 17182 17182 I NearbyDiscovery: (REDACTED) FastPairDisplayObserver: %s -> %s
04-17 16:42:36.073  1008  1067 E system_server: Cannot read thread CPU times for PID 1008
04-17 16:42:36.073  1008  1067 D BatteryExternalStatsWorker: done updateExternalStatsLocked
04-17 16:42:36.075  1459  1459 I AODBatteryManager: saveBatteryData : AOD BatteryData [mBatteryLevel=87, mBatteryStatus=CHARGING, mBatteryPlugType=USB, mBatteryPlugged=true, mRemainingChargeTime=1800000, mBatteryChargingType=1, mBatteryChargerType=NORMAL, mBatteryOnline=NOT_DEFINED, mBatterySwellingMode=NONE, mBatteryProtectMode=false]
04-17 16:42:36.075  1459  1459 I ChargingInfoManager: updateChargingInfo: newState = AOD ChargingInfo [mState=BATTERY_AND_REMAIN_TIME, mIsCharging=true, mIsFullyCharged=false, mIsBatteryProtectMode=false], oldState = AOD ChargingInfo [mState=BATTERY_AND_REMAIN_TIME, mIsCharging=true, mIsFullyCharged=false, mIsBatteryProtectMode=false]
04-17 16:42:36.075  1459  1459 W Looper  : Slow dispatch took 36ms main h=android.app.ActivityThread$H c=android.app.LoadedApk$ReceiverDispatcher$Args$$ExternalSyntheticLambda0@6a2e911 m=0
04-17 16:42:36.075  1459  1459 I AODBatteryManager: updateBatteryData: ACTION_BATTERY_CHANGED
04-17 16:42:36.077  1459  1459 I AODBatteryManager: saveBatteryData : AOD BatteryData [mBatteryLevel=87, mBatteryStatus=CHARGING, mBatteryPlugType=USB, mBatteryPlugged=true, mRemainingChargeTime=1800000, mBatteryChargingType=1, mBatteryChargerType=NORMAL, mBatteryOnline=NOT_DEFINED, mBatterySwellingMode=NONE, mBatteryProtectMode=false]
04-17 16:42:36.078  1459  1459 D KeyguardUpdateMonitor: handleBatteryUpdate
04-17 16:42:36.081  1459  1459 D KeyguardSecIndicationPolicy:  add T Event pos = DEFAULT, type =              BATTERY, id =  2410, text = Încărcare: 87%
04-17 16:42:36.081  1459  1459 D KeyguardSecIndicationPolicy: 30 m până la încărcarea completă, duration = 3000
04-17 16:42:36.081  1459  1459 D KeyguardSecIndicationPolicy:   update top pos = DEFAULT, item = [id=2409|ty=BATTERY_RESTING|pr=20|txt=Încărcare: 87%
04-17 16:42:36.081  1459  1459 D KeyguardSecIndicationPolicy: 30 m până la încărcarea completă|ti=duration=PERSISTENT|an=false] -> [id=2410|ty=BATTERY|pr=40|txt=Încărcare: 87%
04-17 16:42:36.081  1459  1459 D KeyguardSecIndicationPolicy: 30 m până la încărcarea completă|ti=duration=3000|an=false]
04-17 16:42:36.081  1459  1459 D KeyguardSecIndicationController: onIndicationChanged() return - keyguard is not visible, pos = DEFAULT, item = [id=2410|ty=BATTERY|pr=40|txt=Încărcare: 87%
04-17 16:42:36.081  1459  1459 D KeyguardSecIndicationController: 30 m până la încărcarea completă|ti=duration=3000|an=false]
04-17 16:42:36.082  1459  1459 D KeyguardSecIndicationPolicy: update Event pos = DEFAULT, type =      BATTERY_RESTING, id =  2411, text = Încărcare: 87%
04-17 16:42:36.082  1459  1459 D KeyguardSecIndicationPolicy: 30 m până la încărcarea completă
04-17 16:42:36.082  1459  1459 D KeyguardSecIndicationController: addBatteryIndication() status = BatteryStatus{status=2,level=87,plugged=2,health=2,maxChargingWattage=-1,remaining=1800000ultraFastCharger=0}
04-17 16:42:36.082  1008  3647 D PowerManagerService: [api] acquire WakeLock DRAW_WAKE_LOCK                 'Window:NotificationShade' (uid=1000 pid=1008 ws=WorkSource{10053 com.android.systemui} displayId=-1)
04-17 16:42:36.086  1459  1459 D QS      : setQSExpansion 0.0 -600.0
04-17 16:42:36.086  1459  1459 D IndicatorGardenInputProperty: updateRotation() prv:-1 >> new:0
04-17 16:42:36.086  1459  1459 D DeviceState: getDeviceResolutionPixelSize - currentDensity = 480 deviceDensity = 480 initialDisplaySizeFactor = 1440 currentDisplaySizeFactor = 1080 initialDisplayDensity = 560 proportionalDensity = 420 proportionalPixel = 66
04-17 16:42:36.086  1459  1459 D DeviceState: getDeviceResolutionPixelSize - currentDensity = 480 deviceDensity = 480 initialDisplaySizeFactor = 1440 currentDisplaySizeFactor = 1080 initialDisplayDensity = 560 proportionalDensity = 420 proportionalPixel = 27
04-17 16:42:36.086  1459  1459 D DeviceState: getDeviceResolutionPixelSize - currentDensity = 480 deviceDensity = 480 initialDisplaySizeFactor = 1440 currentDisplaySizeFactor = 1080 initialDisplayDensity = 560 proportionalDensity = 420 proportionalPixel = 24
04-17 16:42:36.090  1459  1459 D QS      : setQSExpansion 0.0 -600.0
04-17 16:42:36.090  1459  1459 V SecQSFragmentAnimatorBase: setQsExpansionPosition 0.0
04-17 16:42:36.090  1459  1459 V QsExpandAnimator: setQsExpansionPosition 0.0 1
04-17 16:42:36.091  1459  1459 D QS      : setQSExpansion 0.0 -600.0
04-17 16:42:36.096  1459  1459 D IndicatorGardenInputProperty: updateRotation() prv:-1 >> new:0
04-17 16:42:36.097  1459  1459 D DeviceState: getDeviceResolutionPixelSize - currentDensity = 480 deviceDensity = 480 initialDisplaySizeFactor = 1440 currentDisplaySizeFactor = 1080 initialDisplayDensity = 560 proportionalDensity = 420 proportionalPixel = 66
04-17 16:42:36.097  1459  1459 D DeviceState: getDeviceResolutionPixelSize - currentDensity = 480 deviceDensity = 480 initialDisplaySizeFactor = 1440 currentDisplaySizeFactor = 1080 initialDisplayDensity = 560 proportionalDensity = 420 proportionalPixel = 27
04-17 16:42:36.097  1459  1459 D DeviceState: getDeviceResolutionPixelSize - currentDensity = 480 deviceDensity = 480 initialDisplaySizeFactor = 1440 currentDisplaySizeFactor = 1080 initialDisplayDensity = 560 proportionalDensity = 420 proportionalPixel = 24
04-17 16:42:36.097  1459  1459 W Looper  : Slow dispatch took 15ms main h=android.view.Choreographer$FrameHandler c=android.view.Choreographer$FrameDisplayEventReceiver@41f723b m=0
04-17 16:42:36.098  1459  1459 D DisplayLifecycle: updateDisplay id = 0
04-17 16:42:36.099  1459  1459 I AODTriggers: onAODEventDispatched = 4 / eventData = com.samsung.android.app.aodservice.controller.configuration.AODConfigurationController$EventData@ba3e877
04-17 16:42:36.099  1459  1459 I AOD_LIVE_CLOCK@LiveClockController: updateDisplayState: DISPLAY_STATE_DOZE
04-17 16:42:36.099  1459  1459 I ChargingInfoView: handleMessage: MSG_SHOW_CHARGING_INFO
04-17 16:42:36.099  1459  1459 I BottomChargingInfoView: updateContents: BATTERY_AND_REMAIN_TIME
04-17 16:42:36.099  1459  1459 I AOD_WAKELOCK@WakeLockManager: acquireIfExists: tag - charging_info, timeout - 1000, reason - Charging Info is showing, delay by 500, wakeLock = WakeLock{a1fedae held=false, refCount=0}
04-17 16:42:36.100  1008  3647 D PowerManagerService: [api] acquire WakeLock DRAW_WAKE_LOCK                 'charging_info' (uid=10053 pid=1459 displayId=-1)
04-17 16:42:36.102  1459  1459 I ChargingInfoManager: getDeviceRemainingTime: 30 m până la încărcarea completă
04-17 16:42:36.103  1008  3647 D PowerManagerService: [api] acquire WakeLock DRAW_WAKE_LOCK                 'Window:NotificationShade' ACQ=-19ms (uid=1000 pid=1008 ws=WorkSource{10053 com.android.systemui} displayId=-1)
04-17 16:42:36.104  1459  1459 I AbsChargingInfoComponent: setVisibilityWithAnim: skipped true
04-17 16:42:36.105  1008  3647 D PowerManagerService: [api] acquire WakeLock DRAW_WAKE_LOCK                 'Window:NotificationShade' ACQ=-21ms (uid=1000 pid=1008 ws=WorkSource{10053 com.android.systemui} displayId=-1)
04-17 16:42:36.108  1459  1459 D QS      : setQSExpansion 0.0 -600.0
04-17 16:42:36.109   732  1317 I bauth_FPBAuthService: pcf : 0x1012, 0 ,1 ,0 ,0 ,0 ,0, 6.0.0.6
04-17 16:42:36.109   732  1317 I bauth_FPBAuthService: thread id : 1, preenroll_flag : 0, nd cnt : 0, cso : 0, et : 0
04-17 16:42:36.109   732  1317 I bauth_FPBAuthService: FPBAuthService, 11333
04-17 16:42:36.110  1459  1459 D QS      : setQSExpansion 0.0 -600.0
04-17 16:42:36.112  1459  1459 W Looper  : Drained
04-17 16:42:36.242  1008  1008 D PowerManagerService: [api] release WakeLock DRAW_WAKE_LOCK                 'Window:StatusBar' ACQ=-204ms (uid=1000 pid=1008 ws=WorkSource{10053 com.android.systemui} displayId=-1)
04-17 16:42:36.246  1956  1956 I Launcher.NotificationListener: onNotificationPosted : com.android.systemui number : 0
04-17 16:42:36.247  8649  8649 I Edge.badge: updateBadge item = com.android.systemui:-1 1
04-17 16:42:36.256  1459  1459 D InterruptionStateProvider: No bubble up: not allowed to bubble: -1|com.android.systemui|2131428820|charging_state|10053
04-17 16:42:36.258  1459  1459 D InterruptionStateProvider:  no Heads up : edgelighting enabled app. -1|com.android.systemui|2131428820|charging_state|10053
04-17 16:42:36.277  1459  1459 W Looper  : Slow dispatch took 30ms main h=android.os.Handler c=com.android.systemui.statusbar.NotificationListener$$ExternalSyntheticLambda1@d3c054d m=0
04-17 16:42:36.277  1459  1577 D PeopleSpaceWidgetMgr: Sbn doesn't contain valid PeopleTileKey: null/-1/com.android.systemui
04-17 16:42:36.287  1459  1459 D QS      : setQSExpansion 0.0 -600.0
04-17 16:42:36.289  1459  1459 D QS      : setQSExpansion 0.0 -600.0
04-17 16:42:36.292  1459  1459 W Looper  : Slow dispatch took 13ms main h=android.view.Choreographer$FrameHandler c=android.view.Choreographer$FrameDisplayEventReceiver@41f723b m=0
04-17 16:42:36.293  1459  1459 W Looper  : Slow delivery took 26ms main h=com.android.systemui.statusbar.notification.row.NotifBindPipeline$NotifBindPipelineHandler c=null m=1
04-17 16:42:36.306  1008  1008 D PowerManagerService: [api] release WakeLock DRAW_WAKE_LOCK                 'Window:NotificationShade' ACQ=-222ms (uid=1000 pid=1008 ws=WorkSource{10053 com.android.systemui} displayId=-1)
04-17 16:42:36.314  1459  1459 D PluginAODManager: onNotificationInfoUpdated() 0|com.wssyncmldm|3|null|1000
04-17 16:42:36.314  1459  1459 D PluginAODManager: onNotificationInfoUpdated() 0|com.google.android.gms|2147483647|ranker_group|10092|ranker_group
04-17 16:42:36.314  1459  1459 D PluginAODManager: onNotificationInfoUpdated() 0|com.samsung.android.forest|104|null|1000
04-17 16:42:36.314  1459  1459 D PluginAODManager: onNotificationInfoUpdated() 0|com.google.android.gm|0|gig:1685183163:^sq_ig_i_personal|10239
04-17 16:42:36.315  1459  1459 D PluginAODManager: onNotificationInfoUpdated() 0|com.google.android.gm|0|gig:68833126:^sq_ig_i_personal|10239
04-17 16:42:36.315  1459  1459 D PluginAODManager: onNotificationInfoUpdated() 0|com.google.android.permissioncontroller|1|HibernationJobService|10096
04-17 16:42:36.315  1459  1459 I AODNotificationManager: updateVisibleNotifications: 6
04-17 16:42:36.315  1459  1459 W Looper  : Slow dispatch took 22ms main h=com.android.systemui.statusbar.LockscreenNotificationManager$LockscreenNotificationMgrHandler c=null m=101
04-17 16:42:36.318  1459  1459 D QS      : setQSExpansion 0.0 -600.0
