04-17 16:42:14.288  1008  2196 E Tethering: 	at com.android.networkstack.tethering.BpfCoordinator.lambda$new$0(BpfCoordinator.java:249)
04-17 16:42:14.288  1008  2196 E Tethering: 	at com.android.networkstack.tethering.BpfCoordinator.$r8$lambda$11zi2so53-tPlRpKnlSkWOpxReo(Unknown Source:0)
04-17 16:42:14.288  1008  2196 E Tethering: 	at com.android.networkstack.tethering.BpfCoordinator$$ExternalSyntheticLambda0.run(Unknown Source:2)
04-17 16:42:14.288  1008  2196 E Tethering: 	at android.os.Handler.handleCallback(Handler.java:938)
04-17 16:42:14.288  1008  2196 E Tethering: 	at android.os.Handler.dispatchMessage(Handler.java:99)
04-17 16:42:14.288  1008  2196 E Tethering: 	at android.os.Looper.loopOnce(Looper.java:226)
04-17 16:42:14.288  1008  2196 E Tethering: 	at android.os.Looper.loop(Looper.java:313)
04-17 16:42:14.288  1008  2196 E Tethering: 	at android.os.HandlerThread.run(HandlerThread.java:67)
04-17 16:42:14.289  1008  2196 E Tethering: [BpfCoordinator] ERROR Problem fetching tethering stats
04-17 16:42:14.621   456   456 D io_stats: !@   8,0 r 3076222 111434672 w 2495249 110413680 d 0 0 f 0 0 iot 2050732 0 th 0 0 0 pt 0 inp 0 0 144793.236
04-17 16:42:15.091   732  1317 I bauth_FPBAuthService: pcf : 0x1012, 0 ,1 ,0 ,0 ,0 ,0, 6.0.0.6
04-17 16:42:15.091   732  1317 I bauth_FPBAuthService: thread id : 1, preenroll_flag : 0, nd cnt : 0, cso : 0, et : 0
04-17 16:42:15.091   732  1317 I bauth_FPBAuthService: FPBAuthService, 11333
04-17 16:42:15.582   551   603 D BatteryDump: wait_for_battery_event : occurred : change@/devices/platform/battery/power_supply/battery 
04-17 16:42:15.599   551   551 I android.hardware.health@2.1-service-samsung: updateLrpSysfs: write: 272
04-17 16:42:15.601  1008  3459 D BatteryService: Sending ACTION_BATTERY_CHANGED. scale:100, info:{.chargerAcOnline = false, .chargerUsbOnline = true, .chargerWirelessOnline = false, .maxChargingCurrent = 0, .maxChargingVoltage = 0, .batteryStatus = CHARGING, .batteryHealth = GOOD, .batteryPresent = true, .batteryLevel = 86, .batteryVoltage = 4225, .batteryTemperature = 282, .batteryCurrent = 629, .batteryCycleCount = 0, .batteryFullCharge = 3300000, .batteryChargeCounter = 2844237, .batteryTechnology = Li-ion}
04-17 16:42:15.601  1008  3459 D BatteryService: online:19, current avg:632, charge type:1, POGO powered:false, power sharing:false, high voltage charger:false, charger_type:0, capacity:280000, misc_event:0x20000, current_event:0x8000, current_now:629
04-17 16:42:15.604  1008  1008 E PocketModeEvent: PocketModeSetting is off 
04-17 16:42:15.605  1008  1008 D SemWifiApBroadcastReceiver: Received : android.intent.action.BATTERY_CHANGED
04-17 16:42:15.605  1008  1008 D AdaptiveBrightnessLongtermModelBuilder: Received android.intent.action.BATTERY_CHANGED
04-17 16:42:15.607  1008  1170 D MotionRecognitionService: [SAR]  onReceive : ACTION_BATTERY_CHANGED, Plugged: 2
04-17 16:42:15.607  1008  1170 I MotionRecognitionService: [TA] In/out: true, curr state: 1
04-17 16:42:15.609  1008  1059 D BaseRestrictionMgr: Package: com.bereal.ft, userid: 0, hostingType: broadcast is Restricted by policy: 4 caller is: null
04-17 16:42:15.609  1008  1059 W BroadcastQueue: intent:Intent { act=android.intent.action.BATTERY_CHANGED flg=0x60000010 (has extras) } is skipped in RestrictedPackage to ProcessRecord{7f0f975 18475:com.bereal.ft/u0a609}
04-17 16:42:15.610  1459  1459 I PowerUI : mBootCompleted = true |  mFullyConnected = true
04-17 16:42:15.610  1459  1459 I PowerUI : BATTERY_HEALTH_CHECK extraHealth=2 mBatteryMiscEvent=131072
04-17 16:42:15.610  1459  1459 D PowerUI : priorPlugType = 2 mPlugType = 2 priorBatteryStatus = 2 mBatteryStatus = 2
04-17 16:42:15.610  1459  1459 I PowerUI : oldMisalign : false, curMisalign : false
04-17 16:42:15.611  1376  1376 D SemBigDataInfoController: Intent : android.intent.action.BATTERY_CHANGED
04-17 16:42:15.612  1376  1376 D SemBigDataInfoController: Intent : android.intent.action.BATTERY_CHANGED
04-17 16:42:15.613  1459  1459 D PowerUI.Notification: showChargingNotice oldChargingType : 1 currentChargingType : 1 oldChargingTime : 1816000 mChargingTime : 1816000
04-17 16:42:15.613  1459  1459 D PowerUI.Notification: There is no change about charging status, so return!
04-17 16:42:15.613  1459  1459 D PowerUI : Battery swelling mode - priorBatterySwellingMode = 0 mBatterySwellingMode = 0 mBatteryStatus = 2
04-17 16:42:15.613  1459  1459 I PowerUI : mBatteryMiscEvent = 131072
04-17 16:42:15.613  1459  1459 D KeyguardUpdateMonitor: received broadcast android.intent.action.BATTERY_CHANGED
04-17 16:42:15.622  1459  6794 D PowerUI.Notification: 1. restoreScreenTimeOut - saved_value : :
04-17 16:42:15.622  1459  6794 E PowerUI.Notification: no saved value, so we do nothing !!
04-17 16:42:15.624  1008  2781 D PowerManagerService: [api] acquire WakeLock DRAW_WAKE_LOCK                 'Window:StatusBar' (uid=1000 pid=1008 ws=WorkSource{10053 com.android.systemui} displayId=-1)
04-17 16:42:15.624  1008  2781 D PowerManagerService: displayReady: false groupId=0
04-17 16:42:15.624  1008  1074 D DisplayPowerController[0]: animateScreenStateChange: target=3, mLogicalDisplay.isEnabled()=true
04-17 16:42:15.627  1008  1074 D DisplayPowerController[0]: getFinalBrightness : Summary is  94 (0.37) ->  94 (0.37)
04-17 16:42:15.627  1008  2781 D PowerManagerService: [PWL] sb acquire: PowerManagerService.Display
04-17 16:42:15.628  1008  1067 D BatteryExternalStatsWorker: update stats : screen-state (33)
04-17 16:42:15.631  1459  1459 W Looper  : Slow dispatch took 17ms main h=android.app.ActivityThread$H c=com.android.systemui.broadcast.ActionReceiver$onReceive$1$1$1@c76b792 m=0
04-17 16:42:15.631  1008  1313 D DisplayManagerService: !@display_state requestDisplayStateInternal: DOZE_SUSPEND -> DOZE displayId=0
04-17 16:42:15.631  1459  1459 W Looper  : Slow delivery took 24ms main h=android.app.ActivityThread$H c=com.android.systemui.broadcast.ActionReceiver$onReceive$1$1$1@766d563 m=0
04-17 16:42:15.631  1459  1459 I AODBatteryManager: updateBatteryData: ACTION_BATTERY_CHANGED
04-17 16:42:15.631  1008  1313 D LocalDisplayAdapter: !@ display_state: DOZE_SUSPEND -> DOZE (id:0)
04-17 16:42:15.632   586   586 D SurfaceFlinger: Setting power mode 1 on display 0
04-17 16:42:15.632   550   550 D display : setPowerMode:: FBIOBLANK mode(1), blank(0)
04-17 16:42:15.632  1008  1050 I DisplayDeviceRepository: Display device changed state: "Ecran încorporat", DOZE
04-17 16:42:15.634   550   550 D display : setPowerDoze, Doze request done
04-17 16:42:15.634   550   550 I display : [compareVsyncPeriod] set the lowest(mode:0) vsync 333 of display(0)
04-17 16:42:15.634   550   550 I display : Set m2mMPP capacity(8) for fps(60)
04-17 16:42:15.634   550   550 I display : [compareVsyncPeriod] set the lowest(mode:0) vsync 333 of display(0)
04-17 16:42:15.634   550   550 I display : Set m2mMPP capacity(8) for fps(60)
04-17 16:42:15.635   586   586 D SurfaceFlinger: Finished setting power mode 1 on display 0
04-17 16:42:15.636  1008  1313 D PowerManagerUtil: !@ display_state: DOZE:: took 5 ms
04-17 16:42:15.636  1008  1313 D DisplayPowerController[0]: setActualDisplayState: DOZE_SUSPEND -> DOZE
04-17 16:42:15.636  1008  1074 D DisplayPowerController[0]: animateScreenStateChange: target=3, mLogicalDisplay.isEnabled()=true
04-17 16:42:15.637  1008  1074 D DisplayPowerController[0]: getFinalBrightness : Summary is  94 (0.37) ->  94 (0.37)
04-17 16:42:15.638  1008  1074 D DisplayPowerController[0]: animateScreenStateChange: target=3, mLogicalDisplay.isEnabled()=true
04-17 16:42:15.638  1008  1074 D DisplayPowerController[0]: getFinalBrightness : Summary is  94 (0.37) ->  94 (0.37)
04-17 16:42:15.638  1008  1074 D PowerManagerService: displayReady: true groupId=0
04-17 16:42:15.639  1008  1074 D PowerManagerService: [PWL] sb release: PowerManagerService.Display
04-17 16:42:15.639  1008  1008 D SGM:GameManager: onDisplayChanged. displyId: 0, state: 3
04-17 16:42:15.640  1008  1008 D BrightnessSynchronizer: onDisplayChanged() : displayId=0
04-17 16:42:15.640  1008  1008 D BrightnessSynchronizer: updateScreenBrightness: type=2 mPreferredSettingValue=0.44705883(114) currentBrightnessInt=114 currentBrightnessIntFromFloat=114(0.44705883)
04-17 16:42:15.641  1008  2551 W NetlinkSocket: maximum read
04-17 16:42:15.642  1008  2551 W NetlinkSocket: maximum read
04-17 16:42:15.642  1008  1192 D SGM:GameManager: onLooperPrepared(), msg: MSG_LCD_OFF
04-17 16:42:15.652 27071 27071 I BSS_SysUiClient: handleDisplayChanged: 3
04-17 16:42:15.652 27071 27071 I BSS_SysUiWindow.S.I: handleScreenEvent : false, false, false, false
04-17 16:42:15.657 17182 17182 I NearbyDiscovery: (REDACTED) FastPairDisplayObserver: %s -> %s
04-17 16:42:15.663  1008  1067 E system_server: Cannot read thread CPU times for PID 1008
04-17 16:42:15.663  1008  1067 D BatteryExternalStatsWorker: done updateExternalStatsLocked
04-17 16:42:15.665  1459  1459 I AODBatteryManager: saveBatteryData : AOD BatteryData [mBatteryLevel=86, mBatteryStatus=CHARGING, mBatteryPlugType=USB, mBatteryPlugged=true, mRemainingChargeTime=1816000, mBatteryChargingType=1, mBatteryChargerType=NORMAL, mBatteryOnline=NOT_DEFINED, mBatterySwellingMode=NONE, mBatteryProtectMode=false]
04-17 16:42:15.665  1459  1459 W Looper  : Slow dispatch took 34ms main h=android.app.ActivityThread$H c=android.app.LoadedApk$ReceiverDispatcher$Args$$ExternalSyntheticLambda0@95f3560 m=0
04-17 16:42:15.665  1459  1459 D KeyguardUpdateMonitor: handleBatteryUpdate
04-17 16:42:15.670  1459  1459 D QS      : setQSExpansion 0.0 -600.0
04-17 16:42:15.670  1459  1459 D IndicatorGardenInputProperty: updateRotation() prv:-1 >> new:0
04-17 16:42:15.670  1459  1459 D DeviceState: getDeviceResolutionPixelSize - currentDensity = 480 deviceDensity = 480 initialDisplaySizeFactor = 1440 currentDisplaySizeFactor = 1080 initialDisplayDensity = 560 proportionalDensity = 420 proportionalPixel = 66
04-17 16:42:15.670  1459  1459 D DeviceState: getDeviceResolutionPixelSize - currentDensity = 480 deviceDensity = 480 initialDisplaySizeFactor = 1440 currentDisplaySizeFactor = 1080 initialDisplayDensity = 560 proportionalDensity = 420 proportionalPixel = 27
04-17 16:42:15.670  1459  1459 D DeviceState: getDeviceResolutionPixelSize - currentDensity = 480 deviceDensity = 480 initialDisplaySizeFactor = 1440 currentDisplaySizeFactor = 1080 initialDisplayDensity = 560 proportionalDensity = 420 proportionalPixel = 24
04-17 16:42:15.674  1459  1459 D QS      : setQSExpansion 0.0 -600.0
04-17 16:42:15.674  1459  1459 V SecQSFragmentAnimatorBase: setQsExpansionPosition 0.0
04-17 16:42:15.674  1459  1459 V QsExpandAnimator: setQsExpansionPosition 0.0 1
04-17 16:42:15.677  1459  1459 D QS      : setQSExpansion 0.0 -600.0
04-17 16:42:15.680  1459  1459 D IndicatorGardenInputProperty: updateRotation() prv:-1 >> new:0
04-17 16:42:15.680  1459  1459 D DeviceState: getDeviceResolutionPixelSize - currentDensity = 480 deviceDensity = 480 initialDisplaySizeFactor = 1440 currentDisplaySizeFactor = 1080 initialDisplayDensity = 560 proportionalDensity = 420 proportionalPixel = 66
04-17 16:42:15.680  1459  1459 D DeviceState: getDeviceResolutionPixelSize - currentDensity = 480 deviceDensity = 480 initialDisplaySizeFactor = 1440 currentDisplaySizeFactor = 1080 initialDisplayDensity = 560 proportionalDensity = 420 proportionalPixel = 27
04-17 16:42:15.680  1459  1459 D DeviceState: getDeviceResolutionPixelSize - currentDensity = 480 deviceDensity = 480 initialDisplaySizeFactor = 1440 currentDisplaySizeFactor = 1080 initialDisplayDensity = 560 proportionalDensity = 420 proportionalPixel = 24
04-17 16:42:15.681  1459  1459 W Looper  : Slow dispatch took 14ms main h=android.view.Choreographer$FrameHandler c=android.view.Choreographer$FrameDisplayEventReceiver@41f723b m=0
04-17 16:42:15.681  1459  1459 I AODBatteryManager: updateBatteryData: ACTION_BATTERY_CHANGED
04-17 16:42:15.682  1459  1459 I AODBatteryManager: saveBatteryData : AOD BatteryData [mBatteryLevel=86, mBatteryStatus=CHARGING, mBatteryPlugType=USB, mBatteryPlugged=true, mRemainingChargeTime=1816000, mBatteryChargingType=1, mBatteryChargerType=NORMAL, mBatteryOnline=NOT_DEFINED, mBatterySwellingMode=NONE, mBatteryProtectMode=false]
04-17 16:42:15.683  1459  1459 D DisplayLifecycle: updateDisplay id = 0
04-17 16:42:15.684  1459  1459 I AODTriggers: onAODEventDispatched = 4 / eventData = com.samsung.android.app.aodservice.controller.configuration.AODConfigurationController$EventData@8c4bade
04-17 16:42:15.684  1459  1459 I AOD_LIVE_CLOCK@LiveClockController: updateDisplayState: DISPLAY_STATE_DOZE
04-17 16:42:15.684  1459  1459 W Looper  : Drained
04-17 16:42:15.724  1330  1330 I wpa_supplicant: Heartbeat 14528
04-17 16:42:15.830  1008  1008 D PowerManagerService: [api] release WakeLock DRAW_WAKE_LOCK                 'Window:StatusBar' ACQ=-201ms (uid=1000 pid=1008 ws=WorkSource{10053 com.android.systemui} displayId=-1)
04-17 16:42:15.831  1008  1008 D PowerManagerService: displayReady: false groupId=0
04-17 16:42:15.831  1008  1074 D DisplayPowerController[0]: animateScreenStateChange: target=4, mLogicalDisplay.isEnabled()=true
04-17 16:42:15.834  1008  1074 D DisplayPowerController[0]: getFinalBrightness : Summary is  94 (0.37) ->  94 (0.37)
04-17 16:42:15.834  1008  1074 D PowerManagerService: [PWL] sb acquire: PowerManagerService.Display
04-17 16:42:15.836  1008  1067 D BatteryExternalStatsWorker: update stats : screen-state (33)
04-17 16:42:15.836  1008  1313 D DisplayManagerService: !@display_state requestDisplayStateInternal: DOZE -> DOZE_SUSPEND displayId=0
04-17 16:42:15.836  1008  1313 D LocalDisplayAdapter: !@ display_state: DOZE -> DOZE_SUSPEND (id:0)
04-17 16:42:15.837  1008  1050 I DisplayDeviceRepository: Display device changed state: "Ecran încorporat", DOZE_SUSPEND
04-17 16:42:15.837   586   586 D SurfaceFlinger: Setting power mode 3 on display 0
04-17 16:42:15.838  1008  1067 E system_server: Cannot read thread CPU times for PID 1008
04-17 16:42:15.838  1008  1067 D BatteryExternalStatsWorker: done updateExternalStatsLocked
04-17 16:42:15.838   550   550 D display : setPowerMode:: FBIOBLANK mode(3), blank(0)
04-17 16:42:15.838   550   550 D display : setPowerDoze, Doze request done
04-17 16:42:15.838   550   550 I display : Set m2mMPP capacity(8) for fps(60)
04-17 16:42:15.838   550   550 I display : Set m2mMPP capacity(8) for fps(60)
04-17 16:42:15.838   586   586 D SurfaceFlinger: Finished setting power mode 3 on display 0
04-17 16:42:15.839  1008  1313 D PowerManagerUtil: !@ display_state: DOZE_SUSPEND:: took 3 ms
04-17 16:42:15.840  1008  1313 D DisplayPowerController[0]: setActualDisplayState: DOZE -> DOZE_SUSPEND
04-17 16:42:15.840  1008  1074 D DisplayPowerController[0]: animateScreenStateChange: target=4, mLogicalDisplay.isEnabled()=true
04-17 16:42:15.841  1008  1074 D DisplayPowerController[0]: getFinalBrightness : Summary is  94 (0.37) ->  94 (0.37)
04-17 16:42:15.841  1008  1074 D DisplayPowerController[0]: animateScreenStateChange: target=4, mLogicalDisplay.isEnabled()=true
04-17 16:42:15.841  1008  1074 D DisplayPowerController[0]: getFinalBrightness : Summary is  94 (0.37) ->  94 (0.37)
04-17 16:42:15.841  1008  1074 D PowerManagerService: displayReady: true groupId=0
04-17 16:42:15.842  1008  1074 D PowerManagerService: [PWL] sb release: PowerManagerService.Display
04-17 16:42:15.843  1008  1008 D SGM:GameManager: onDisplayChanged. displyId: 0, state: 4
04-17 16:42:15.843  1008  2551 W NetlinkSocket: maximum read
04-17 16:42:15.843  1008  1008 D BrightnessSynchronizer: onDisplayChanged() : displayId=0
04-17 16:42:15.843  1008  2551 W NetlinkSocket: maximum read
04-17 16:42:15.844  1008  1008 D BrightnessSynchronizer: updateScreenBrightness: type=2 mPreferredSettingValue=0.44705883(114) currentBrightnessInt=114 currentBrightnessIntFromFloat=114(0.44705883)
04-17 16:42:15.844  1008  1192 D SGM:GameManager: onLooperPrepared(), msg: MSG_LCD_OFF
04-17 16:42:15.850 17182 17182 I NearbyDiscovery: (REDACTED) FastPairDisplayObserver: %s -> %s
04-17 16:42:15.850 27071 27071 I BSS_SysUiClient: handleDisplayChanged: 4
04-17 16:42:15.851 27071 27071 I BSS_SysUiWindow.S.I: handleScreenEvent : false, false, false, false
04-17 16:42:15.854  1459  1459 D DisplayLifecycle: updateDisplay id = 0
04-17 16:42:15.856  1459  1459 I AODTriggers: onAODEventDispatched = 4 / eventData = com.samsung.android.app.aodservice.controller.configuration.AODConfigurationController$EventData@26764bf
04-17 16:42:15.856  1459  1459 I AOD_LIVE_CLOCK@LiveClockController: updateDisplayState: DISPLAY_STATE_DOZE_SUSPEND
04-17 16:42:16.092   732  1317 I bauth_FPBAuthService: pcf : 0x1012, 0 ,1 ,0 ,0 ,0 ,0, 6.0.0.6
04-17 16:42:16.092   732  1317 I bauth_FPBAuthService: thread id : 1, preenroll_flag : 0, nd cnt : 0, cso : 0, et : 0
04-17 16:42:16.092   732  1317 I bauth_FPBAuthService: FPBAuthService, 11333
04-17 16:42:16.981  3757  5521 I SDHMS:C : SIOP:: AP:206(282,110) BAT:282(282,0) USB:283(283,0) CHG:291(291,0) PA:307(307,0) WIFI:274(274,0) LRP:270(270,0) LRF:270(270) LRB:270(270) 
04-17 16:42:17.093   732  1317 I bauth_FPBAuthService: pcf : 0x1012, 0 ,1 ,0 ,0 ,0 ,0, 6.0.0.6
04-17 16:42:17.093   732  1317 I bauth_FPBAuthService: thread id : 1, preenroll_flag : 0, nd cnt : 0, cso : 0, et : 0
04-17 16:42:17.093   732  1317 I bauth_FPBAuthService: FPBAuthService, 11333
04-17 16:42:17.387  1008  2196 E Tethering: [api31.BpfCoordinatorShimImpl] ERROR Could not iterate map: : getNextMapKey failed: EBADF (Bad file descriptor)
04-17 16:42:17.387  1008  2196 E Tethering: android.system.ErrnoException: getNextMapKey failed: EBADF (Bad file descriptor)
04-17 16:42:17.387  1008  2196 E Tethering: 	at com.android.networkstack.tethering.BpfMap.getNextMapKey(Native Method)
04-17 16:42:17.387  1008  2196 E Tethering: 	at com.android.networkstack.tethering.BpfMap.getNextRawKey(BpfMap.java:199)
04-17 16:42:17.387  1008  2196 E Tethering: 	at com.android.networkstack.tethering.BpfMap.getNextKeyInternal(BpfMap.java:177)
04-17 16:42:17.387  1008  2196 E Tethering: 	at com.android.networkstack.tethering.BpfMap.getFirstKey(BpfMap.java:206)
04-17 16:42:17.387  1008  2196 E Tethering: 	at com.android.networkstack.tethering.BpfMap.forEach(BpfMap.java:243)
04-17 16:42:17.387  1008  2196 E Tethering: 	at com.android.networkstack.tethering.apishim.api31.BpfCoordinatorShimImpl.tetherOffloadRuleForEach(BpfCoordinatorShimImpl.java:418)
04-17 16:42:17.387  1008  2196 E Tethering: 	at com.android.networkstack.tethering.BpfCoordinator.maybeRefreshConntrackTimeout(BpfCoordinator.java:1911)
04-17 16:42:17.387  1008  2196 E Tethering: 	at com.android.networkstack.tethering.BpfCoordinator.lambda$new$1(BpfCoordinator.java:255)
04-17 16:42:17.387  1008  2196 E Tethering: 	at com.android.networkstack.tethering.BpfCoordinator.$r8$lambda$dGScrx2GOtG22GpROJu_XCm1O5I(Unknown Source:0)
04-17 16:42:17.387  1008  2196 E Tethering: 	at com.android.networkstack.tethering.BpfCoordinator$$ExternalSyntheticLambda1.run(Unknown Source:2)
04-17 16:42:17.387  1008  2196 E Tethering: 	at android.os.Handler.handleCallback(Handler.java:938)
04-17 16:42:17.387  1008  2196 E Tethering: 	at android.os.Handler.dispatchMessage(Handler.java:99)
04-17 16:42:17.387  1008  2196 E Tethering: 	at android.os.Looper.loopOnce(Looper.java:226)
04-17 16:42:17.387  1008  2196 E Tethering: 	at android.os.Looper.loop(Looper.java:313)
04-17 16:42:17.387  1008  2196 E Tethering: 	at android.os.HandlerThread.run(HandlerThread.java:67)
04-17 16:42:17.389  1008  2196 E Tethering: [api31.BpfCoordinatorShimImpl] ERROR Could not iterate map: : getNextMapKey failed: EBADF (Bad file descriptor)
04-17 16:42:17.389  1008  2196 E Tethering: android.system.ErrnoException: getNextMapKey failed: EBADF (Bad file descriptor)
04-17 16:42:17.389  1008  2196 E Tethering: 	at com.android.networkstack.tethering.BpfMap.getNextMapKey(Native Method)
04-17 16:42:17.389  1008  2196 E Tethering: 	at com.android.networkstack.tethering.BpfMap.getNextRawKey(BpfMap.java:199)
04-17 16:42:17.389  1008  2196 E Tethering: 	at com.android.networkstack.tethering.BpfMap.getNextKeyInternal(BpfMap.java:177)
04-17 16:42:17.389  1008  2196 E Tethering: 	at com.android.networkstack.tethering.BpfMap.getFirstKey(BpfMap.java:206)
04-17 16:42:17.389  1008  2196 E Tethering: 	at com.android.networkstack.tethering.BpfMap.forEach(BpfMap.java:243)
04-17 16:42:17.389  1008  2196 E Tethering: 	at com.android.networkstack.tethering.apishim.api31.BpfCoordinatorShimImpl.tetherOffloadRuleForEach(BpfCoordinatorShimImpl.java:420)
04-17 16:42:17.389  1008  2196 E Tethering: 	at com.android.networkstack.tethering.BpfCoordinator.maybeRefreshConntrackTimeout(BpfCoordinator.java:1922)
04-17 16:42:17.389  1008  2196 E Tethering: 	at com.android.networkstack.tethering.BpfCoordinator.lambda$new$1(BpfCoordinator.java:255)
04-17 16:42:17.389  1008  2196 E Tethering: 	at com.android.networkstack.tethering.BpfCoordinator.$r8$lambda$dGScrx2GOtG22GpROJu_XCm1O5I(Unknown Source:0)
04-17 16:42:17.389  1008  2196 E Tethering: 	at com.android.networkstack.tethering.BpfCoordinator$$ExternalSyntheticLambda1.run(Unknown Source:2)
04-17 16:42:17.389  1008  2196 E Tethering: 	at android.os.Handler.handleCallback(Handler.java:938)
04-17 16:42:17.389  1008  2196 E Tethering: 	at android.os.Handler.dispatchMessage(Handler.java:99)
04-17 16:42:17.389  1008  2196 E Tethering: 	at android.os.Looper.loopOnce(Looper.java:226)
04-17 16:42:17.389  1008  2196 E Tethering: 	at android.os.Looper.loop(Looper.java:313)
04-17 16:42:17.389  1008  2196 E Tethering: 	at android.os.HandlerThread.run(HandlerThread.java:67)
04-17 16:42:18.093   732  1317 I bauth_FPBAuthService: pcf : 0x1012, 0 ,1 ,0 ,0 ,0 ,0, 6.0.0.6
04-17 16:42:18.093   732  1317 I bauth_FPBAuthService: thread id : 1, preenroll_flag : 0, nd cnt : 0, cso : 0, et : 0
04-17 16:42:18.093   732  1317 I bauth_FPBAuthService: FPBAuthService, 11333
04-17 16:42:19.094   732  1317 I bauth_FPBAuthService: pcf : 0x1012, 0 ,1 ,0 ,0 ,0 ,0, 6.0.0.6
04-17 16:42:19.094   732  1317 I bauth_FPBAuthService: thread id : 1, preenroll_flag : 0, nd cnt : 0, cso : 0, et : 0
04-17 16:42:19.095   732  1317 I bauth_FPBAuthService: FPBAuthService, 11333
04-17 16:42:19.272   513   513 E audit   : type=1400 audit(1776433339.265:39331): avc:  denied  { write } for  pid=17182 comm="ThreadPoolForeg" name="traced_producer" dev="tmpfs" ino=29733 scontext=u:r:gmscore_app:s0:c512,c768 tcontext=u:object_r:traced_producer_socket:s0 tclass=sock_file permissive=0 SEPF_SM-G973F_12_0001 audit_filtered
04-17 16:42:19.273   513   513 E audit   : type=1300 audit(1776433339.265:39331): arch=c00000b7 syscall=203 success=no exit=-13 a0=53 a1=7428fa8040 a2=1e a3=ffffffff961ffce2 items=0 ppid=533 pid=17182 auid=4294967295 uid=10092 gid=10092 euid=10092 suid=10092 fsuid=10092 egid=10092 sgid=10092 fsgid=10092 tty=(none) ses=4294967295 comm="ThreadPoolForeg" exe="/system/bin/app_process64" subj=u:r:gmscore_app:s0:c512,c768 key=(null)
04-17 16:42:19.273   513   513 E audit   : type=1327 audit(1776433339.265:39331): proctitle="com.google.android.gms.persistent"
04-17 16:42:19.291  1008  2196 E Tethering: [api31.BpfCoordinatorShimImpl] ERROR Fail to fetch tethering stats from BPF map: : getNextMapKey failed: EBADF (Bad file descriptor)
04-17 16:42:19.291  1008  2196 E Tethering: android.system.ErrnoException: getNextMapKey failed: EBADF (Bad file descriptor)
04-17 16:42:19.291  1008  2196 E Tethering: 	at com.android.networkstack.tethering.BpfMap.getNextMapKey(Native Method)
04-17 16:42:19.291  1008  2196 E Tethering: 	at com.android.networkstack.tethering.BpfMap.getNextRawKey(BpfMap.java:199)
04-17 16:42:19.291  1008  2196 E Tethering: 	at com.android.networkstack.tethering.BpfMap.getNextKeyInternal(BpfMap.java:177)
04-17 16:42:19.291  1008  2196 E Tethering: 	at com.android.networkstack.tethering.BpfMap.getFirstKey(BpfMap.java:206)
04-17 16:42:19.291  1008  2196 E Tethering: 	at com.android.networkstack.tethering.BpfMap.forEach(BpfMap.java:243)
04-17 16:42:19.291  1008  2196 E Tethering: 	at com.android.networkstack.tethering.apishim.api31.BpfCoordinatorShimImpl.tetherOffloadGetStats(BpfCoordinatorShimImpl.java:241)
04-17 16:42:19.291  1008  2196 E Tethering: 	at com.android.networkstack.tethering.BpfCoordinator.updateForwardedStats(BpfCoordinator.java:1844)
04-17 16:42:19.291  1008  2196 E Tethering: 	at com.android.networkstack.tethering.BpfCoordinator.lambda$new$0(BpfCoordinator.java:249)
04-17 16:42:19.291  1008  2196 E Tethering: 	at com.android.networkstack.tethering.BpfCoordinator.$r8$lambda$11zi2so53-tPlRpKnlSkWOpxReo(Unknown Source:0)
04-17 16:42:19.291  1008  2196 E Tethering: 	at com.android.networkstack.tethering.BpfCoordinator$$ExternalSyntheticLambda0.run(Unknown Source:2)
04-17 16:42:19.291  1008  2196 E Tethering: 	at android.os.Handler.handleCallback(Handler.java:938)
04-17 16:42:19.291  1008  2196 E Tethering: 	at android.os.Handler.dispatchMessage(Handler.java:99)
04-17 16:42:19.291  1008  2196 E Tethering: 	at android.os.Looper.loopOnce(Looper.java:226)
04-17 16:42:19.291  1008  2196 E Tethering: 	at android.os.Looper.loop(Looper.java:313)
04-17 16:42:19.291  1008  2196 E Tethering: 	at android.os.HandlerThread.run(HandlerThread.java:67)
04-17 16:42:19.291  1008  2196 E Tethering: [BpfCoordinator] ERROR Problem fetching tethering stats
04-17 16:42:20.095   732  1317 I bauth_FPBAuthService: pcf : 0x1012, 0 ,1 ,0 ,0 ,0 ,0, 6.0.0.6
04-17 16:42:20.095   732  1317 I bauth_FPBAuthService: thread id : 1, preenroll_flag : 0, nd cnt : 0, cso : 0, et : 0
04-17 16:42:20.095   732  1317 I bauth_FPBAuthService: FPBAuthService, 11333
04-17 16:42:20.629   456   456 D io_stats: !@   8,0 r 3076222 111434672 w 2495257 110413716 d 0 0 f 0 0 iot 2050736 0 th 0 0 0 pt 0 inp 0 0 144799.243
04-17 16:42:21.096   732  1317 I bauth_FPBAuthService: pcf : 0x1012, 0 ,1 ,0 ,0 ,0 ,0, 6.0.0.6
04-17 16:42:21.096   732  1317 I bauth_FPBAuthService: thread id : 1, preenroll_flag : 0, nd cnt : 0, cso : 0, et : 0
04-17 16:42:21.096   732  1317 I bauth_FPBAuthService: FPBAuthService, 11333
04-17 16:42:22.097   732  1317 I bauth_FPBAuthService: pcf : 0x1012, 0 ,1 ,0 ,0 ,0 ,0, 6.0.0.6
04-17 16:42:22.097   732  1317 I bauth_FPBAuthService: thread id : 1, preenroll_flag : 0, nd cnt : 0, cso : 0, et : 0
04-17 16:42:22.097   732  1317 I bauth_FPBAuthService: FPBAuthService, 11333
04-17 16:42:23.098   732  1317 I bauth_FPBAuthService: pcf : 0x1012, 0 ,1 ,0 ,0 ,0 ,0, 6.0.0.6
04-17 16:42:23.098   732  1317 I bauth_FPBAuthService: thread id : 1, preenroll_flag : 0, nd cnt : 0, cso : 0, et : 0
04-17 16:42:23.098   732  1317 I bauth_FPBAuthService: FPBAuthService, 11333
04-17 16:42:23.097  1008  1493 V MdnieScenarioControlService: burn_in_prevention_mode(), enabled : true, mBurnInDisableAppEnabled : false , mAutoBrightnessMode : true, mHighBrightnessModeEnabled : false , mBurnInPreventionACL : false , platform_brightness_value : 114 , BURN_IN_PREVENTION_SUPPORT_VALUE : 143 , mBurnInPreventionEnabled : false , mGameAppLauncher : false
04-17 16:42:23.169  1008  1151 D SamsungAlarmManager: Expired : 4
04-17 16:42:23.170  1008  1151 V SamsungAlarmManager: Sending to uid : 1000 action=FIRST_ALARM_TRIGGER_ACTION alarm=Alarm{8b0415f type 1 origWhen 1776433287719 whenElapsed 936639526 android}
04-17 16:42:23.171  1008  1151 D ActivityManager: Received BROADCAST intent 0x9eea956 Key{broadcastIntent pkg=android intent=act=FIRST_ALARM_TRIGGER_ACTION flg=0x40000000 pkg=android flags=0x4000000 u=0} requestCode=0 sent=0 from uid 1000
04-17 16:42:23.185  1008  1059 I AppOps  : updateUidProcState uid: 1000 procState: 0 capability:15
04-17 16:42:23.186  1008  1151 V SamsungAlarmManager: Sending to uid : 1000 L=dbe3b61:TIME_TICK alarm=Alarm{7980c75 type 3 origWhen 936671808 whenElapsed 936671808 android}
04-17 16:42:23.187  1008  1151 D SamsungAlarmManager: setExact (T:3/F:9/AC:false) 20260417T164300 now=936694994 - CU:1000/CP:1008/L:dbe3b61:TIME_TICK
04-17 16:42:23.189  1008  1151 V SamsungAlarmManager: setLocked to kernel - W:938355530 / NW:936731808, now=936694997
04-17 16:42:23.190  1008  1151 V SamsungAlarmManager: Sending to uid : 10053 L=a1ea343:AOD_CHARGING_INFO_TICK alarm=Alarm{707240a type 0 origWhen 1776433343168 whenElapsed 936694976 com.samsung.android.app.aodservice}
04-17 16:42:23.191  1459  1459 I AODChargingModel: AODChargingInfoTimerListener onTimerExpired : 
04-17 16:42:23.192  1459  1459 I AODUiController: onUIEvent : unknown component : 1202/0/0
04-17 16:42:23.192  1008  1008 D MARsTrigger: mPolicyIntentReceiver broadcast received action : FIRST_ALARM_TRIGGER_ACTION
04-17 16:42:23.193  1459  1459 I AOD_BRIGHTNESS@BrightnessManager: mCurrentBrightness : HighNit[true], NitMode[60NIT], isForceState[0, ForceStateReason[{}, ], isAutoBrightness[true], mAppliedBrightness[3]
04-17 16:42:23.193  1008  1069 D MARsPolicyManager: triggerAction called!
04-17 16:42:23.194  1459  1459 I AOD_BRIGHTNESS@AlwaysOnDisplayEx: updateDozeBrightness: doze [65538] last [60NIT] change to [60NIT]
04-17 16:42:23.194  1459  1459 I AOD_WAKELOCK@WakeLockManager: acquireIfExists: tag - AOD_DRAW, timeout - 100, reason - set Doze Brightness updateDozeBrightness, wakeLock = WakeLock{b76c98d held=false, refCount=0}
04-17 16:42:23.195  1008  1035 D PowerManagerService: [api] acquire WakeLock DRAW_WAKE_LOCK                 'AOD_DRAW' (uid=10053 pid=1459 displayId=-1)
04-17 16:42:23.197  1008  1074 D DisplayPowerController[0]: animateScreenStateChange: target=3, mLogicalDisplay.isEnabled()=true
04-17 16:42:23.197  1008  1151 V SamsungAlarmManager: Sending to uid : 10092 action=com.google.android.gms.auth.authzen.cryptauth.DEVICE_STATE_CHECK_DELAY_COMPLETE alarm=Alarm{4c1947b type 3 origWhen 936646221 whenElapsed 936646221 com.google.android.gms}
04-17 16:42:23.199  1008  1035 D PowerManagerService: displayReady: false groupId=0
04-17 16:42:23.200  1008  1074 D DisplayPowerController[0]: getFinalBrightness : Summary is  94 (0.37) ->  94 (0.37)
04-17 16:42:23.200  1008  1074 D PowerManagerService: [PWL] sb acquire: PowerManagerService.Display
04-17 16:42:23.201  1008  1067 D BatteryExternalStatsWorker: update stats : screen-state (33)
04-17 16:42:23.201  1008  1313 D DisplayManagerService: !@display_state requestDisplayStateInternal: DOZE_SUSPEND -> DOZE displayId=0
04-17 16:42:23.202  1008  1313 D LocalDisplayAdapter: !@ display_state: DOZE_SUSPEND -> DOZE (id:0)
04-17 16:42:23.202  1008  1050 I DisplayDeviceRepository: Display device changed state: "Ecran încorporat", DOZE
04-17 16:42:23.203  1008  1069 I NSLocationMonitor: getGPSUsingApps() called
04-17 16:42:23.203   586   586 D SurfaceFlinger: Setting power mode 1 on display 0
04-17 16:42:23.203   550   550 D display : setPowerMode:: FBIOBLANK mode(1), blank(0)
04-17 16:42:23.205   550   550 D display : setPowerDoze, Doze request done
04-17 16:42:23.205   550   550 I display : [compareVsyncPeriod] set the lowest(mode:0) vsync 333 of display(0)
04-17 16:42:23.205   550   550 I display : Set m2mMPP capacity(8) for fps(60)
04-17 16:42:23.205   550   550 I display : [compareVsyncPeriod] set the lowest(mode:0) vsync 333 of display(0)
04-17 16:42:23.205   550   550 I display : Set m2mMPP capacity(8) for fps(60)
04-17 16:42:23.206  1459  1459 I ZigZagViewPositionControllerImpl[CHARGING_INFO]: getNextDirection: mHorizontalDirection = RIGHT, mVerticalDirection = DOWN
04-17 16:42:23.206  1459  1459 I ZigZagViewPositionControllerImpl[CHARGING_INFO]: updateCurrentPosition: horizontalDistance = 2, verticalDistance = 3, mHorizontalMoveCount = 1
04-17 16:42:23.206  1459  1459 I ZigZagViewPositionControllerImpl[CHARGING_INFO]: updateCurrentPosition: mCurPoint = Point(3, 8), mRange = Rect(-38, 0 - 38, 60)
04-17 16:42:23.206  1459  1459 I ZigZagViewPositionControllerImpl[CHARGING_INFO]: mStartX = -1, mStartY = -1
04-17 16:42:23.206  1459  1459 I ZigZagViewPositionControllerImpl[CHARGING_INFO]: left = 3, right = 0, top = 8, bottom = 0
04-17 16:42:23.206   586   586 D SurfaceFlinger: Finished setting power mode 1 on display 0
04-17 16:42:23.209  1008  2551 W NetlinkSocket: maximum read
04-17 16:42:23.211  1008  2551 W NetlinkSocket: maximum read
04-17 16:42:23.217  1459  2022 D QSClockBellTower: onReceive(android.intent.action.TIME_TICK) mTimeZoneString:null
04-17 16:42:23.221 17182 17182 I NearbyDiscovery: (REDACTED) FastPairDisplayObserver: %s -> %s
04-17 16:42:23.224 27071 27071 I BSS_SysUiClient: handleDisplayChanged: 3
04-17 16:42:23.224 27071 27071 I BSS_SysUiWindow.S.I: handleScreenEvent : false, false, false, false
04-17 16:42:23.225  1008  1313 D PowerManagerUtil: !@ display_state: DOZE:: took 23 ms
04-17 16:42:23.225  1008  1313 D DisplayPowerController[0]: setActualDisplayState: DOZE_SUSPEND -> DOZE
04-17 16:42:23.225  1008  1074 D DisplayPowerController[0]: animateScreenStateChange: target=3, mLogicalDisplay.isEnabled()=true
04-17 16:42:23.226  1008  1074 D DisplayPowerController[0]: getFinalBrightness : Summary is  94 (0.37) ->  94 (0.37)
04-17 16:42:23.226  1008  1074 D DisplayPowerController[0]: animateScreenStateChange: target=3, mLogicalDisplay.isEnabled()=true
04-17 16:42:23.226  1008  1074 D DisplayPowerController[0]: getFinalBrightness : Summary is  94 (0.37) ->  94 (0.37)
04-17 16:42:23.226  1008  1074 D PowerManagerService: displayReady: true groupId=0
04-17 16:42:23.226  1008  1074 D PowerManagerService: [PWL] sb release: PowerManagerService.Display
04-17 16:42:23.226  1008  1151 D ActivityManager: Received SERVICE intent 0x8ca4ef8 Key{startService pkg=com.google.android.gms/com.google.android.gms.auth_authzen__phone intent=act=com.google.android.gms.auth.authzen.cryptauth.DEVICE_STATE_CHECK_DELAY_COMPLETE cat=[targeted_intent_op_prefix:.auth.authzen.cryptauth.DeviceStateSyncManager$CheckStateEventIntentOperation] cmp=com.google.android.gms/.chimera.GmsIntentOperationService flags=0x2000000 u=0} requestCode=0 from uid 1000
04-17 16:42:23.227  1008  1151 V SamsungAlarmManager: setLocked to kernel - W:938355530 / NW:936731808, now=936695034
04-17 16:42:23.229  1008  3727 D PowerManagerService: [api] acquire WakeLock DRAW_WAKE_LOCK                 'Window:NotificationShade' (uid=1000 pid=1008 ws=WorkSource{10053 com.android.systemui} displayId=-1)
04-17 16:42:23.229  1459  1459 I ZigZagViewPositionControllerImpl[CHARGING_INFO]: updatePosition: mCurPoint = Point(3, 8), mRange = Rect(-38, 0 - 38, 60), count = 2, interval = 10
04-17 16:42:23.229  1459  1459 I AODAlarmTimer_AOD_CHARGING_INFO_TICK: onAlarm: 
04-17 16:42:23.230  1459  1459 I AODAlarmTimer_AOD_CHARGING_INFO_TICK: setAlarm: expiration = 04/17/2026 16:43
04-17 16:42:23.231  1008  3727 D SamsungAlarmManager: setExact (T:0/F:9/AC:false) 20260417T164323 now=936695038 - CU:10053/CP:1459/L:a1ea343:AOD_CHARGING_INFO_TICK
04-17 16:42:23.231  1008  3727 V SamsungAlarmManager: setLocked to kernel - W:936755038 / NW:936731808, now=936695039
04-17 16:42:23.232  1008  1008 D SGM:GameManager: onDisplayChanged. displyId: 0, state: 3
04-17 16:42:23.232  1008  1192 D SGM:GameManager: onLooperPrepared(), msg: MSG_LCD_OFF
04-17 16:42:23.232  1008  1008 D BrightnessSynchronizer: onDisplayChanged() : displayId=0
04-17 16:42:23.233  1008  1008 D BrightnessSynchronizer: updateScreenBrightness: type=2 mPreferredSettingValue=0.44705883(114) currentBrightnessInt=114 currentBrightnessIntFromFloat=114(0.44705883)
04-17 16:42:23.233  1008  1008 I EyeComfortSolutionService: action  :  android.intent.action.TIME_TICK
04-17 16:42:23.234  1459  1459 W Looper  : Slow dispatch took 42ms main h=android.os.Handler c=android.app.AlarmManager$ListenerWrapper@7172cb7 m=0
04-17 16:42:23.234  1459  1459 D DisplayLifecycle: updateDisplay id = 0
04-17 16:42:23.234  1459  1459 W Looper  : Slow delivery took 24ms main h=android.hardware.display.DisplayManagerGlobal$DisplayListenerDelegate c=null m=2
04-17 16:42:23.236  1459  1459 I AODTriggers: onAODEventDispatched = 4 / eventData = com.samsung.android.app.aodservice.controller.configuration.AODConfigurationController$EventData@107fc24
04-17 16:42:23.236  1459  1459 I AOD_LIVE_CLOCK@LiveClockController: updateDisplayState: DISPLAY_STATE_DOZE
04-17 16:42:23.241  1008  1067 E system_server: Cannot read thread CPU times for PID 1008
04-17 16:42:23.241  1008  1067 D BatteryExternalStatsWorker: done updateExternalStatsLocked
04-17 16:42:23.250  2521  2535 I NSLocationManager_FLP: getGPSUsingApps, NO_FREEZE={5013} / FREEZE={}
04-17 16:42:23.250  1459  1459 D QS      : setQSExpansion 0.0 -600.0
04-17 16:42:23.252  1459  1459 D QS      : setQSExpansion 0.0 -600.0
04-17 16:42:23.254  1008  3727 D SamsungAlarmManager: setInexact (T:3/F:0/AC:false) 20360414T164223 now=936695062 - CU:10092/CP:20354/OP:PendingIntent{be89044: PendingIntentRecord{692552d com.google.android.gms/com.google.android.gms.container startService}}
04-17 16:42:23.255  1008  3727 V SamsungAlarmManager: setLocked to kernel - W:936755038 / NW:936731808, now=936695062
04-17 16:42:23.255  1459  1459 W Looper  : Drained
04-17 16:42:23.255  1459  1459 W Looper  : Slow dispatch took 10ms main h=android.view.Choreographer$FrameHandler c=android.view.Choreographer$FrameDisplayEventReceiver@41f723b m=0
04-17 16:42:23.255  1459  1459 D KeyguardUpdateMonitor: received broadcast android.intent.action.TIME_TICK
04-17 16:42:23.255  1459  1459 W Looper  : Slow delivery took 38ms main h=com.android.keyguard.KeyguardUpdateMonitor$17 c=com.android.systemui.broadcast.ActionReceiver$onReceive$1$1$1@4982942 m=0
04-17 16:42:23.257  1008  3727 D PowerManagerService: [api] acquire WakeLock DRAW_WAKE_LOCK                 'Window:NotificationShade' ACQ=-28ms (uid=1000 pid=1008 ws=WorkSource{10053 com.android.systemui} displayId=-1)
04-17 16:42:23.262  1008  3727 D DARUtil : Device owner status not updated yet...
04-17 16:42:23.262  1008  1069 D FreecessController: FZ : com.whatsapp(25562)
04-17 16:42:23.262  1008  3727 D DARUtil : Not an enterprise user : 0
04-17 16:42:23.262  1008  3727 D DARUtil : Device owner status not updated yet...
04-17 16:42:23.262  1008  3727 D DARUtil : Not an enterprise user : 0
04-17 16:42:23.265  1008  1069 D FreecessController: FZ : com.whatsapp(0), reason: LEV
04-17 16:42:23.265   532  1229 E TrafficController: FREECESS
04-17 16:42:23.270  1008  2563 I PowerManagerService: [PWL] SetWakeLockEnableDisable uid = 10663 , disable= true
04-17 16:42:23.270  1008  2563 I PowerManagerService: [PWL] can not change uid =  10663
04-17 16:42:23.271  1008  2563 W LocationManagerService: onFreezeStateChanged, uid[10663]=true
04-17 16:42:23.284  1459  1459 D QSClockBellTower: He is ready to ring the bell. (((QSClockBellSound - TimeText:16:42, TimeContentDescription:16:42, DateText:vin., 17 aprilie, ShortDateText:vin., 17 apr., Demofalse)))
04-17 16:42:23.284  1459  1459 D QSClockHomeIndicatorView: Home Indicator status_bar_clock notifyTimeChanged(QSClockBellSound - TimeText:16:42, TimeContentDescription:16:42, DateText:vin., 17 aprilie, ShortDateText:vin., 17 apr., Demofalse) ClockVisibleByPolicy:true, ClockVisibleByUser:true, visible?false, parent:android.widget.LinearLayout{4226633 V.E...... ........ 0,0-0,88 #7f0b0472 app:id/left_clock_container}
04-17 16:42:23.284  1459  1459 D QSClockBellTower: Everyone heard the bell. run(currentTime:1776433343282,   getTime():Fri Apr 17 16:42:23 GMT+03:00 2026,   getTimeZone():libcore.util.ZoneInfo[mDstSavings=3600000,mUseDst=true,mDelegate=[id="Europe/Bucharest",mRawOffset=7200000,mEarliestRawOffset=6264000,transitions=138]])
04-17 16:42:23.285  1459  1459 D KeyguardUpdateMonitor: handleTimeUpdate
04-17 16:42:23.286  1459  1459 D FaceWidgetPagesController: onTimeChanged()
04-17 16:42:23.286  1459  1459 D FaceWidgetPagesController: refreshViews() reason = ON_TIME_TICK, force = false
04-17 16:42:23.305  1459  1459 D QS      : setQSExpansion 0.0 -600.0
04-17 16:42:23.313  1459  1459 D QS      : setQSExpansion 0.0 -600.0
04-17 16:42:23.314  1459  1459 V SecQSFragmentAnimatorBase: setQsExpansionPosition 0.0
04-17 16:42:23.314  1459  1459 V QsExpandAnimator: setQsExpansionPosition 0.0 1
04-17 16:42:23.315  1459  1459 D QS      : setQSExpansion 0.0 -600.0
04-17 16:42:23.318  1459  1459 W LooperSlow: RunCallback: type=3, action=android.view.ViewRootImpl$TraversalRunnable@e158a28, token=null, latencyMillis=62, dur=31ms
04-17 16:42:23.318  1459  1459 W Looper  : Slow dispatch took 32ms main h=android.view.Choreographer$FrameHandler c=android.view.Choreographer$FrameDisplayEventReceiver@41f723b m=0
04-17 16:42:23.321  1008  3727 D PowerManagerService: [api] release WakeLock DRAW_WAKE_LOCK                 'AOD_DRAW' ACQ=-116ms (uid=10053 pid=1459 displayId=-1)
04-17 16:42:23.322  1459  1459 V QsExpandAnimator: updateAnimators
04-17 16:42:23.322  1459  1459 V QsExpandAnimator: clearAnimationState 
04-17 16:42:23.324  1459  1459 V QsExpandAnimator: setQsExpansionPosition 0.0 1
04-17 16:42:23.331  1459  1459 W Looper  : Drained
04-17 16:42:23.459  1008  1008 D PowerManagerService: [api] release WakeLock DRAW_WAKE_LOCK                 'Window:NotificationShade' ACQ=-229ms (uid=1000 pid=1008 ws=WorkSource{10053 com.android.systemui} displayId=-1)
04-17 16:42:23.459  1008  1008 D PowerManagerService: displayReady: false groupId=0
04-17 16:42:23.460  1008  1074 D DisplayPowerController[0]: animateScreenStateChange: target=4, mLogicalDisplay.isEnabled()=true
04-17 16:42:23.462  1008  1008 D PowerManagerService: [PWL] sb acquire: PowerManagerService.Display
04-17 16:42:23.464  1008  1067 D BatteryExternalStatsWorker: update stats : screen-state (33)
04-17 16:42:23.464  1008  1074 D DisplayPowerController[0]: getFinalBrightness : Summary is  94 (0.37) ->  94 (0.37)
04-17 16:42:23.465  1008  1313 D DisplayManagerService: !@display_state requestDisplayStateInternal: DOZE -> DOZE_SUSPEND displayId=0
04-17 16:42:23.465  1008  1313 D LocalDisplayAdapter: !@ display_state: DOZE -> DOZE_SUSPEND (id:0)
04-17 16:42:23.465  1008  1050 I DisplayDeviceRepository: Display device changed state: "Ecran încorporat", DOZE_SUSPEND
04-17 16:42:23.466   586   586 D SurfaceFlinger: Setting power mode 3 on display 0
04-17 16:42:23.466  1008  1067 E system_server: Cannot read thread CPU times for PID 1008
04-17 16:42:23.467  1008  1067 D BatteryExternalStatsWorker: done updateExternalStatsLocked
04-17 16:42:23.467   550   550 D display : setPowerMode:: FBIOBLANK mode(3), blank(0)
04-17 16:42:23.467   550   550 D display : setPowerDoze, Doze request done
04-17 16:42:23.467   550   550 I display : Set m2mMPP capacity(8) for fps(60)
04-17 16:42:23.467   550   550 I display : Set m2mMPP capacity(8) for fps(60)
04-17 16:42:23.467   586   586 D SurfaceFlinger: Finished setting power mode 3 on display 0
04-17 16:42:23.467  1008  1313 D PowerManagerUtil: !@ display_state: DOZE_SUSPEND:: took 2 ms
04-17 16:42:23.468  1008  1313 D DisplayPowerController[0]: setActualDisplayState: DOZE -> DOZE_SUSPEND
04-17 16:42:23.468  1008  1074 D DisplayPowerController[0]: animateScreenStateChange: target=4, mLogicalDisplay.isEnabled()=true
04-17 16:42:23.468  1008  1074 D DisplayPowerController[0]: getFinalBrightness : Summary is  94 (0.37) ->  94 (0.37)
04-17 16:42:23.470  1008  1074 D DisplayPowerController[0]: animateScreenStateChange: target=4, mLogicalDisplay.isEnabled()=true
04-17 16:42:23.470  1008  1074 D DisplayPowerController[0]: getFinalBrightness : Summary is  94 (0.37) ->  94 (0.37)
04-17 16:42:23.470  1008  1074 D PowerManagerService: displayReady: true groupId=0
04-17 16:42:23.470  1008  1074 D PowerManagerService: [PWL] sb release: PowerManagerService.Display
04-17 16:42:23.471  1008  1008 V SamsungAlarmManager: setLocked to kernel - W:936755038 / NW:936731808, now=936695278
04-17 16:42:23.474  1008  2551 W NetlinkSocket: maximum read
04-17 16:42:23.474  1008  2551 W NetlinkSocket: maximum read
04-17 16:42:23.474  1008  2551 W NetlinkSocket: maximum read
04-17 16:42:23.475 27071 27071 I BSS_SysUiClient: handleDisplayChanged: 4
04-17 16:42:23.476 27071 27071 I BSS_SysUiWindow.S.I: handleScreenEvent : false, false, false, false
04-17 16:42:23.478  1459  1459 D DisplayLifecycle: updateDisplay id = 0
04-17 16:42:23.479  1008  1008 D SGM:GameManager: onDisplayChanged. displyId: 0, state: 4
04-17 16:42:23.479  1008  1192 D SGM:GameManager: onLooperPrepared(), msg: MSG_LCD_OFF
04-17 16:42:23.484 17182 17182 I NearbyDiscovery: (REDACTED) FastPairDisplayObserver: %s -> %s
04-17 16:42:23.485  1008  1008 D BrightnessSynchronizer: onDisplayChanged() : displayId=0
04-17 16:42:23.485  1008  1008 D BrightnessSynchronizer: updateScreenBrightness: type=2 mPreferredSettingValue=0.44705883(114) currentBrightnessInt=114 currentBrightnessIntFromFloat=114(0.44705883)
04-17 16:42:23.486  1459  1459 I AODTriggers: onAODEventDispatched = 4 / eventData = com.samsung.android.app.aodservice.controller.configuration.AODConfigurationController$EventData@c67dd53
04-17 16:42:23.486  1459  1459 I AOD_LIVE_CLOCK@LiveClockController: updateDisplayState: DISPLAY_STATE_DOZE_SUSPEND
04-17 16:42:23.976  1008  1054 E Watchdog: !@Sync: 4823 heap: 107 / 114 [2026-04-17 16:42:23.975] sdogWay: softdog FD: 1010
04-17 16:42:24.099   732  1317 I bauth_FPBAuthService: pcf : 0x1012, 0 ,1 ,0 ,0 ,0 ,0, 6.0.0.6
04-17 16:42:24.099   732  1317 I bauth_FPBAuthService: thread id : 1, preenroll_flag : 0, nd cnt : 0, cso : 0, et : 0
04-17 16:42:24.099   732  1317 I bauth_FPBAuthService: FPBAuthService, 11333
04-17 16:42:24.295  1008  2196 E Tethering: [api31.BpfCoordinatorShimImpl] ERROR Fail to fetch tethering stats from BPF map: : getNextMapKey failed: EBADF (Bad file descriptor)
04-17 16:42:24.295  1008  2196 E Tethering: android.system.ErrnoException: getNextMapKey failed: EBADF (Bad file descriptor)
04-17 16:42:24.295  1008  2196 E Tethering: 	at com.android.networkstack.tethering.BpfMap.getNextMapKey(Native Method)
04-17 16:42:24.295  1008  2196 E Tethering: 	at com.android.networkstack.tethering.BpfMap.getNextRawKey(BpfMap.java:199)
04-17 16:42:24.295  1008  2196 E Tethering: 	at com.android.networkstack.tethering.BpfMap.getNextKeyInternal(BpfMap.java:177)
04-17 16:42:24.295  1008  2196 E Tethering: 	at com.android.networkstack.tethering.BpfMap.getFirstKey(BpfMap.java:206)
04-17 16:42:24.295  1008  2196 E Tethering: 	at com.android.networkstack.tethering.BpfMap.forEach(BpfMap.java:243)
04-17 16:42:24.295  1008  2196 E Tethering: 	at com.android.networkstack.tethering.apishim.api31.BpfCoordinatorShimImpl.tetherOffloadGetStats(BpfCoordinatorShimImpl.java:241)
04-17 16:42:24.295  1008  2196 E Tethering: 	at com.android.networkstack.tethering.BpfCoordinator.updateForwardedStats(BpfCoordinator.java:1844)
04-17 16:42:24.295  1008  2196 E Tethering: 	at com.android.networkstack.tethering.BpfCoordinator.lambda$new$0(BpfCoordinator.java:249)
04-17 16:42:24.295  1008  2196 E Tethering: 	at com.android.networkstack.tethering.BpfCoordinator.$r8$lambda$11zi2so53-tPlRpKnlSkWOpxReo(Unknown Source:0)
04-17 16:42:24.295  1008  2196 E Tethering: 	at com.android.networkstack.tethering.BpfCoordinator$$ExternalSyntheticLambda0.run(Unknown Source:2)
04-17 16:42:24.295  1008  2196 E Tethering: 	at android.os.Handler.handleCallback(Handler.java:938)
04-17 16:42:24.295  1008  2196 E Tethering: 	at android.os.Handler.dispatchMessage(Handler.java:99)
04-17 16:42:24.295  1008  2196 E Tethering: 	at android.os.Looper.loopOnce(Looper.java:226)
04-17 16:42:24.295  1008  2196 E Tethering: 	at android.os.Looper.loop(Looper.java:313)
04-17 16:42:24.295  1008  2196 E Tethering: 	at android.os.HandlerThread.run(HandlerThread.java:67)
04-17 16:42:24.295  1008  2196 E Tethering: [BpfCoordinator] ERROR Problem fetching tethering stats
04-17 16:42:24.634   456   456 D io_stats: !@   8,0 r 3076222 111434672 w 2495265 110413800 d 0 0 f 0 0 iot 2050740 0 th 0 0 0 pt 0 inp 0 0 144803.248
04-17 16:42:25.100   732  1317 I bauth_FPBAuthService: pcf : 0x1012, 0 ,1 ,0 ,0 ,0 ,0, 6.0.0.6
04-17 16:42:25.100   732  1317 I bauth_FPBAuthService: thread id : 1, preenroll_flag : 0, nd cnt : 0, cso : 0, et : 0
04-17 16:42:25.100   732  1317 I bauth_FPBAuthService: FPBAuthService, 11333
04-17 16:42:25.729  1330  1330 I wpa_supplicant: Heartbeat 14529
04-17 16:42:25.795   551   603 D BatteryDump: wait_for_battery_event : occurred : change@/devices/platform/battery/power_supply/battery 
04-17 16:42:25.814   551   551 I android.hardware.health@2.1-service-samsung: updateLrpSysfs: write: 270
04-17 16:42:25.815  1008  3459 D BatteryService: Sending ACTION_BATTERY_CHANGED. scale:100, info:{.chargerAcOnline = false, .chargerUsbOnline = true, .chargerWirelessOnline = false, .maxChargingCurrent = 0, .maxChargingVoltage = 0, .batteryStatus = CHARGING, .batteryHealth = GOOD, .batteryPresent = true, .batteryLevel = 87, .batteryVoltage = 4224, .batteryTemperature = 281, .batteryCurrent = 630, .batteryCycleCount = 0, .batteryFullCharge = 3300000, .batteryChargeCounter = 2844237, .batteryTechnology = Li-ion}
04-17 16:42:25.815  1008  3459 D BatteryService: online:19, current avg:627, charge type:1, POGO powered:false, power sharing:false, high voltage charger:false, charger_type:0, capacity:280000, misc_event:0x20000, current_event:0x8000, current_now:619
04-17 16:42:25.820  1376  1376 D SemBigDataInfoController: Intent : android.intent.action.BATTERY_CHANGED
04-17 16:42:25.820  1008  1170 D MotionRecognitionService: [SAR]  onReceive : ACTION_BATTERY_CHANGED, Plugged: 2
04-17 16:42:25.820  1459  1459 I PowerUI : mBootCompleted = true |  mFullyConnected = true
04-17 16:42:25.821  1008  1170 I MotionRecognitionService: [TA] In/out: true, curr state: 1
04-17 16:42:25.821  1459  1459 I PowerUI : BATTERY_HEALTH_CHECK extraHealth=2 mBatteryMiscEvent=131072
04-17 16:42:25.821  1376  1376 D SemBigDataInfoController: Intent : android.intent.action.BATTERY_CHANGED
04-17 16:42:25.821  1459  1459 D PowerUI : priorPlugType = 2 mPlugType = 2 priorBatteryStatus = 2 mBatteryStatus = 2
04-17 16:42:25.822  1459  1459 I PowerUI : oldMisalign : false, curMisalign : false
