--------- beginning of system
04-17 16:41:25.670  1008  2020 D PowerManagerService: displayReady: false groupId=0
04-17 16:41:25.670  1008  1074 D DisplayPowerController[0]: animateScreenStateChange: target=4, mLogicalDisplay.isEnabled()=true
04-17 16:41:25.672  1008  1074 D DisplayPowerController[0]: getFinalBrightness : Summary is  94 (0.37) ->  94 (0.37)
04-17 16:41:25.673  1008  1074 D PowerManagerService: [PWL] sb acquire: PowerManagerService.Display
04-17 16:41:25.673  1008  1067 D BatteryExternalStatsWorker: update stats : screen-state (33)
04-17 16:41:25.676  1008  1313 D DisplayManagerService: !@display_state requestDisplayStateInternal: DOZE -> DOZE_SUSPEND displayId=0
04-17 16:41:25.676  1008  1313 D LocalDisplayAdapter: !@ display_state: DOZE -> DOZE_SUSPEND (id:0)
--------- beginning of main
04-17 16:41:25.677   586   586 D SurfaceFlinger: Setting power mode 3 on display 0
04-17 16:41:25.677  1008  1050 I DisplayDeviceRepository: Display device changed state: "Ecran încorporat", DOZE_SUSPEND
04-17 16:41:25.677   550   550 D display : setPowerMode:: FBIOBLANK mode(3), blank(0)
04-17 16:41:25.677   550   550 D display : setPowerDoze, Doze request done
04-17 16:41:25.677   550   550 I display : Set m2mMPP capacity(8) for fps(60)
04-17 16:41:25.677   550   550 I display : Set m2mMPP capacity(8) for fps(60)
04-17 16:41:25.678   586   586 D SurfaceFlinger: Finished setting power mode 3 on display 0
04-17 16:41:25.678  1008  1313 D PowerManagerUtil: !@ display_state: DOZE_SUSPEND:: took 2 ms
04-17 16:41:25.678  1008  1313 D DisplayPowerController[0]: setActualDisplayState: DOZE -> DOZE_SUSPEND
04-17 16:41:25.678  1330  1330 I wpa_supplicant: Heartbeat 14523
04-17 16:41:25.679  1008  1074 D DisplayPowerController[0]: animateScreenStateChange: target=4, mLogicalDisplay.isEnabled()=true
04-17 16:41:25.679  1008  1074 D DisplayPowerController[0]: getFinalBrightness : Summary is  94 (0.37) ->  94 (0.37)
04-17 16:41:25.680  1008  1074 D DisplayPowerController[0]: animateScreenStateChange: target=4, mLogicalDisplay.isEnabled()=true
04-17 16:41:25.681  1008  1074 D DisplayPowerController[0]: getFinalBrightness : Summary is  94 (0.37) ->  94 (0.37)
04-17 16:41:25.681  1008  1074 D PowerManagerService: displayReady: true groupId=0
04-17 16:41:25.681  1008  1074 D PowerManagerService: [PWL] sb release: PowerManagerService.Display
04-17 16:41:25.684  1008  2551 W NetlinkSocket: maximum read
04-17 16:41:25.687  1008  1008 D SGM:GameManager: onDisplayChanged. displyId: 0, state: 4
04-17 16:41:25.687  1008  1192 D SGM:GameManager: onLooperPrepared(), msg: MSG_LCD_OFF
04-17 16:41:25.687  1008  1008 D BrightnessSynchronizer: onDisplayChanged() : displayId=0
04-17 16:41:25.688  1008  1008 D BrightnessSynchronizer: updateScreenBrightness: type=2 mPreferredSettingValue=0.44705883(114) currentBrightnessInt=114 currentBrightnessIntFromFloat=114(0.44705883)
04-17 16:41:25.688 27071 27071 I BSS_SysUiClient: handleDisplayChanged: 4
04-17 16:41:25.688 27071 27071 I BSS_SysUiWindow.S.I: handleScreenEvent : false, false, false, false
04-17 16:41:25.691  1459  1459 D KeyguardSecIndicationPolicy:  remove Item pos = DEFAULT                             , id =  2395, 
04-17 16:41:25.692  1008  2551 W NetlinkSocket: maximum read
04-17 16:41:25.692  1459  1459 D DisplayLifecycle: updateDisplay id = 0
04-17 16:41:25.693 17182 17182 I NearbyDiscovery: (REDACTED) FastPairDisplayObserver: %s -> %s
04-17 16:41:25.696  1459  1459 I AODTriggers: onAODEventDispatched = 4 / eventData = com.samsung.android.app.aodservice.controller.configuration.AODConfigurationController$EventData@d70ae42
04-17 16:41:25.696  1459  1459 I AOD_LIVE_CLOCK@LiveClockController: updateDisplayState: DISPLAY_STATE_DOZE_SUSPEND
04-17 16:41:25.700  1008  1074 D PowerManagerService: UserActivityState : 1 -> 4 groupId=0
04-17 16:41:25.701  1008  1074 I PowerManagerService: [PWL] Off : 3s ago
04-17 16:41:25.703  1008  1008 I MdnieScenarioControlService: action  :  com.samsung.server.PowerManagerService.action.USER_ACTIVITY
04-17 16:41:25.721  1008  1067 E system_server: Cannot read thread CPU times for PID 1008
04-17 16:41:25.721  1008  1067 D BatteryExternalStatsWorker: done updateExternalStatsLocked
04-17 16:41:26.049   732  1317 I bauth_FPBAuthService: pcf : 0x1012, 0 ,1 ,0 ,0 ,0 ,0, 6.0.0.6
04-17 16:41:26.050   732  1317 I bauth_FPBAuthService: thread id : 1, preenroll_flag : 0, nd cnt : 0, cso : 0, et : 0
04-17 16:41:26.050   732  1317 I bauth_FPBAuthService: FPBAuthService, 11333
04-17 16:41:26.463  1008  3647 D SamsungAlarmManager: Cancel Alarm calling from uid:10092 pid :20354 / OP:PendingIntent{a3f61ea: PendingIntentRecord{4b8c26d com.google.android.gms/com.google.android.gms.container startService}}
04-17 16:41:26.464  1008  3647 V SamsungAlarmManager: setLocked to kernel - W:936694976 / NW:936639526, now=936638271
04-17 16:41:26.470  1008  1512 D SamsungAlarmManager: Cancel Alarm calling from uid:10092 pid :17182 / OP:PendingIntent{1ce2cdb: PendingIntentRecord{d8b11b5 com.google.android.gms/com.google.android.gms.container startService}}
04-17 16:41:26.471  1008  1512 V SamsungAlarmManager: setLocked to kernel - W:936694976 / NW:936639526, now=936638278
04-17 16:41:26.543  1008  1269 D SemCellularStateManager: onSignalStrengthsChanged: mCellularSignalLevel=4
04-17 16:41:26.544  1459  1577 D MobileStatusTracker(0/3): onSignalStrengthsChanged signalStrength=SignalStrength:{mCdma=Invalid,mGsm=Invalid,mWcdma=Invalid,mTdscdma=Invalid,mLte=CellSignalStrengthLte: rssi=-97 rsrp=-96 rsrq=-16 rssnr=3 cqiTableIndex=2147483647 cqi=8 ta=2147483647 level=4 parametersUseForLevel=0,mNr=Invalid,SignalBarInfo{ lteLevel=4 },rat=14,primary=CellSignalStrengthLte} level=4
04-17 16:41:26.546  1459  1577 D NetworkController: SignalStrength from intent slotId=0
04-17 16:41:26.550  1008  1269 D SemCellularStateManager: onSignalStrengthsChanged: mCellularSignalLevel=4
04-17 16:41:26.551  1459  1577 D MobileStatusTracker(0/3): onSignalStrengthsChanged signalStrength=SignalStrength:{mCdma=Invalid,mGsm=Invalid,mWcdma=Invalid,mTdscdma=Invalid,mLte=CellSignalStrengthLte: rssi=-97 rsrp=-96 rsrq=-16 rssnr=3 cqiTableIndex=2147483647 cqi=8 ta=2147483647 level=4 parametersUseForLevel=0,mNr=Invalid,SignalBarInfo{ lteLevel=3 },rat=14,primary=CellSignalStrengthLte} level=3
04-17 16:41:26.555  1459  1577 D NetworkController.MobileSignalController(0/3): notifyListener: enabled=true, connected=true, dataConnected=false, networkType=LTE (4G), emergencyOnly=false, roaming=false, isDefault=false, fiveGAvailable=false, mmWave=false, showDisabledDataIcon=false, voWifiConnected=false, dataActivity=, simState=LOADED, cardOperator=OTHERS, simCardActivated=1
04-17 16:41:26.556  1459  1577 D NetworkController: SignalStrength from intent slotId=0
04-17 16:41:26.566   456   456 D io_stats: !@   8,0 r 3076222 111434672 w 2495094 110411216 d 0 0 f 0 0 iot 2050652 0 th 0 0 0 pt 0 inp 0 0 144745.181
04-17 16:41:26.664  1008  1058 I ActivityManager: Changes in 10236 5 to 15, 8 to 0
04-17 16:41:26.668  1008  1048 D NetworkPolicy: onUidStateChanged() uid: 10236, isForeground(false, 15)
04-17 16:41:26.673  1431  1431 D HidDeviceService: handleMessage(): msg.what=8
04-17 16:41:27.050   732  1317 I bauth_FPBAuthService: pcf : 0x1012, 0 ,1 ,0 ,0 ,0 ,0, 6.0.0.6
04-17 16:41:27.050   732  1317 I bauth_FPBAuthService: thread id : 1, preenroll_flag : 0, nd cnt : 0, cso : 0, et : 0
04-17 16:41:27.050   732  1317 I bauth_FPBAuthService: FPBAuthService, 11333
04-17 16:41:27.643  1459  1459 D KeyguardSecIndicationPolicy:  remove Item pos = DEFAULT                             , id =  2398, 
04-17 16:41:27.644  1459  1459 D KeyguardSecIndicationPolicy:   update top pos = DEFAULT, item = [id=2398|ty=BATTERY|pr=40|txt=Încărcare: 86%
04-17 16:41:27.644  1459  1459 D KeyguardSecIndicationPolicy: 31 m până la încărcarea completă|ti=duration=3000|an=false] -> [id=2399|ty=BATTERY_RESTING|pr=20|txt=Încărcare: 86%
04-17 16:41:27.644  1459  1459 D KeyguardSecIndicationPolicy: 31 m până la încărcarea completă|ti=duration=PERSISTENT|an=false]
04-17 16:41:27.645  1459  1459 D KeyguardSecIndicationController: onIndicationChanged() return - keyguard is not visible, pos = DEFAULT, item = [id=2399|ty=BATTERY_RESTING|pr=20|txt=Încărcare: 86%
04-17 16:41:27.645  1459  1459 D KeyguardSecIndicationController: 31 m până la încărcarea completă|ti=duration=PERSISTENT|an=false]
04-17 16:41:27.719  1008  1151 D SamsungAlarmManager: Expired : 8
04-17 16:41:27.719  1008  1151 V SamsungAlarmManager: setLocked to kernel - W:936694976 / NW:936657471, now=936639527
04-17 16:41:28.034  1008  1058 I ActivityManager: Changes in 10074 5 to 15, 8 to 0
04-17 16:41:28.040  1008  1048 D NetworkPolicy: onUidStateChanged() uid: 10074, isForeground(false, 15)
04-17 16:41:28.041  1431  1431 D HidDeviceService: handleMessage(): msg.what=8
04-17 16:41:28.050   732  1317 I bauth_FPBAuthService: pcf : 0x1012, 0 ,1 ,0 ,0 ,0 ,0, 6.0.0.6
04-17 16:41:28.051   732  1317 I bauth_FPBAuthService: thread id : 1, preenroll_flag : 0, nd cnt : 0, cso : 0, et : 0
04-17 16:41:28.051   732  1317 I bauth_FPBAuthService: FPBAuthService, 11333
04-17 16:41:28.998  1008  1059 I AppOps  : commitUidPendingStateLocked() :: UID - 10053, 100 > 500, 15 > 15
04-17 16:41:29.051   732  1317 I bauth_FPBAuthService: pcf : 0x1012, 0 ,1 ,0 ,0 ,0 ,0, 6.0.0.6
04-17 16:41:29.051   732  1317 I bauth_FPBAuthService: thread id : 1, preenroll_flag : 0, nd cnt : 0, cso : 0, et : 0
04-17 16:41:29.051   732  1317 I bauth_FPBAuthService: FPBAuthService, 11333
04-17 16:41:29.104  1008  1269 D SemCellularStateManager: onSignalStrengthsChanged: mCellularSignalLevel=4
04-17 16:41:29.106  1459  1577 D MobileStatusTracker(0/3): onSignalStrengthsChanged signalStrength=SignalStrength:{mCdma=Invalid,mGsm=Invalid,mWcdma=Invalid,mTdscdma=Invalid,mLte=CellSignalStrengthLte: rssi=-95 rsrp=-94 rsrq=-16 rssnr=0 cqiTableIndex=2147483647 cqi=8 ta=2147483647 level=4 parametersUseForLevel=0,mNr=Invalid,SignalBarInfo{ lteLevel=3 },rat=14,primary=CellSignalStrengthLte} level=3
04-17 16:41:29.108  1459  1577 D NetworkController: SignalStrength from intent slotId=0
04-17 16:41:29.240  1008  2196 E Tethering: [api31.BpfCoordinatorShimImpl] ERROR Fail to fetch tethering stats from BPF map: : getNextMapKey failed: EBADF (Bad file descriptor)
04-17 16:41:29.240  1008  2196 E Tethering: android.system.ErrnoException: getNextMapKey failed: EBADF (Bad file descriptor)
04-17 16:41:29.240  1008  2196 E Tethering: 	at com.android.networkstack.tethering.BpfMap.getNextMapKey(Native Method)
04-17 16:41:29.240  1008  2196 E Tethering: 	at com.android.networkstack.tethering.BpfMap.getNextRawKey(BpfMap.java:199)
04-17 16:41:29.240  1008  2196 E Tethering: 	at com.android.networkstack.tethering.BpfMap.getNextKeyInternal(BpfMap.java:177)
04-17 16:41:29.240  1008  2196 E Tethering: 	at com.android.networkstack.tethering.BpfMap.getFirstKey(BpfMap.java:206)
04-17 16:41:29.240  1008  2196 E Tethering: 	at com.android.networkstack.tethering.BpfMap.forEach(BpfMap.java:243)
04-17 16:41:29.240  1008  2196 E Tethering: 	at com.android.networkstack.tethering.apishim.api31.BpfCoordinatorShimImpl.tetherOffloadGetStats(BpfCoordinatorShimImpl.java:241)
04-17 16:41:29.240  1008  2196 E Tethering: 	at com.android.networkstack.tethering.BpfCoordinator.updateForwardedStats(BpfCoordinator.java:1844)
04-17 16:41:29.240  1008  2196 E Tethering: 	at com.android.networkstack.tethering.BpfCoordinator.lambda$new$0(BpfCoordinator.java:249)
04-17 16:41:29.240  1008  2196 E Tethering: 	at com.android.networkstack.tethering.BpfCoordinator.$r8$lambda$11zi2so53-tPlRpKnlSkWOpxReo(Unknown Source:0)
04-17 16:41:29.240  1008  2196 E Tethering: 	at com.android.networkstack.tethering.BpfCoordinator$$ExternalSyntheticLambda0.run(Unknown Source:2)
04-17 16:41:29.240  1008  2196 E Tethering: 	at android.os.Handler.handleCallback(Handler.java:938)
04-17 16:41:29.240  1008  2196 E Tethering: 	at android.os.Handler.dispatchMessage(Handler.java:99)
04-17 16:41:29.240  1008  2196 E Tethering: 	at android.os.Looper.loopOnce(Looper.java:226)
04-17 16:41:29.240  1008  2196 E Tethering: 	at android.os.Looper.loop(Looper.java:313)
04-17 16:41:29.240  1008  2196 E Tethering: 	at android.os.HandlerThread.run(HandlerThread.java:67)
04-17 16:41:29.241  1008  2196 E Tethering: [BpfCoordinator] ERROR Problem fetching tethering stats
04-17 16:41:30.052   732  1317 I bauth_FPBAuthService: pcf : 0x1012, 0 ,1 ,0 ,0 ,0 ,0, 6.0.0.6
04-17 16:41:30.052   732  1317 I bauth_FPBAuthService: thread id : 1, preenroll_flag : 0, nd cnt : 0, cso : 0, et : 0
04-17 16:41:30.052   732  1317 I bauth_FPBAuthService: FPBAuthService, 11333
04-17 16:41:30.571   456   456 D io_stats: !@   8,0 r 3076222 111434672 w 2495099 110411320 d 0 0 f 0 0 iot 2050656 0 th 0 0 0 pt 0 inp 0 0 144749.186
04-17 16:41:31.053   732  1317 I bauth_FPBAuthService: pcf : 0x1012, 0 ,1 ,0 ,0 ,0 ,0, 6.0.0.6
04-17 16:41:31.053   732  1317 I bauth_FPBAuthService: thread id : 1, preenroll_flag : 0, nd cnt : 0, cso : 0, et : 0
04-17 16:41:31.053   732  1317 I bauth_FPBAuthService: FPBAuthService, 11333
04-17 16:41:32.054   732  1317 I bauth_FPBAuthService: pcf : 0x1012, 0 ,1 ,0 ,0 ,0 ,0, 6.0.0.6
04-17 16:41:32.054   732  1317 I bauth_FPBAuthService: thread id : 1, preenroll_flag : 0, nd cnt : 0, cso : 0, et : 0
04-17 16:41:32.055   732  1317 I bauth_FPBAuthService: FPBAuthService, 11333
04-17 16:41:33.008 17182 32191 I NearbyPresence: (REDACTED) %s verified [==] new request %s equals to the old request
04-17 16:41:33.055   732  1317 I bauth_FPBAuthService: pcf : 0x1012, 0 ,1 ,0 ,0 ,0 ,0, 6.0.0.6
04-17 16:41:33.055   732  1317 I bauth_FPBAuthService: thread id : 1, preenroll_flag : 0, nd cnt : 0, cso : 0, et : 0
04-17 16:41:33.055   732  1317 I bauth_FPBAuthService: FPBAuthService, 11333
04-17 16:41:33.287   471 32730 I keystore2: keystore2::watchdog: Watchdog thread idle -> terminating. Have a great day.
04-17 16:41:33.538 17182 17182 D BoundBrokerSvc: onUnbind: Intent { act=com.google.android.gms.findmydevice.spot.service.locationreport.START dat=chimera-action: cmp=com.google.android.gms/.chimera.PersistentApiService }
04-17 16:41:34.056   732  1317 I bauth_FPBAuthService: pcf : 0x1012, 0 ,1 ,0 ,0 ,0 ,0, 6.0.0.6
04-17 16:41:34.056   732  1317 I bauth_FPBAuthService: thread id : 1, preenroll_flag : 0, nd cnt : 0, cso : 0, et : 0
04-17 16:41:34.056   732  1317 I bauth_FPBAuthService: FPBAuthService, 11333
04-17 16:41:34.130  1008  3647 D SGM:GameManager: identifyForegroundApp. com.sec.android.app.launcher, mCurrentUserId: 0, callerUserId: 0
04-17 16:41:34.133  1008  3647 D SGM:PkgDataHelper: getGamePkgData(). com.sec.android.app.launcher
04-17 16:41:34.133 30070 30137 I a       : [#CMH#] Is foreground game app: false
04-17 16:41:34.224  1008  1269 D SemCellularStateManager: onSignalStrengthsChanged: mCellularSignalLevel=4
04-17 16:41:34.228  1459  1577 D MobileStatusTracker(0/3): onSignalStrengthsChanged signalStrength=SignalStrength:{mCdma=Invalid,mGsm=Invalid,mWcdma=Invalid,mTdscdma=Invalid,mLte=CellSignalStrengthLte: rssi=-93 rsrp=-92 rsrq=-13 rssnr=-2 cqiTableIndex=2147483647 cqi=8 ta=2147483647 level=4 parametersUseForLevel=0,mNr=Invalid,SignalBarInfo{ lteLevel=3 },rat=14,primary=CellSignalStrengthLte} level=3
04-17 16:41:34.232  1459  1577 D NetworkController: SignalStrength from intent slotId=0
04-17 16:41:34.246  1008  2196 E Tethering: [api31.BpfCoordinatorShimImpl] ERROR Fail to fetch tethering stats from BPF map: : getNextMapKey failed: EBADF (Bad file descriptor)
04-17 16:41:34.246  1008  2196 E Tethering: android.system.ErrnoException: getNextMapKey failed: EBADF (Bad file descriptor)
04-17 16:41:34.246  1008  2196 E Tethering: 	at com.android.networkstack.tethering.BpfMap.getNextMapKey(Native Method)
04-17 16:41:34.246  1008  2196 E Tethering: 	at com.android.networkstack.tethering.BpfMap.getNextRawKey(BpfMap.java:199)
04-17 16:41:34.246  1008  2196 E Tethering: 	at com.android.networkstack.tethering.BpfMap.getNextKeyInternal(BpfMap.java:177)
04-17 16:41:34.246  1008  2196 E Tethering: 	at com.android.networkstack.tethering.BpfMap.getFirstKey(BpfMap.java:206)
04-17 16:41:34.246  1008  2196 E Tethering: 	at com.android.networkstack.tethering.BpfMap.forEach(BpfMap.java:243)
04-17 16:41:34.246  1008  2196 E Tethering: 	at com.android.networkstack.tethering.apishim.api31.BpfCoordinatorShimImpl.tetherOffloadGetStats(BpfCoordinatorShimImpl.java:241)
04-17 16:41:34.246  1008  2196 E Tethering: 	at com.android.networkstack.tethering.BpfCoordinator.updateForwardedStats(BpfCoordinator.java:1844)
04-17 16:41:34.246  1008  2196 E Tethering: 	at com.android.networkstack.tethering.BpfCoordinator.lambda$new$0(BpfCoordinator.java:249)
04-17 16:41:34.246  1008  2196 E Tethering: 	at com.android.networkstack.tethering.BpfCoordinator.$r8$lambda$11zi2so53-tPlRpKnlSkWOpxReo(Unknown Source:0)
04-17 16:41:34.246  1008  2196 E Tethering: 	at com.android.networkstack.tethering.BpfCoordinator$$ExternalSyntheticLambda0.run(Unknown Source:2)
04-17 16:41:34.246  1008  2196 E Tethering: 	at android.os.Handler.handleCallback(Handler.java:938)
04-17 16:41:34.246  1008  2196 E Tethering: 	at android.os.Handler.dispatchMessage(Handler.java:99)
04-17 16:41:34.246  1008  2196 E Tethering: 	at android.os.Looper.loopOnce(Looper.java:226)
04-17 16:41:34.246  1008  2196 E Tethering: 	at android.os.Looper.loop(Looper.java:313)
04-17 16:41:34.246  1008  2196 E Tethering: 	at android.os.HandlerThread.run(HandlerThread.java:67)
04-17 16:41:34.246  1008  2196 E Tethering: [BpfCoordinator] ERROR Problem fetching tethering stats
04-17 16:41:34.468 20354 20354 D BoundBrokerSvc: onUnbind: Intent { act=com.google.android.gms.pay.service.BIND dat=chimera-action: cmp=com.google.android.gms/.chimera.GmsApiService }
04-17 16:41:34.576   456   456 D io_stats: !@   8,0 r 3076222 111434672 w 2495101 110411336 d 0 0 f 0 0 iot 2050660 0 th 0 0 0 pt 0 inp 0 0 144753.190
04-17 16:41:34.748   551   603 D BatteryDump: wait_for_battery_event : occurred : change@/devices/platform/battery/power_supply/battery 
04-17 16:41:34.762   551   551 I android.hardware.health@2.1-service-samsung: updateLrpSysfs: write: 280
04-17 16:41:34.764  1008  3459 D BatteryService: Sending ACTION_BATTERY_CHANGED. scale:100, info:{.chargerAcOnline = false, .chargerUsbOnline = true, .chargerWirelessOnline = false, .maxChargingCurrent = 0, .maxChargingVoltage = 0, .batteryStatus = CHARGING, .batteryHealth = GOOD, .batteryPresent = true, .batteryLevel = 86, .batteryVoltage = 4225, .batteryTemperature = 286, .batteryCurrent = 665, .batteryCycleCount = 0, .batteryFullCharge = 3300000, .batteryChargeCounter = 2831145, .batteryTechnology = Li-ion}
04-17 16:41:34.764  1008  3459 D BatteryService: online:19, current avg:653, charge type:1, POGO powered:false, power sharing:false, high voltage charger:false, charger_type:0, capacity:280000, misc_event:0x20000, current_event:0x8000, current_now:665
04-17 16:41:34.767  1008  1008 E PocketModeEvent: PocketModeSetting is off 
04-17 16:41:34.767  1008  1008 D SemWifiApBroadcastReceiver: Received : android.intent.action.BATTERY_CHANGED
04-17 16:41:34.767  1008  1008 D AdaptiveBrightnessLongtermModelBuilder: Received android.intent.action.BATTERY_CHANGED
04-17 16:41:34.768  1459  1459 I PowerUI : mBootCompleted = true |  mFullyConnected = true
04-17 16:41:34.768  1459  1459 I PowerUI : BATTERY_HEALTH_CHECK extraHealth=2 mBatteryMiscEvent=131072
04-17 16:41:34.768  1459  1459 D PowerUI : priorPlugType = 2 mPlugType = 2 priorBatteryStatus = 2 mBatteryStatus = 2
04-17 16:41:34.768  1459  1459 I PowerUI : oldMisalign : false, curMisalign : false
04-17 16:41:34.769  1008  1170 D MotionRecognitionService: [SAR]  onReceive : ACTION_BATTERY_CHANGED, Plugged: 2
04-17 16:41:34.769  1008  1170 I MotionRecognitionService: [TA] In/out: true, curr state: 1
04-17 16:41:34.775  1459  1459 D PowerUI.Notification: showChargingNotice oldChargingType : 1 currentChargingType : 1 oldChargingTime : 1843000 mChargingTime : 1835000
04-17 16:41:34.775  1459  1459 D PowerUI.Notification: showChargingNotification()
04-17 16:41:34.776  1459 21699 D PowerUI.Notification: 1. restoreScreenTimeOut - saved_value : :
04-17 16:41:34.776  1459 21699 E PowerUI.Notification: no saved value, so we do nothing !!
04-17 16:41:34.777  1376  1376 D SemBigDataInfoController: Intent : android.intent.action.BATTERY_CHANGED
04-17 16:41:34.777  1376  1376 D SemBigDataInfoController: Intent : android.intent.action.BATTERY_CHANGED
04-17 16:41:34.779  1008  1059 D BaseRestrictionMgr: Package: com.bereal.ft, userid: 0, hostingType: broadcast is Restricted by policy: 4 caller is: null
04-17 16:41:34.779  1008  1059 W BroadcastQueue: intent:Intent { act=android.intent.action.BATTERY_CHANGED flg=0x60000010 (has extras) } is skipped in RestrictedPackage to ProcessRecord{7f0f975 18475:com.bereal.ft/u0a609}
04-17 16:41:34.784  1008  3647 D ApplicationPolicy: isStatusBarNotificationAllowedAsUser: packageName = com.android.systemui,userId = 0
04-17 16:41:34.785  1008  3647 D ApplicationPolicy: isStatusBarNotificationAllowedAsUser: packageName = com.android.systemui,userId = -1
04-17 16:41:34.785  1008  3647 D ApplicationPolicy: isStatusBarNotificationAllowedAsUser: converting userId from USER_ALLto 0
04-17 16:41:34.786  1459  1459 D PowerUI : Battery swelling mode - priorBatterySwellingMode = 0 mBatterySwellingMode = 0 mBatteryStatus = 2
04-17 16:41:34.786  1459  1459 I PowerUI : mBatteryMiscEvent = 131072
04-17 16:41:34.786  1459  1459 W Looper  : Slow dispatch took 18ms main h=android.os.Handler c=com.android.systemui.broadcast.ActionReceiver$onReceive$1$1$1@a28bc1 m=0
04-17 16:41:34.786  1459  1459 D KeyguardUpdateMonitor: received broadcast android.intent.action.BATTERY_CHANGED
04-17 16:41:34.791  1008  1032 D PowerManagerService: [api] acquire WakeLock DRAW_WAKE_LOCK                 'Window:StatusBar' (uid=1000 pid=1008 ws=WorkSource{10053 com.android.systemui} displayId=-1)
04-17 16:41:34.791  1008  1032 D PowerManagerService: displayReady: false groupId=0
04-17 16:41:34.791  1008  1074 D DisplayPowerController[0]: animateScreenStateChange: target=3, mLogicalDisplay.isEnabled()=true
04-17 16:41:34.794  1008  1074 D DisplayPowerController[0]: getFinalBrightness : Summary is  94 (0.37) ->  94 (0.37)
04-17 16:41:34.794  1008  1074 D PowerManagerService: [PWL] sb acquire: PowerManagerService.Display
04-17 16:41:34.794  1008  1067 D BatteryExternalStatsWorker: update stats : screen-state (33)
04-17 16:41:34.796  1008  1313 D DisplayManagerService: !@display_state requestDisplayStateInternal: DOZE_SUSPEND -> DOZE displayId=0
04-17 16:41:34.797  1008  1313 D LocalDisplayAdapter: !@ display_state: DOZE_SUSPEND -> DOZE (id:0)
04-17 16:41:34.797  1008  1050 I DisplayDeviceRepository: Display device changed state: "Ecran încorporat", DOZE
04-17 16:41:34.797   586   586 D SurfaceFlinger: Setting power mode 1 on display 0
04-17 16:41:34.798   550   550 D display : setPowerMode:: FBIOBLANK mode(1), blank(0)
04-17 16:41:34.799   550   550 D display : setPowerDoze, Doze request done
04-17 16:41:34.799   550   550 I display : [compareVsyncPeriod] set the lowest(mode:0) vsync 333 of display(0)
04-17 16:41:34.799   550   550 I display : Set m2mMPP capacity(8) for fps(60)
04-17 16:41:34.799   550   550 I display : [compareVsyncPeriod] set the lowest(mode:0) vsync 333 of display(0)
04-17 16:41:34.799   550   550 I display : Set m2mMPP capacity(8) for fps(60)
04-17 16:41:34.799  1459  1459 W Looper  : Slow dispatch took 13ms main h=android.app.ActivityThread$H c=com.android.systemui.broadcast.ActionReceiver$onReceive$1$1$1@4107f66 m=0
04-17 16:41:34.799   586   586 D SurfaceFlinger: Finished setting power mode 1 on display 0
04-17 16:41:34.799  1459  1459 W Looper  : Slow delivery took 31ms main h=android.app.ActivityThread$H c=com.android.systemui.broadcast.ActionReceiver$onReceive$1$1$1@bb82a7 m=0
04-17 16:41:34.799  1459  1459 I AODBatteryManager: updateBatteryData: ACTION_BATTERY_CHANGED
04-17 16:41:34.800  1008  1313 D PowerManagerUtil: !@ display_state: DOZE:: took 3 ms
04-17 16:41:34.800  1008  1313 D DisplayPowerController[0]: setActualDisplayState: DOZE_SUSPEND -> DOZE
04-17 16:41:34.801  1008  2551 W NetlinkSocket: maximum read
04-17 16:41:34.803  1008  2551 W NetlinkSocket: maximum read
04-17 16:41:34.808 27071 27071 I BSS_SysUiClient: handleDisplayChanged: 3
04-17 16:41:34.809 27071 27071 I BSS_SysUiWindow.S.I: handleScreenEvent : false, false, false, false
04-17 16:41:34.809 17182 17182 I NearbyDiscovery: (REDACTED) FastPairDisplayObserver: %s -> %s
04-17 16:41:34.809  1008  1074 D DisplayPowerController[0]: animateScreenStateChange: target=3, mLogicalDisplay.isEnabled()=true
04-17 16:41:34.810  1008  1074 D DisplayPowerController[0]: getFinalBrightness : Summary is  94 (0.37) ->  94 (0.37)
04-17 16:41:34.810  1008  1074 D DisplayPowerController[0]: animateScreenStateChange: target=3, mLogicalDisplay.isEnabled()=true
04-17 16:41:34.810  1008  1074 D DisplayPowerController[0]: getFinalBrightness : Summary is  94 (0.37) ->  94 (0.37)
04-17 16:41:34.810  1008  1074 D PowerManagerService: displayReady: true groupId=0
04-17 16:41:34.810  1008  1074 D PowerManagerService: [PWL] sb release: PowerManagerService.Display
04-17 16:41:34.811  1008  1008 D SGM:GameManager: onDisplayChanged. displyId: 0, state: 3
04-17 16:41:34.811  1008  1192 D SGM:GameManager: onLooperPrepared(), msg: MSG_LCD_OFF
04-17 16:41:34.811  1008  1008 D BrightnessSynchronizer: onDisplayChanged() : displayId=0
04-17 16:41:34.811  1008  1008 D BrightnessSynchronizer: updateScreenBrightness: type=2 mPreferredSettingValue=0.44705883(114) currentBrightnessInt=114 currentBrightnessIntFromFloat=114(0.44705883)
04-17 16:41:34.825  1008  1067 E system_server: Cannot read thread CPU times for PID 1008
04-17 16:41:34.825  1008  1067 D BatteryExternalStatsWorker: done updateExternalStatsLocked
04-17 16:41:34.826  1459  1459 I AODBatteryManager: saveBatteryData : AOD BatteryData [mBatteryLevel=86, mBatteryStatus=CHARGING, mBatteryPlugType=USB, mBatteryPlugged=true, mRemainingChargeTime=1835000, mBatteryChargingType=1, mBatteryChargerType=NORMAL, mBatteryOnline=NOT_DEFINED, mBatterySwellingMode=NONE, mBatteryProtectMode=false]
04-17 16:41:34.827  1459  1459 I ChargingInfoManager: updateChargingInfo: newState = AOD ChargingInfo [mState=BATTERY_AND_REMAIN_TIME, mIsCharging=true, mIsFullyCharged=false, mIsBatteryProtectMode=false], oldState = AOD ChargingInfo [mState=BATTERY_AND_REMAIN_TIME, mIsCharging=true, mIsFullyCharged=false, mIsBatteryProtectMode=false]
04-17 16:41:34.827  1459  1459 W Looper  : Slow dispatch took 27ms main h=android.app.ActivityThread$H c=android.app.LoadedApk$ReceiverDispatcher$Args$$ExternalSyntheticLambda0@5cfb354 m=0
04-17 16:41:34.827  1459  1459 I AODBatteryManager: updateBatteryData: ACTION_BATTERY_CHANGED
04-17 16:41:34.828  1459  1459 I AODBatteryManager: saveBatteryData : AOD BatteryData [mBatteryLevel=86, mBatteryStatus=CHARGING, mBatteryPlugType=USB, mBatteryPlugged=true, mRemainingChargeTime=1835000, mBatteryChargingType=1, mBatteryChargerType=NORMAL, mBatteryOnline=NOT_DEFINED, mBatterySwellingMode=NONE, mBatteryProtectMode=false]
04-17 16:41:34.830  1459  1459 D KeyguardUpdateMonitor: handleBatteryUpdate
04-17 16:41:34.833  1459  1459 D KeyguardSecIndicationPolicy:  add T Event pos = DEFAULT, type =              BATTERY, id =  2400, text = Încărcare: 86%
04-17 16:41:34.833  1459  1459 D KeyguardSecIndicationPolicy: 31 m până la încărcarea completă, duration = 3000
04-17 16:41:34.833  1459  1459 D KeyguardSecIndicationPolicy:   update top pos = DEFAULT, item = [id=2399|ty=BATTERY_RESTING|pr=20|txt=Încărcare: 86%
04-17 16:41:34.833  1459  1459 D KeyguardSecIndicationPolicy: 31 m până la încărcarea completă|ti=duration=PERSISTENT|an=false] -> [id=2400|ty=BATTERY|pr=40|txt=Încărcare: 86%
04-17 16:41:34.833  1459  1459 D KeyguardSecIndicationPolicy: 31 m până la încărcarea completă|ti=duration=3000|an=false]
04-17 16:41:34.833  1459  1459 D KeyguardSecIndicationController: onIndicationChanged() return - keyguard is not visible, pos = DEFAULT, item = [id=2400|ty=BATTERY|pr=40|txt=Încărcare: 86%
04-17 16:41:34.833  1459  1459 D KeyguardSecIndicationController: 31 m până la încărcarea completă|ti=duration=3000|an=false]
04-17 16:41:34.834  1459  1459 D KeyguardSecIndicationPolicy: update Event pos = DEFAULT, type =      BATTERY_RESTING, id =  2401, text = Încărcare: 86%
04-17 16:41:34.834  1459  1459 D KeyguardSecIndicationPolicy: 31 m până la încărcarea completă
04-17 16:41:34.834  1459  1459 D KeyguardSecIndicationController: addBatteryIndication() status = BatteryStatus{status=2,level=86,plugged=2,health=2,maxChargingWattage=-1,remaining=1835000ultraFastCharger=0}
04-17 16:41:34.834  1459  1459 D DisplayLifecycle: updateDisplay id = 0
04-17 16:41:34.836  1008  3647 D PowerManagerService: [api] acquire WakeLock DRAW_WAKE_LOCK                 'Window:NotificationShade' (uid=1000 pid=1008 ws=WorkSource{10053 com.android.systemui} displayId=-1)
04-17 16:41:34.839  1008  3647 D PowerManagerService: [api] acquire WakeLock DRAW_WAKE_LOCK                 'Window:StatusBar' ACQ=-42ms (uid=1000 pid=1008 ws=WorkSource{10053 com.android.systemui} displayId=-1)
04-17 16:41:34.840  1459  1459 I AODTriggers: onAODEventDispatched = 4 / eventData = com.samsung.android.app.aodservice.controller.configuration.AODConfigurationController$EventData@90b22fd
04-17 16:41:34.840  1459  1459 I AOD_LIVE_CLOCK@LiveClockController: updateDisplayState: DISPLAY_STATE_DOZE
04-17 16:41:34.843  1459  1459 D QS      : setQSExpansion 0.0 -600.0
04-17 16:41:34.843  1459  1459 D IndicatorGardenInputProperty: updateRotation() prv:-1 >> new:0
04-17 16:41:34.843  1459  1459 D DeviceState: getDeviceResolutionPixelSize - currentDensity = 480 deviceDensity = 480 initialDisplaySizeFactor = 1440 currentDisplaySizeFactor = 1080 initialDisplayDensity = 560 proportionalDensity = 420 proportionalPixel = 66
04-17 16:41:34.843  1459  1459 D DeviceState: getDeviceResolutionPixelSize - currentDensity = 480 deviceDensity = 480 initialDisplaySizeFactor = 1440 currentDisplaySizeFactor = 1080 initialDisplayDensity = 560 proportionalDensity = 420 proportionalPixel = 27
04-17 16:41:34.843  1459  1459 D DeviceState: getDeviceResolutionPixelSize - currentDensity = 480 deviceDensity = 480 initialDisplaySizeFactor = 1440 currentDisplaySizeFactor = 1080 initialDisplayDensity = 560 proportionalDensity = 420 proportionalPixel = 24
04-17 16:41:34.847  1459  1459 D QS      : setQSExpansion 0.0 -600.0
04-17 16:41:34.847  1459  1459 V SecQSFragmentAnimatorBase: setQsExpansionPosition 0.0
04-17 16:41:34.847  1459  1459 V QsExpandAnimator: setQsExpansionPosition 0.0 1
04-17 16:41:34.849  1459  1459 D QS      : setQSExpansion 0.0 -600.0
04-17 16:41:34.858  1459  1459 D IndicatorGardenInputProperty: updateRotation() prv:-1 >> new:0
04-17 16:41:34.858  1459  1459 D DeviceState: getDeviceResolutionPixelSize - currentDensity = 480 deviceDensity = 480 initialDisplaySizeFactor = 1440 currentDisplaySizeFactor = 1080 initialDisplayDensity = 560 proportionalDensity = 420 proportionalPixel = 66
04-17 16:41:34.858  1459  1459 D DeviceState: getDeviceResolutionPixelSize - currentDensity = 480 deviceDensity = 480 initialDisplaySizeFactor = 1440 currentDisplaySizeFactor = 1080 initialDisplayDensity = 560 proportionalDensity = 420 proportionalPixel = 27
04-17 16:41:34.858  1459  1459 D DeviceState: getDeviceResolutionPixelSize - currentDensity = 480 deviceDensity = 480 initialDisplaySizeFactor = 1440 currentDisplaySizeFactor = 1080 initialDisplayDensity = 560 proportionalDensity = 420 proportionalPixel = 24
04-17 16:41:34.859  1459  1459 W Looper  : Slow dispatch took 18ms main h=android.view.Choreographer$FrameHandler c=android.view.Choreographer$FrameDisplayEventReceiver@41f723b m=0
04-17 16:41:34.859  1459  1459 I ChargingInfoView: handleMessage: MSG_SHOW_CHARGING_INFO
04-17 16:41:34.859  1459  1459 I BottomChargingInfoView: updateContents: BATTERY_AND_REMAIN_TIME
04-17 16:41:34.859  1459  1459 I AOD_WAKELOCK@WakeLockManager: acquireIfExists: tag - charging_info, timeout - 1000, reason - Charging Info is showing, delay by 500, wakeLock = WakeLock{a1fedae held=false, refCount=0}
04-17 16:41:34.861  1008  3647 D PowerManagerService: [api] acquire WakeLock DRAW_WAKE_LOCK                 'charging_info' (uid=10053 pid=1459 displayId=-1)
04-17 16:41:34.863  1459  1459 I ChargingInfoManager: getDeviceRemainingTime: 31 m până la încărcarea completă
04-17 16:41:34.864  1008  3647 D PowerManagerService: [api] acquire WakeLock DRAW_WAKE_LOCK                 'Window:NotificationShade' ACQ=-27ms (uid=1000 pid=1008 ws=WorkSource{10053 com.android.systemui} displayId=-1)
04-17 16:41:34.865  1459  1459 I AbsChargingInfoComponent: setVisibilityWithAnim: skipped true
04-17 16:41:34.866  1008  3647 D PowerManagerService: [api] acquire WakeLock DRAW_WAKE_LOCK                 'Window:NotificationShade' ACQ=-28ms (uid=1000 pid=1008 ws=WorkSource{10053 com.android.systemui} displayId=-1)
04-17 16:41:34.868  1459  1459 D QS      : setQSExpansion 0.0 -600.0
04-17 16:41:34.870  1459  1459 D QS      : setQSExpansion 0.0 -600.0
04-17 16:41:34.872  1459  1459 W Looper  : Drained
04-17 16:41:35.004  1956  1956 I Launcher.NotificationListener: onNotificationPosted : com.android.systemui number : 0
04-17 16:41:35.005  8649  8649 I Edge.badge: updateBadge item = com.android.systemui:-1 1
04-17 16:41:35.010  1459  1459 D InterruptionStateProvider: No bubble up: not allowed to bubble: -1|com.android.systemui|2131428820|charging_state|10053
04-17 16:41:35.013  1459  1459 D InterruptionStateProvider:  no Heads up : edgelighting enabled app. -1|com.android.systemui|2131428820|charging_state|10053
04-17 16:41:35.032  1459  1459 W Looper  : Slow dispatch took 27ms main h=android.os.Handler c=com.android.systemui.statusbar.NotificationListener$$ExternalSyntheticLambda1@6f524ab m=0
04-17 16:41:35.032  1459  1577 D PeopleSpaceWidgetMgr: Sbn doesn't contain valid PeopleTileKey: null/-1/com.android.systemui
04-17 16:41:35.040  1008  1008 D PowerManagerService: [api] release WakeLock DRAW_WAKE_LOCK                 'Window:StatusBar' ACQ=-243ms (uid=1000 pid=1008 ws=WorkSource{10053 com.android.systemui} displayId=-1)
04-17 16:41:35.041  1459  1459 D QS      : setQSExpansion 0.0 -600.0
04-17 16:41:35.043  1459  1459 D QS      : setQSExpansion 0.0 -600.0
04-17 16:41:35.046  1459  1459 W Looper  : Slow dispatch took 13ms main h=android.view.Choreographer$FrameHandler c=android.view.Choreographer$FrameDisplayEventReceiver@41f723b m=0
04-17 16:41:35.047  1459  1459 W Looper  : Slow delivery took 27ms main h=com.android.systemui.statusbar.notification.row.NotifBindPipeline$NotifBindPipelineHandler c=null m=1
04-17 16:41:35.057   732  1317 I bauth_FPBAuthService: pcf : 0x1012, 0 ,1 ,0 ,0 ,0 ,0, 6.0.0.6
04-17 16:41:35.057   732  1317 I bauth_FPBAuthService: thread id : 1, preenroll_flag : 0, nd cnt : 0, cso : 0, et : 0
04-17 16:41:35.057   732  1317 I bauth_FPBAuthService: FPBAuthService, 11333
04-17 16:41:35.067  1008  1008 D PowerManagerService: [api] release WakeLock DRAW_WAKE_LOCK                 'Window:NotificationShade' ACQ=-229ms (uid=1000 pid=1008 ws=WorkSource{10053 com.android.systemui} displayId=-1)
04-17 16:41:35.067  1459  1459 D PluginAODManager: onNotificationInfoUpdated() 0|com.wssyncmldm|3|null|1000
04-17 16:41:35.067  1459  1459 D PluginAODManager: onNotificationInfoUpdated() 0|com.google.android.gms|2147483647|ranker_group|10092|ranker_group
04-17 16:41:35.067  1459  1459 D PluginAODManager: onNotificationInfoUpdated() 0|com.samsung.android.forest|104|null|1000
04-17 16:41:35.067  1459  1459 D PluginAODManager: onNotificationInfoUpdated() 0|com.google.android.gm|0|gig:1685183163:^sq_ig_i_personal|10239
04-17 16:41:35.067  1459  1459 D PluginAODManager: onNotificationInfoUpdated() 0|com.google.android.gm|0|gig:68833126:^sq_ig_i_personal|10239
04-17 16:41:35.067  1459  1459 D PluginAODManager: onNotificationInfoUpdated() 0|com.google.android.permissioncontroller|1|HibernationJobService|10096
04-17 16:41:35.067  1459  1459 I AODNotificationManager: updateVisibleNotifications: 6
04-17 16:41:35.067  1459  1459 W Looper  : Slow dispatch took 20ms main h=com.android.systemui.statusbar.LockscreenNotificationManager$LockscreenNotificationMgrHandler c=null m=101
04-17 16:41:35.070  1459  1459 D QS      : setQSExpansion 0.0 -600.0
04-17 16:41:35.072  1459  1459 D QS      : setQSExpansion 0.0 -600.0
04-17 16:41:35.077  1459  1459 W Looper  : Drained
04-17 16:41:35.096  1459  1459 W Looper  : Slow dispatch took 16ms main h=android.os.AsyncTask$InternalHandler c=null m=1
04-17 16:41:35.102  1459  1459 D QS      : setQSExpansion 0.0 -600.0
04-17 16:41:35.103  1459  1459 D QS      : setQSExpansion 0.0 -600.0
04-17 16:41:35.661 17182 17182 D BoundBrokerSvc: onUnbind: Intent { act=com.google.android.gms.auth.aang.events.services.START dat=chimera-action: cmp=com.google.android.gms/.chimera.PersistentApiService }
04-17 16:41:35.689  1330  1330 I wpa_supplicant: Heartbeat 14524
04-17 16:41:35.702  1008  1074 I PowerManagerService: [PWL] Off : 13s ago
04-17 16:41:35.702  1008  1074 I PowerManagerService: [PWL]   PowerManagerService.WakeLocks: ref count=1
04-17 16:41:35.702  1008  1074 I PowerManagerService: [PWL]     mWakeLockSummary : 0xc1
04-17 16:41:35.864  1008  3745 D PowerManagerService: [api] release WakeLock DRAW_WAKE_LOCK                 'charging_info' ACQ=-1s2ms (uid=10053 pid=1459 displayId=-1)
04-17 16:41:35.865  1008  3745 D PowerManagerService: displayReady: false groupId=0
04-17 16:41:35.865  1008  1074 D DisplayPowerController[0]: animateScreenStateChange: target=4, mLogicalDisplay.isEnabled()=true
04-17 16:41:35.867  1008  1074 D DisplayPowerController[0]: getFinalBrightness : Summary is  94 (0.37) ->  94 (0.37)
04-17 16:41:35.867  1008  1074 D PowerManagerService: [PWL] sb acquire: PowerManagerService.Display
04-17 16:41:35.868  1008  1067 D BatteryExternalStatsWorker: update stats : screen-state (33)
04-17 16:41:35.868  1008  1313 D DisplayManagerService: !@display_state requestDisplayStateInternal: DOZE -> DOZE_SUSPEND displayId=0
04-17 16:41:35.869  1008  1313 D LocalDisplayAdapter: !@ display_state: DOZE -> DOZE_SUSPEND (id:0)
04-17 16:41:35.870   586   586 D SurfaceFlinger: Setting power mode 3 on display 0
04-17 16:41:35.870  1008  1050 I DisplayDeviceRepository: Display device changed state: "Ecran încorporat", DOZE_SUSPEND
04-17 16:41:35.870   550   550 D display : setPowerMode:: FBIOBLANK mode(3), blank(0)
04-17 16:41:35.870   550   550 D display : setPowerDoze, Doze request done
04-17 16:41:35.870   550   550 I display : Set m2mMPP capacity(8) for fps(60)
04-17 16:41:35.870   550   550 I display : Set m2mMPP capacity(8) for fps(60)
04-17 16:41:35.870   586   586 D SurfaceFlinger: Finished setting power mode 3 on display 0
04-17 16:41:35.871  1008  1313 D PowerManagerUtil: !@ display_state: DOZE_SUSPEND:: took 2 ms
04-17 16:41:35.871  1008  1313 D DisplayPowerController[0]: setActualDisplayState: DOZE -> DOZE_SUSPEND
04-17 16:41:35.872  1008  1074 D DisplayPowerController[0]: animateScreenStateChange: target=4, mLogicalDisplay.isEnabled()=true
04-17 16:41:35.872  1008  1074 D DisplayPowerController[0]: getFinalBrightness : Summary is  94 (0.37) ->  94 (0.37)
04-17 16:41:35.874  1008  1074 D DisplayPowerController[0]: animateScreenStateChange: target=4, mLogicalDisplay.isEnabled()=true
04-17 16:41:35.874  1008  1074 D DisplayPowerController[0]: getFinalBrightness : Summary is  94 (0.37) ->  94 (0.37)
04-17 16:41:35.874  1008  1074 D PowerManagerService: displayReady: true groupId=0
04-17 16:41:35.875  1008  1074 D PowerManagerService: [PWL] sb release: PowerManagerService.Display
04-17 16:41:35.875  1008  2551 W NetlinkSocket: maximum read
04-17 16:41:35.878  1008  1008 D SGM:GameManager: onDisplayChanged. displyId: 0, state: 4
04-17 16:41:35.879  1008  1192 D SGM:GameManager: onLooperPrepared(), msg: MSG_LCD_OFF
04-17 16:41:35.881  1008  2551 W NetlinkSocket: maximum read
04-17 16:41:35.883  1008  1008 D BrightnessSynchronizer: onDisplayChanged() : displayId=0
04-17 16:41:35.883  1008  1008 D BrightnessSynchronizer: updateScreenBrightness: type=2 mPreferredSettingValue=0.44705883(114) currentBrightnessInt=114 currentBrightnessIntFromFloat=114(0.44705883)
04-17 16:41:35.885 27071 27071 I BSS_SysUiClient: handleDisplayChanged: 4
04-17 16:41:35.885 27071 27071 I BSS_SysUiWindow.S.I: handleScreenEvent : false, false, false, false
04-17 16:41:35.887  1459  1459 D DisplayLifecycle: updateDisplay id = 0
04-17 16:41:35.889  1459  1459 I AODTriggers: onAODEventDispatched = 4 / eventData = com.samsung.android.app.aodservice.controller.configuration.AODConfigurationController$EventData@c87ae67
04-17 16:41:35.889  1459  1459 I AOD_LIVE_CLOCK@LiveClockController: updateDisplayState: DISPLAY_STATE_DOZE_SUSPEND
04-17 16:41:35.898 17182 17182 I NearbyDiscovery: (REDACTED) FastPairDisplayObserver: %s -> %s
04-17 16:41:35.902  1008  1067 E system_server: Cannot read thread CPU times for PID 1008
04-17 16:41:35.902  1008  1067 D BatteryExternalStatsWorker: done updateExternalStatsLocked
04-17 16:41:36.057   732  1317 I bauth_FPBAuthService: pcf : 0x1012, 0 ,1 ,0 ,0 ,0 ,0, 6.0.0.6
04-17 16:41:36.058   732  1317 I bauth_FPBAuthService: thread id : 1, preenroll_flag : 0, nd cnt : 0, cso : 0, et : 0
04-17 16:41:36.058   732  1317 I bauth_FPBAuthService: FPBAuthService, 11333
04-17 16:41:36.705   705   705 D gpsd    : CALL_SENTRY(main()): GlEngine::OnResourceRelease took 251 ms (from 936648262 to 936648513) (logOverhead=0,0,0,0,0,0,0), start: 16:41:36.454
04-17 16:41:36.706   705   705 D gpsd    : GlGpsdInterface::OnStop
04-17 16:41:36.957   705   705 D gpsd    : CALL_SENTRY(main()): GlEngine::OnStop took 252 ms (from 936648513 to 936648765) (logOverhead=0,0,0,0,0,0,0), start: 16:41:36.705
04-17 16:41:36.958   705   705 D gpsd    : CALL_SENTRY(main()): GlEngine::ChipData took 505 ms (from 936648260 to 936648765) (logOverhead=0,0,0,0,0,0,0), start: 16:41:36.453
04-17 16:41:36.958   705   705 D gpsd    : CALL_SENTRY(main()): ProcessEvent took 505 ms (from 936648260 to 936648765) (logOverhead=0,0,0,0,0,0,0), start: 16:41:36.453
04-17 16:41:36.958   705   705 D gpsd    : WakeLock(Release,GPSD)
04-17 16:41:36.959   470   470 I android.system.suspend@1.0-service: !@Released: GPSD(150819ms)
04-17 16:41:37.058   732  1317 I bauth_FPBAuthService: pcf : 0x1012, 0 ,1 ,0 ,0 ,0 ,0, 6.0.0.6
04-17 16:41:37.059   732  1317 I bauth_FPBAuthService: thread id : 1, preenroll_flag : 0, nd cnt : 0, cso : 0, et : 0
04-17 16:41:37.059   732  1317 I bauth_FPBAuthService: FPBAuthService, 11333
04-17 16:41:37.836  1459  1459 D KeyguardSecIndicationPolicy:  remove Item pos = DEFAULT                             , id =  2400, 
04-17 16:41:37.838  1459  1459 D KeyguardSecIndicationPolicy:   update top pos = DEFAULT, item = [id=2400|ty=BATTERY|pr=40|txt=Încărcare: 86%
04-17 16:41:37.838  1459  1459 D KeyguardSecIndicationPolicy: 31 m până la încărcarea completă|ti=duration=3000|an=false] -> [id=2401|ty=BATTERY_RESTING|pr=20|txt=Încărcare: 86%
04-17 16:41:37.838  1459  1459 D KeyguardSecIndicationPolicy: 31 m până la încărcarea completă|ti=duration=PERSISTENT|an=false]
04-17 16:41:37.838  1459  1459 D KeyguardSecIndicationController: onIndicationChanged() return - keyguard is not visible, pos = DEFAULT, item = [id=2401|ty=BATTERY_RESTING|pr=20|txt=Încărcare: 86%
04-17 16:41:37.838  1459  1459 D KeyguardSecIndicationController: 31 m până la încărcarea completă|ti=duration=PERSISTENT|an=false]
04-17 16:41:38.060   732  1317 I bauth_FPBAuthService: pcf : 0x1012, 0 ,1 ,0 ,0 ,0 ,0, 6.0.0.6
04-17 16:41:38.060   732  1317 I bauth_FPBAuthService: thread id : 1, preenroll_flag : 0, nd cnt : 0, cso : 0, et : 0
04-17 16:41:38.060   732  1317 I bauth_FPBAuthService: FPBAuthService, 11333
04-17 16:41:38.354 22522 22577 I ContactsProvider_EventLog: contents_sample_state: [CONTACT contacts(113) data(1043) accounts({com.google (2)=57, vnd.sec.contact.phone (1)=110, com.whatsapp (7)=85}) accounts deleted({}) in_trash(in_trash(0), in_trash_for_sync(0)) calls([logtype:100 cnt:785, logtype:200 cnt:1, logtype:300 cnt:499, logtype:500 cnt:1, logtype:1000 cnt:1214]) countryIso(RO) userId(0)  ]
04-17 16:41:38.354 22522 22577 I ContactsProvider_EventLog: contents_sample_state: [ agr({[2 ,1 ,7 ,7]=1, [2 ,7]=4, [1 ,7]=37, [2 ,1 ,7 ,7 ,7]=1, [1]=18, [1 ,2]=3, [2 ,1]=9, [2]=1, [1 ,7 ,7 ,7]=1, [2 ,1 ,1]=2, [1 ,2 ,7]=27, [2 ,1 ,7]=9})  ]
04-17 16:41:38.354 22522 22577 I ContactsProvider_EventLog: contents_sample_state: [ actCnt({android.process.acore(22522)=1})  ]
04-17 16:41:38.354 22522 22577 I ContactsProvider_EventLog: contents_sample_state: [PROFILE contacts(0) data(0) accounts({})  ] [SAPROFILE contacts(1) data(2) accounts({vnd.sec.contact.phone (1)=1})  ]
04-17 16:41:38.354 22522 22577 I ContactsProvider_EventLog: contents_sample_state: [STORAGE Contacts(CE) Profile(CE) SAProfile(CE) CallLog(CE)  ]
04-17 16:41:38.354 22522 22577 I ContactsProvider_EventLog: contents_sample_state: [STATE R(F) ]
04-17 16:41:38.458 17182 17182 D BoundBrokerSvc: onUnbind: Intent { act=com.google.android.gms.libs.gmscorelogger.service.START dat=chimera-action: cmp=com.google.android.gms/.chimera.PersistentDirectBootAwareApiService }
04-17 16:41:38.581   456   456 D io_stats: !@   8,0 r 3076222 111434672 w 2495128 110411532 d 0 0 f 0 0 iot 2050668 0 th 0 0 0 pt 0 inp 0 0 144757.195
04-17 16:41:39.061   732  1317 I bauth_FPBAuthService: pcf : 0x1012, 0 ,1 ,0 ,0 ,0 ,0, 6.0.0.6
04-17 16:41:39.061   732  1317 I bauth_FPBAuthService: thread id : 1, preenroll_flag : 0, nd cnt : 0, cso : 0, et : 0
04-17 16:41:39.061   732  1317 I bauth_FPBAuthService: FPBAuthService, 11333
04-17 16:41:39.254  1008  2196 E Tethering: [api31.BpfCoordinatorShimImpl] ERROR Fail to fetch tethering stats from BPF map: : getNextMapKey failed: EBADF (Bad file descriptor)
04-17 16:41:39.254  1008  2196 E Tethering: android.system.ErrnoException: getNextMapKey failed: EBADF (Bad file descriptor)
04-17 16:41:39.254  1008  2196 E Tethering: 	at com.android.networkstack.tethering.BpfMap.getNextMapKey(Native Method)
04-17 16:41:39.254  1008  2196 E Tethering: 	at com.android.networkstack.tethering.BpfMap.getNextRawKey(BpfMap.java:199)
04-17 16:41:39.254  1008  2196 E Tethering: 	at com.android.networkstack.tethering.BpfMap.getNextKeyInternal(BpfMap.java:177)
04-17 16:41:39.254  1008  2196 E Tethering: 	at com.android.networkstack.tethering.BpfMap.getFirstKey(BpfMap.java:206)
04-17 16:41:39.254  1008  2196 E Tethering: 	at com.android.networkstack.tethering.BpfMap.forEach(BpfMap.java:243)
04-17 16:41:39.254  1008  2196 E Tethering: 	at com.android.networkstack.tethering.apishim.api31.BpfCoordinatorShimImpl.tetherOffloadGetStats(BpfCoordinatorShimImpl.java:241)
04-17 16:41:39.254  1008  2196 E Tethering: 	at com.android.networkstack.tethering.BpfCoordinator.updateForwardedStats(BpfCoordinator.java:1844)
04-17 16:41:39.254  1008  2196 E Tethering: 	at com.android.networkstack.tethering.BpfCoordinator.lambda$new$0(BpfCoordinator.java:249)
04-17 16:41:39.254  1008  2196 E Tethering: 	at com.android.networkstack.tethering.BpfCoordinator.$r8$lambda$11zi2so53-tPlRpKnlSkWOpxReo(Unknown Source:0)
04-17 16:41:39.254  1008  2196 E Tethering: 	at com.android.networkstack.tethering.BpfCoordinator$$ExternalSyntheticLambda0.run(Unknown Source:2)
04-17 16:41:39.254  1008  2196 E Tethering: 	at android.os.Handler.handleCallback(Handler.java:938)
04-17 16:41:39.254  1008  2196 E Tethering: 	at android.os.Handler.dispatchMessage(Handler.java:99)
04-17 16:41:39.254  1008  2196 E Tethering: 	at android.os.Looper.loopOnce(Looper.java:226)
04-17 16:41:39.254  1008  2196 E Tethering: 	at android.os.Looper.loop(Looper.java:313)
04-17 16:41:39.254  1008  2196 E Tethering: 	at android.os.HandlerThread.run(HandlerThread.java:67)
04-17 16:41:39.254  1008  2196 E Tethering: [BpfCoordinator] ERROR Problem fetching tethering stats
04-17 16:41:40.062   732  1317 I bauth_FPBAuthService: pcf : 0x1012, 0 ,1 ,0 ,0 ,0 ,0, 6.0.0.6
04-17 16:41:40.062   732  1317 I bauth_FPBAuthService: thread id : 1, preenroll_flag : 0, nd cnt : 0, cso : 0, et : 0
04-17 16:41:40.062   732  1317 I bauth_FPBAuthService: FPBAuthService, 11333
04-17 16:41:40.325   513   513 E audit   : type=1400 audit(1776433300.321:39328): avc:  denied  { write } for  pid=20354 comm="ThreadPoolForeg" name="traced_producer" dev="tmpfs" ino=29733 scontext=u:r:gmscore_app:s0:c512,c768 tcontext=u:object_r:traced_producer_socket:s0 tclass=sock_file permissive=0 SEPF_SM-G973F_12_0001 audit_filtered
04-17 16:41:40.326   513   513 E audit   : type=1300 audit(1776433300.321:39328): arch=c00000b7 syscall=203 success=no exit=-13 a0=5a a1=7428fa1f80 a2=1e a3=ffffffff961ffce2 items=0 ppid=533 pid=20354 auid=4294967295 uid=10092 gid=10092 euid=10092 suid=10092 fsuid=10092 egid=10092 sgid=10092 fsgid=10092 tty=(none) ses=4294967295 comm="ThreadPoolForeg" exe="/system/bin/app_process64" subj=u:r:gmscore_app:s0:c512,c768 key=(null)
04-17 16:41:40.326   513   513 E audit   : type=1327 audit(1776433300.321:39328): proctitle="com.google.android.gms"
04-17 16:41:40.362  1008  1252 D UsbStatsMonitor: 0 0 0 0 0 0 0 0 0 0 0 0 0 0 0 0 0 0 0 0 0 0 0 0 0 0 0 0 0 0 0 0 0 0 0 0 0 0 0 0 0 0 0 0 0 0 0 0 17703855194138
04-17 16:41:40.625  1008  1269 D SemCellularStateManager: onSignalStrengthsChanged: mCellularSignalLevel=4
04-17 16:41:40.627  1459  1577 D MobileStatusTracker(0/3): onSignalStrengthsChanged signalStrength=SignalStrength:{mCdma=Invalid,mGsm=Invalid,mWcdma=Invalid,mTdscdma=Invalid,mLte=CellSignalStrengthLte: rssi=-95 rsrp=-94 rsrq=-12 rssnr=0 cqiTableIndex=2147483647 cqi=8 ta=2147483647 level=4 parametersUseForLevel=0,mNr=Invalid,SignalBarInfo{ lteLevel=3 },rat=14,primary=CellSignalStrengthLte} level=3
04-17 16:41:40.632  1459  1577 D NetworkController: SignalStrength from intent slotId=0
