04-17 16:41:55.280  1459  1459 D DeviceState: getDeviceResolutionPixelSize - currentDensity = 480 deviceDensity = 480 initialDisplaySizeFactor = 1440 currentDisplaySizeFactor = 1080 initialDisplayDensity = 560 proportionalDensity = 420 proportionalPixel = 27
04-17 16:41:55.280  1459  1459 D DeviceState: getDeviceResolutionPixelSize - currentDensity = 480 deviceDensity = 480 initialDisplaySizeFactor = 1440 currentDisplaySizeFactor = 1080 initialDisplayDensity = 560 proportionalDensity = 420 proportionalPixel = 24
04-17 16:41:55.281  1459  1459 W Looper  : Slow dispatch took 19ms main h=android.view.Choreographer$FrameHandler c=android.view.Choreographer$FrameDisplayEventReceiver@41f723b m=0
04-17 16:41:55.281  1459  1459 D DisplayLifecycle: updateDisplay id = 0
04-17 16:41:55.283  1459  1459 I AODTriggers: onAODEventDispatched = 4 / eventData = com.samsung.android.app.aodservice.controller.configuration.AODConfigurationController$EventData@1c4b4d4
04-17 16:41:55.283  1459  1459 I AOD_LIVE_CLOCK@LiveClockController: updateDisplayState: DISPLAY_STATE_DOZE
04-17 16:41:55.284  1459  1459 W Looper  : Drained
04-17 16:41:55.433  1008  1008 D PowerManagerService: [api] release WakeLock DRAW_WAKE_LOCK                 'Window:StatusBar' ACQ=-203ms (uid=1000 pid=1008 ws=WorkSource{10053 com.android.systemui} displayId=-1)
04-17 16:41:55.438  8649  8649 I Edge.badge: updateBadge item = com.android.systemui:-1 1
04-17 16:41:55.438  1956  1956 I Launcher.NotificationListener: onNotificationPosted : com.android.systemui number : 0
04-17 16:41:55.446  1459  1459 D InterruptionStateProvider: No bubble up: not allowed to bubble: -1|com.android.systemui|2131428820|charging_state|10053
04-17 16:41:55.448  1459  1459 D InterruptionStateProvider:  no Heads up : edgelighting enabled app. -1|com.android.systemui|2131428820|charging_state|10053
04-17 16:41:55.466  1459  1459 W Looper  : Slow dispatch took 27ms main h=android.os.Handler c=com.android.systemui.statusbar.NotificationListener$$ExternalSyntheticLambda1@879c972 m=0
04-17 16:41:55.466  1459  1577 D PeopleSpaceWidgetMgr: Sbn doesn't contain valid PeopleTileKey: null/-1/com.android.systemui
04-17 16:41:55.466  1008  1008 D PowerManagerService: [api] release WakeLock DRAW_WAKE_LOCK                 'Window:NotificationShade' ACQ=-201ms (uid=1000 pid=1008 ws=WorkSource{10053 com.android.systemui} displayId=-1)
04-17 16:41:55.474  1459  1459 D QS      : setQSExpansion 0.0 -600.0
04-17 16:41:55.476  1459  1459 D QS      : setQSExpansion 0.0 -600.0
04-17 16:41:55.478  1459  1459 W Looper  : Slow dispatch took 12ms main h=android.view.Choreographer$FrameHandler c=android.view.Choreographer$FrameDisplayEventReceiver@41f723b m=0
04-17 16:41:55.479  1459  1459 W Looper  : Slow delivery took 25ms main h=com.android.systemui.statusbar.notification.row.NotifBindPipeline$NotifBindPipelineHandler c=null m=1
04-17 16:41:55.501  1459  1459 D PluginAODManager: onNotificationInfoUpdated() 0|com.wssyncmldm|3|null|1000
04-17 16:41:55.501  1459  1459 D PluginAODManager: onNotificationInfoUpdated() 0|com.google.android.gms|2147483647|ranker_group|10092|ranker_group
04-17 16:41:55.501  1459  1459 D PluginAODManager: onNotificationInfoUpdated() 0|com.samsung.android.forest|104|null|1000
04-17 16:41:55.501  1459  1459 D PluginAODManager: onNotificationInfoUpdated() 0|com.google.android.gm|0|gig:1685183163:^sq_ig_i_personal|10239
04-17 16:41:55.501  1459  1459 D PluginAODManager: onNotificationInfoUpdated() 0|com.google.android.gm|0|gig:68833126:^sq_ig_i_personal|10239
04-17 16:41:55.501  1459  1459 D PluginAODManager: onNotificationInfoUpdated() 0|com.google.android.permissioncontroller|1|HibernationJobService|10096
04-17 16:41:55.501  1459  1459 I AODNotificationManager: updateVisibleNotifications: 6
04-17 16:41:55.501  1459  1459 W Looper  : Slow dispatch took 22ms main h=com.android.systemui.statusbar.LockscreenNotificationManager$LockscreenNotificationMgrHandler c=null m=101
04-17 16:41:55.505  1459  1459 D QS      : setQSExpansion 0.0 -600.0
04-17 16:41:55.506  1459  1459 D QS      : setQSExpansion 0.0 -600.0
04-17 16:41:55.512  1459  1459 W Looper  : Drained
04-17 16:41:55.531  1459  1459 W Looper  : Slow dispatch took 16ms main h=android.os.AsyncTask$InternalHandler c=null m=1
04-17 16:41:55.537  1459  1459 D QS      : setQSExpansion 0.0 -600.0
04-17 16:41:55.539  1459  1459 D QS      : setQSExpansion 0.0 -600.0
04-17 16:41:55.711  1330  1330 I wpa_supplicant: Heartbeat 14526
04-17 16:41:56.074   732  1317 I bauth_FPBAuthService: pcf : 0x1012, 0 ,1 ,0 ,0 ,0 ,0, 6.0.0.6
04-17 16:41:56.075   732  1317 I bauth_FPBAuthService: thread id : 1, preenroll_flag : 0, nd cnt : 0, cso : 0, et : 0
04-17 16:41:56.075   732  1317 I bauth_FPBAuthService: FPBAuthService, 11333
04-17 16:41:56.242  1008  1512 D PowerManagerService: [api] release WakeLock DRAW_WAKE_LOCK                 'charging_info' ACQ=-1s4ms (uid=10053 pid=1459 displayId=-1)
04-17 16:41:56.243  1008  1512 D PowerManagerService: displayReady: false groupId=0
04-17 16:41:56.244  1008  1074 D DisplayPowerController[0]: animateScreenStateChange: target=4, mLogicalDisplay.isEnabled()=true
04-17 16:41:56.244  1008  1512 D PowerManagerService: [PWL] sb acquire: PowerManagerService.Display
04-17 16:41:56.246  1008  1074 D DisplayPowerController[0]: getFinalBrightness : Summary is  94 (0.37) ->  94 (0.37)
04-17 16:41:56.247  1008  1313 D DisplayManagerService: !@display_state requestDisplayStateInternal: DOZE -> DOZE_SUSPEND displayId=0
04-17 16:41:56.248  1008  1313 D LocalDisplayAdapter: !@ display_state: DOZE -> DOZE_SUSPEND (id:0)
04-17 16:41:56.248   586   586 D SurfaceFlinger: Setting power mode 3 on display 0
04-17 16:41:56.248  1008  1050 I DisplayDeviceRepository: Display device changed state: "Ecran încorporat", DOZE_SUSPEND
04-17 16:41:56.249  1008  1067 D BatteryExternalStatsWorker: update stats : screen-state (33)
04-17 16:41:56.249   550   550 D display : setPowerMode:: FBIOBLANK mode(3), blank(0)
04-17 16:41:56.249   550   550 D display : setPowerDoze, Doze request done
04-17 16:41:56.249   550   550 I display : Set m2mMPP capacity(8) for fps(60)
04-17 16:41:56.249   550   550 I display : Set m2mMPP capacity(8) for fps(60)
04-17 16:41:56.249   586   586 D SurfaceFlinger: Finished setting power mode 3 on display 0
04-17 16:41:56.251  1008  1313 D PowerManagerUtil: !@ display_state: DOZE_SUSPEND:: took 2 ms
04-17 16:41:56.251  1008  1313 D DisplayPowerController[0]: setActualDisplayState: DOZE -> DOZE_SUSPEND
04-17 16:41:56.251  1008  1074 D DisplayPowerController[0]: animateScreenStateChange: target=4, mLogicalDisplay.isEnabled()=true
04-17 16:41:56.251  1008  1074 D DisplayPowerController[0]: getFinalBrightness : Summary is  94 (0.37) ->  94 (0.37)
04-17 16:41:56.252  1008  1074 D DisplayPowerController[0]: animateScreenStateChange: target=4, mLogicalDisplay.isEnabled()=true
04-17 16:41:56.252  1008  1074 D DisplayPowerController[0]: getFinalBrightness : Summary is  94 (0.37) ->  94 (0.37)
04-17 16:41:56.252  1008  1074 D PowerManagerService: displayReady: true groupId=0
04-17 16:41:56.252  1008  1074 D PowerManagerService: [PWL] sb release: PowerManagerService.Display
04-17 16:41:56.256  1008  2551 W NetlinkSocket: maximum read
04-17 16:41:56.256  1008  2551 W NetlinkSocket: maximum read
04-17 16:41:56.262 27071 27071 I BSS_SysUiClient: handleDisplayChanged: 4
04-17 16:41:56.262 27071 27071 I BSS_SysUiWindow.S.I: handleScreenEvent : false, false, false, false
04-17 16:41:56.265  1459  1459 D DisplayLifecycle: updateDisplay id = 0
04-17 16:41:56.267  1459  1459 I AODTriggers: onAODEventDispatched = 4 / eventData = com.samsung.android.app.aodservice.controller.configuration.AODConfigurationController$EventData@9bfe8a0
04-17 16:41:56.267  1459  1459 I AOD_LIVE_CLOCK@LiveClockController: updateDisplayState: DISPLAY_STATE_DOZE_SUSPEND
04-17 16:41:56.268 17182 17182 I NearbyDiscovery: (REDACTED) FastPairDisplayObserver: %s -> %s
04-17 16:41:56.274  1008  1008 D SGM:GameManager: onDisplayChanged. displyId: 0, state: 4
04-17 16:41:56.276  1008  1192 D SGM:GameManager: onLooperPrepared(), msg: MSG_LCD_OFF
04-17 16:41:56.276  1008  1008 D BrightnessSynchronizer: onDisplayChanged() : displayId=0
04-17 16:41:56.277  1008  1008 D BrightnessSynchronizer: updateScreenBrightness: type=2 mPreferredSettingValue=0.44705883(114) currentBrightnessInt=114 currentBrightnessIntFromFloat=114(0.44705883)
04-17 16:41:56.282  1008  1067 E system_server: Cannot read thread CPU times for PID 1008
04-17 16:41:56.283  1008  1067 D BatteryExternalStatsWorker: done updateExternalStatsLocked
04-17 16:41:56.601   456   456 D io_stats: !@   8,0 r 3076222 111434672 w 2495214 110412952 d 0 0 f 0 0 iot 2050708 0 th 0 0 0 pt 0 inp 0 0 144775.216
04-17 16:41:56.616 17182 32720 I .gms.persisten: Explicit concurrent copying GC freed 196120(7506KB) AllocSpace objects, 6(312KB) LOS objects, 49% free, 21MB/42MB, paused 442us,183us total 354.617ms
04-17 16:41:57.076   732  1317 I bauth_FPBAuthService: pcf : 0x1012, 0 ,1 ,0 ,0 ,0 ,0, 6.0.0.6
04-17 16:41:57.076   732  1317 I bauth_FPBAuthService: thread id : 1, preenroll_flag : 0, nd cnt : 0, cso : 0, et : 0
04-17 16:41:57.076   732  1317 I bauth_FPBAuthService: FPBAuthService, 11333
04-17 16:41:58.076   732  1317 I bauth_FPBAuthService: pcf : 0x1012, 0 ,1 ,0 ,0 ,0 ,0, 6.0.0.6
04-17 16:41:58.077   732  1317 I bauth_FPBAuthService: thread id : 1, preenroll_flag : 0, nd cnt : 0, cso : 0, et : 0
04-17 16:41:58.077   732  1317 I bauth_FPBAuthService: FPBAuthService, 11333
04-17 16:41:58.265  1459  1459 D KeyguardSecIndicationPolicy:  remove Item pos = DEFAULT                             , id =  2404, 
04-17 16:41:58.267  1459  1459 D KeyguardSecIndicationPolicy:   update top pos = DEFAULT, item = [id=2404|ty=BATTERY|pr=40|txt=Încărcare: 86%
04-17 16:41:58.267  1459  1459 D KeyguardSecIndicationPolicy: 30 m până la încărcarea completă|ti=duration=3000|an=false] -> [id=2405|ty=BATTERY_RESTING|pr=20|txt=Încărcare: 86%
04-17 16:41:58.267  1459  1459 D KeyguardSecIndicationPolicy: 30 m până la încărcarea completă|ti=duration=PERSISTENT|an=false]
04-17 16:41:58.267  1459  1459 D KeyguardSecIndicationController: onIndicationChanged() return - keyguard is not visible, pos = DEFAULT, item = [id=2405|ty=BATTERY_RESTING|pr=20|txt=Încărcare: 86%
04-17 16:41:58.267  1459  1459 D KeyguardSecIndicationController: 30 m până la încărcarea completă|ti=duration=PERSISTENT|an=false]
04-17 16:41:59.077   732  1317 I bauth_FPBAuthService: pcf : 0x1012, 0 ,1 ,0 ,0 ,0 ,0, 6.0.0.6
04-17 16:41:59.078   732  1317 I bauth_FPBAuthService: thread id : 1, preenroll_flag : 0, nd cnt : 0, cso : 0, et : 0
04-17 16:41:59.078   732  1317 I bauth_FPBAuthService: FPBAuthService, 11333
04-17 16:41:59.274  1008  2196 E Tethering: [api31.BpfCoordinatorShimImpl] ERROR Fail to fetch tethering stats from BPF map: : getNextMapKey failed: EBADF (Bad file descriptor)
04-17 16:41:59.274  1008  2196 E Tethering: android.system.ErrnoException: getNextMapKey failed: EBADF (Bad file descriptor)
04-17 16:41:59.274  1008  2196 E Tethering: 	at com.android.networkstack.tethering.BpfMap.getNextMapKey(Native Method)
04-17 16:41:59.274  1008  2196 E Tethering: 	at com.android.networkstack.tethering.BpfMap.getNextRawKey(BpfMap.java:199)
04-17 16:41:59.274  1008  2196 E Tethering: 	at com.android.networkstack.tethering.BpfMap.getNextKeyInternal(BpfMap.java:177)
04-17 16:41:59.274  1008  2196 E Tethering: 	at com.android.networkstack.tethering.BpfMap.getFirstKey(BpfMap.java:206)
04-17 16:41:59.274  1008  2196 E Tethering: 	at com.android.networkstack.tethering.BpfMap.forEach(BpfMap.java:243)
04-17 16:41:59.274  1008  2196 E Tethering: 	at com.android.networkstack.tethering.apishim.api31.BpfCoordinatorShimImpl.tetherOffloadGetStats(BpfCoordinatorShimImpl.java:241)
04-17 16:41:59.274  1008  2196 E Tethering: 	at com.android.networkstack.tethering.BpfCoordinator.updateForwardedStats(BpfCoordinator.java:1844)
04-17 16:41:59.274  1008  2196 E Tethering: 	at com.android.networkstack.tethering.BpfCoordinator.lambda$new$0(BpfCoordinator.java:249)
04-17 16:41:59.274  1008  2196 E Tethering: 	at com.android.networkstack.tethering.BpfCoordinator.$r8$lambda$11zi2so53-tPlRpKnlSkWOpxReo(Unknown Source:0)
04-17 16:41:59.274  1008  2196 E Tethering: 	at com.android.networkstack.tethering.BpfCoordinator$$ExternalSyntheticLambda0.run(Unknown Source:2)
04-17 16:41:59.274  1008  2196 E Tethering: 	at android.os.Handler.handleCallback(Handler.java:938)
04-17 16:41:59.274  1008  2196 E Tethering: 	at android.os.Handler.dispatchMessage(Handler.java:99)
04-17 16:41:59.274  1008  2196 E Tethering: 	at android.os.Looper.loopOnce(Looper.java:226)
04-17 16:41:59.274  1008  2196 E Tethering: 	at android.os.Looper.loop(Looper.java:313)
04-17 16:41:59.274  1008  2196 E Tethering: 	at android.os.HandlerThread.run(HandlerThread.java:67)
04-17 16:41:59.274  1008  2196 E Tethering: [BpfCoordinator] ERROR Problem fetching tethering stats
04-17 16:41:59.895 22078 22138 I DGW     : I[sendRequest:85] StreamGroupConnectivityAwareNetworkLayer[notifgateway] buffering request with connection state: 2
04-17 16:42:00.001  1008  1151 D SamsungAlarmManager: Expired : 8
04-17 16:42:00.002  1008  1151 V SamsungAlarmManager: setLocked to kernel - W:936694976 / NW:936819526, now=936671809
04-17 16:42:00.078   732  1317 I bauth_FPBAuthService: pcf : 0x1012, 0 ,1 ,0 ,0 ,0 ,0, 6.0.0.6
04-17 16:42:00.078   732  1317 I bauth_FPBAuthService: thread id : 1, preenroll_flag : 0, nd cnt : 0, cso : 0, et : 0
04-17 16:42:00.078   732  1317 I bauth_FPBAuthService: FPBAuthService, 11333
04-17 16:42:01.079   732  1317 I bauth_FPBAuthService: pcf : 0x1012, 0 ,1 ,0 ,0 ,0 ,0, 6.0.0.6
04-17 16:42:01.079   732  1317 I bauth_FPBAuthService: thread id : 1, preenroll_flag : 0, nd cnt : 0, cso : 0, et : 0
04-17 16:42:01.079   732  1317 I bauth_FPBAuthService: FPBAuthService, 11333
04-17 16:42:02.080   732  1317 I bauth_FPBAuthService: pcf : 0x1012, 0 ,1 ,0 ,0 ,0 ,0, 6.0.0.6
04-17 16:42:02.080   732  1317 I bauth_FPBAuthService: thread id : 1, preenroll_flag : 0, nd cnt : 0, cso : 0, et : 0
04-17 16:42:02.080   732  1317 I bauth_FPBAuthService: FPBAuthService, 11333
04-17 16:42:02.608   456   456 D io_stats: !@   8,0 r 3076222 111434672 w 2495220 110413524 d 0 0 f 0 0 iot 2050720 0 th 0 0 0 pt 0 inp 0 0 144781.223
04-17 16:42:03.081   732  1317 I bauth_FPBAuthService: pcf : 0x1012, 0 ,1 ,0 ,0 ,0 ,0, 6.0.0.6
04-17 16:42:03.081   732  1317 I bauth_FPBAuthService: thread id : 1, preenroll_flag : 0, nd cnt : 0, cso : 0, et : 0
04-17 16:42:03.081   732  1317 I bauth_FPBAuthService: FPBAuthService, 11333
04-17 16:42:03.098  1008  1008 I ActivityManager: Killing 27368:com.samsung.android.sm.devicesecurity/5012 (adj 995): empty for 1807s
04-17 16:42:03.100  1008  1008 I ActivityManager: Killing 26750:com.sec.android.daemonapp/u0a212 (adj 995): empty for 1808s
04-17 16:42:03.101  1008  1008 I ActivityManager: Killing 22956:com.google.process.gapps/u0a92 (adj 999): empty for 1808s
04-17 16:42:03.105  1008  1061 I libprocessgroup: Successfully killed process cgroup uid 5012 pid 27368 in 0ms
04-17 16:42:03.184   533   533 I Zygote  : Process 22956 exited due to signal 9 (Killed)
04-17 16:42:03.191   533   533 I Zygote  : Process 26750 exited due to signal 9 (Killed)
04-17 16:42:03.197   533   533 I Zygote  : Process 27368 exited due to signal 9 (Killed)
04-17 16:42:03.200  1431  1431 D HidDeviceService: handleMessage(): msg.what=8
04-17 16:42:03.208  1431  1431 D HidDeviceService: handleMessage(): msg.what=8
04-17 16:42:03.210  1008  1061 I libprocessgroup: Successfully killed process cgroup uid 10212 pid 26750 in 0ms
04-17 16:42:03.210  1008  1061 I libprocessgroup: Successfully killed process cgroup uid 10092 pid 22956 in 0ms
04-17 16:42:04.082   732  1317 I bauth_FPBAuthService: pcf : 0x1012, 0 ,1 ,0 ,0 ,0 ,0, 6.0.0.6
04-17 16:42:04.082   732  1317 I bauth_FPBAuthService: thread id : 1, preenroll_flag : 0, nd cnt : 0, cso : 0, et : 0
04-17 16:42:04.082   732  1317 I bauth_FPBAuthService: FPBAuthService, 11333
04-17 16:42:04.277  1008  2196 E Tethering: [api31.BpfCoordinatorShimImpl] ERROR Fail to fetch tethering stats from BPF map: : getNextMapKey failed: EBADF (Bad file descriptor)
04-17 16:42:04.277  1008  2196 E Tethering: android.system.ErrnoException: getNextMapKey failed: EBADF (Bad file descriptor)
04-17 16:42:04.277  1008  2196 E Tethering: 	at com.android.networkstack.tethering.BpfMap.getNextMapKey(Native Method)
04-17 16:42:04.277  1008  2196 E Tethering: 	at com.android.networkstack.tethering.BpfMap.getNextRawKey(BpfMap.java:199)
04-17 16:42:04.277  1008  2196 E Tethering: 	at com.android.networkstack.tethering.BpfMap.getNextKeyInternal(BpfMap.java:177)
04-17 16:42:04.277  1008  2196 E Tethering: 	at com.android.networkstack.tethering.BpfMap.getFirstKey(BpfMap.java:206)
04-17 16:42:04.277  1008  2196 E Tethering: 	at com.android.networkstack.tethering.BpfMap.forEach(BpfMap.java:243)
04-17 16:42:04.277  1008  2196 E Tethering: 	at com.android.networkstack.tethering.apishim.api31.BpfCoordinatorShimImpl.tetherOffloadGetStats(BpfCoordinatorShimImpl.java:241)
04-17 16:42:04.277  1008  2196 E Tethering: 	at com.android.networkstack.tethering.BpfCoordinator.updateForwardedStats(BpfCoordinator.java:1844)
04-17 16:42:04.277  1008  2196 E Tethering: 	at com.android.networkstack.tethering.BpfCoordinator.lambda$new$0(BpfCoordinator.java:249)
04-17 16:42:04.277  1008  2196 E Tethering: 	at com.android.networkstack.tethering.BpfCoordinator.$r8$lambda$11zi2so53-tPlRpKnlSkWOpxReo(Unknown Source:0)
04-17 16:42:04.277  1008  2196 E Tethering: 	at com.android.networkstack.tethering.BpfCoordinator$$ExternalSyntheticLambda0.run(Unknown Source:2)
04-17 16:42:04.277  1008  2196 E Tethering: 	at android.os.Handler.handleCallback(Handler.java:938)
04-17 16:42:04.277  1008  2196 E Tethering: 	at android.os.Handler.dispatchMessage(Handler.java:99)
04-17 16:42:04.277  1008  2196 E Tethering: 	at android.os.Looper.loopOnce(Looper.java:226)
04-17 16:42:04.277  1008  2196 E Tethering: 	at android.os.Looper.loop(Looper.java:313)
04-17 16:42:04.277  1008  2196 E Tethering: 	at android.os.HandlerThread.run(HandlerThread.java:67)
04-17 16:42:04.277  1008  2196 E Tethering: [BpfCoordinator] ERROR Problem fetching tethering stats
04-17 16:42:05.083   732  1317 I bauth_FPBAuthService: pcf : 0x1012, 0 ,1 ,0 ,0 ,0 ,0, 6.0.0.6
04-17 16:42:05.083   732  1317 I bauth_FPBAuthService: thread id : 1, preenroll_flag : 0, nd cnt : 0, cso : 0, et : 0
04-17 16:42:05.083   732  1317 I bauth_FPBAuthService: FPBAuthService, 11333
04-17 16:42:05.371   551   603 D BatteryDump: wait_for_battery_event : occurred : change@/devices/platform/battery/power_supply/battery 
04-17 16:42:05.387   551   551 I android.hardware.health@2.1-service-samsung: updateLrpSysfs: write: 273
04-17 16:42:05.389  1008  3459 D BatteryService: Sending ACTION_BATTERY_CHANGED. scale:100, info:{.chargerAcOnline = false, .chargerUsbOnline = true, .chargerWirelessOnline = false, .maxChargingCurrent = 0, .maxChargingVoltage = 0, .batteryStatus = CHARGING, .batteryHealth = GOOD, .batteryPresent = true, .batteryLevel = 86, .batteryVoltage = 4224, .batteryTemperature = 283, .batteryCurrent = 632, .batteryCycleCount = 0, .batteryFullCharge = 3300000, .batteryChargeCounter = 2840964, .batteryTechnology = Li-ion}
04-17 16:42:05.389  1008  3459 D BatteryService: online:19, current avg:637, charge type:1, POGO powered:false, power sharing:false, high voltage charger:false, charger_type:0, capacity:280000, misc_event:0x20000, current_event:0x8000, current_now:632
04-17 16:42:05.391  1008  1170 D MotionRecognitionService: [SAR]  onReceive : ACTION_BATTERY_CHANGED, Plugged: 2
04-17 16:42:05.391  1008  1170 I MotionRecognitionService: [TA] In/out: true, curr state: 1
04-17 16:42:05.391  1008  1008 E PocketModeEvent: PocketModeSetting is off 
04-17 16:42:05.391  1008  1008 D SemWifiApBroadcastReceiver: Received : android.intent.action.BATTERY_CHANGED
04-17 16:42:05.392  1008  1008 D AdaptiveBrightnessLongtermModelBuilder: Received android.intent.action.BATTERY_CHANGED
04-17 16:42:05.393  1376  1376 D SemBigDataInfoController: Intent : android.intent.action.BATTERY_CHANGED
04-17 16:42:05.394  1459  1459 I PowerUI : mBootCompleted = true |  mFullyConnected = true
04-17 16:42:05.394  1459  1459 I PowerUI : BATTERY_HEALTH_CHECK extraHealth=2 mBatteryMiscEvent=131072
04-17 16:42:05.395  1459  1459 D PowerUI : priorPlugType = 2 mPlugType = 2 priorBatteryStatus = 2 mBatteryStatus = 2
04-17 16:42:05.395  1459  1459 I PowerUI : oldMisalign : false, curMisalign : false
04-17 16:42:05.397  1459  1459 D PowerUI.Notification: showChargingNotice oldChargingType : 1 currentChargingType : 1 oldChargingTime : 1825000 mChargingTime : 1816000
04-17 16:42:05.397  1459  1459 D PowerUI.Notification: showChargingNotification()
04-17 16:42:05.398  1376  1376 D SemBigDataInfoController: Intent : android.intent.action.BATTERY_CHANGED
04-17 16:42:05.399  1008  1059 D BaseRestrictionMgr: Package: com.bereal.ft, userid: 0, hostingType: broadcast is Restricted by policy: 4 caller is: null
04-17 16:42:05.399  1008  1059 W BroadcastQueue: intent:Intent { act=android.intent.action.BATTERY_CHANGED flg=0x60000010 (has extras) } is skipped in RestrictedPackage to ProcessRecord{7f0f975 18475:com.bereal.ft/u0a609}
04-17 16:42:05.408  1008  2021 D ApplicationPolicy: isStatusBarNotificationAllowedAsUser: packageName = com.android.systemui,userId = 0
04-17 16:42:05.408  1459  2622 D PowerUI.Notification: 1. restoreScreenTimeOut - saved_value : :
04-17 16:42:05.408  1459  2622 E PowerUI.Notification: no saved value, so we do nothing !!
04-17 16:42:05.408  1008  2021 D ApplicationPolicy: isStatusBarNotificationAllowedAsUser: packageName = com.android.systemui,userId = -1
04-17 16:42:05.408  1008  2021 D ApplicationPolicy: isStatusBarNotificationAllowedAsUser: converting userId from USER_ALLto 0
04-17 16:42:05.410  1459  1459 D PowerUI : Battery swelling mode - priorBatterySwellingMode = 0 mBatterySwellingMode = 0 mBatteryStatus = 2
04-17 16:42:05.410  1459  1459 I PowerUI : mBatteryMiscEvent = 131072
04-17 16:42:05.410  1459  1459 W Looper  : Slow dispatch took 16ms main h=android.os.Handler c=com.android.systemui.broadcast.ActionReceiver$onReceive$1$1$1@178b4f6 m=0
04-17 16:42:05.410  1459  1459 D KeyguardUpdateMonitor: received broadcast android.intent.action.BATTERY_CHANGED
04-17 16:42:05.418  1008  2021 D PowerManagerService: [api] acquire WakeLock DRAW_WAKE_LOCK                 'Window:StatusBar' (uid=1000 pid=1008 ws=WorkSource{10053 com.android.systemui} displayId=-1)
04-17 16:42:05.419  1008  2021 D PowerManagerService: displayReady: false groupId=0
04-17 16:42:05.419  1008  1074 D DisplayPowerController[0]: animateScreenStateChange: target=3, mLogicalDisplay.isEnabled()=true
04-17 16:42:05.422  1008  2021 D PowerManagerService: [PWL] sb acquire: PowerManagerService.Display
04-17 16:42:05.423  1008  1074 D DisplayPowerController[0]: getFinalBrightness : Summary is  94 (0.37) ->  94 (0.37)
04-17 16:42:05.423  1008  1067 D BatteryExternalStatsWorker: update stats : screen-state (33)
04-17 16:42:05.425  1008  1313 D DisplayManagerService: !@display_state requestDisplayStateInternal: DOZE_SUSPEND -> DOZE displayId=0
04-17 16:42:05.426  1008  1313 D LocalDisplayAdapter: !@ display_state: DOZE_SUSPEND -> DOZE (id:0)
04-17 16:42:05.426  1008  1050 I DisplayDeviceRepository: Display device changed state: "Ecran încorporat", DOZE
04-17 16:42:05.427   586   586 D SurfaceFlinger: Setting power mode 1 on display 0
04-17 16:42:05.427   550   550 D display : setPowerMode:: FBIOBLANK mode(1), blank(0)
04-17 16:42:05.429   550   550 D display : setPowerDoze, Doze request done
04-17 16:42:05.429   550   550 I display : [compareVsyncPeriod] set the lowest(mode:0) vsync 333 of display(0)
04-17 16:42:05.429   550   550 I display : Set m2mMPP capacity(8) for fps(60)
04-17 16:42:05.429   550   550 I display : [compareVsyncPeriod] set the lowest(mode:0) vsync 333 of display(0)
04-17 16:42:05.429   550   550 I display : Set m2mMPP capacity(8) for fps(60)
04-17 16:42:05.429   586   586 D SurfaceFlinger: Finished setting power mode 1 on display 0
04-17 16:42:05.431  1008  1008 D SGM:GameManager: onDisplayChanged. displyId: 0, state: 3
04-17 16:42:05.431  1008  1313 D PowerManagerUtil: !@ display_state: DOZE:: took 5 ms
04-17 16:42:05.431  1008  1192 D SGM:GameManager: onLooperPrepared(), msg: MSG_LCD_OFF
04-17 16:42:05.431  1008  1313 D DisplayPowerController[0]: setActualDisplayState: DOZE_SUSPEND -> DOZE
04-17 16:42:05.431  1008  1008 D BrightnessSynchronizer: onDisplayChanged() : displayId=0
04-17 16:42:05.431  1008  1074 D DisplayPowerController[0]: animateScreenStateChange: target=3, mLogicalDisplay.isEnabled()=true
04-17 16:42:05.431  1008  1008 D BrightnessSynchronizer: updateScreenBrightness: type=2 mPreferredSettingValue=0.44705883(114) currentBrightnessInt=114 currentBrightnessIntFromFloat=114(0.44705883)
04-17 16:42:05.432  1008  1074 D DisplayPowerController[0]: getFinalBrightness : Summary is  94 (0.37) ->  94 (0.37)
04-17 16:42:05.432  1008  1074 D DisplayPowerController[0]: animateScreenStateChange: target=3, mLogicalDisplay.isEnabled()=true
04-17 16:42:05.432  1008  1074 D DisplayPowerController[0]: getFinalBrightness : Summary is  94 (0.37) ->  94 (0.37)
04-17 16:42:05.432  1008  1074 D PowerManagerService: displayReady: true groupId=0
04-17 16:42:05.432  1008  1074 D PowerManagerService: [PWL] sb release: PowerManagerService.Display
04-17 16:42:05.434  1008  2551 W NetlinkSocket: maximum read
04-17 16:42:05.434  1008  2551 W NetlinkSocket: maximum read
04-17 16:42:05.437 27071 27071 I BSS_SysUiClient: handleDisplayChanged: 3
04-17 16:42:05.438 27071 27071 I BSS_SysUiWindow.S.I: handleScreenEvent : false, false, false, false
04-17 16:42:05.446 17182 17182 I NearbyDiscovery: (REDACTED) FastPairDisplayObserver: %s -> %s
04-17 16:42:05.447  1459  1459 W Looper  : Slow dispatch took 37ms main h=android.app.ActivityThread$H c=com.android.systemui.broadcast.ActionReceiver$onReceive$1$1$1@3cc30f7 m=0
04-17 16:42:05.448  1459  1459 W Looper  : Slow delivery took 55ms main h=android.app.ActivityThread$H c=com.android.systemui.broadcast.ActionReceiver$onReceive$1$1$1@ae64b64 m=0
04-17 16:42:05.448  1459  1459 I AODBatteryManager: updateBatteryData: ACTION_BATTERY_CHANGED
04-17 16:42:05.459  1008  1067 E system_server: Cannot read thread CPU times for PID 1008
04-17 16:42:05.460  1008  1067 D BatteryExternalStatsWorker: done updateExternalStatsLocked
04-17 16:42:05.461  1459  1459 I AODBatteryManager: saveBatteryData : AOD BatteryData [mBatteryLevel=86, mBatteryStatus=CHARGING, mBatteryPlugType=USB, mBatteryPlugged=true, mRemainingChargeTime=1816000, mBatteryChargingType=1, mBatteryChargerType=NORMAL, mBatteryOnline=NOT_DEFINED, mBatterySwellingMode=NONE, mBatteryProtectMode=false]
04-17 16:42:05.462  1459  1459 I ChargingInfoManager: updateChargingInfo: newState = AOD ChargingInfo [mState=BATTERY_AND_REMAIN_TIME, mIsCharging=true, mIsFullyCharged=false, mIsBatteryProtectMode=false], oldState = AOD ChargingInfo [mState=BATTERY_AND_REMAIN_TIME, mIsCharging=true, mIsFullyCharged=false, mIsBatteryProtectMode=false]
04-17 16:42:05.462  1459  1459 W Looper  : Slow dispatch took 13ms main h=android.app.ActivityThread$H c=android.app.LoadedApk$ReceiverDispatcher$Args$$ExternalSyntheticLambda0@25ec1cd m=0
04-17 16:42:05.462  1459  1459 I AODBatteryManager: updateBatteryData: ACTION_BATTERY_CHANGED
04-17 16:42:05.464  1459  1459 I AODBatteryManager: saveBatteryData : AOD BatteryData [mBatteryLevel=86, mBatteryStatus=CHARGING, mBatteryPlugType=USB, mBatteryPlugged=true, mRemainingChargeTime=1816000, mBatteryChargingType=1, mBatteryChargerType=NORMAL, mBatteryOnline=NOT_DEFINED, mBatterySwellingMode=NONE, mBatteryProtectMode=false]
04-17 16:42:05.465  1459  1459 D KeyguardUpdateMonitor: handleBatteryUpdate
04-17 16:42:05.468  1459  1459 D KeyguardSecIndicationPolicy:  add T Event pos = DEFAULT, type =              BATTERY, id =  2406, text = Încărcare: 86%
04-17 16:42:05.468  1459  1459 D KeyguardSecIndicationPolicy: 30 m până la încărcarea completă, duration = 3000
04-17 16:42:05.469  1459  1459 D KeyguardSecIndicationPolicy:   update top pos = DEFAULT, item = [id=2405|ty=BATTERY_RESTING|pr=20|txt=Încărcare: 86%
04-17 16:42:05.469  1459  1459 D KeyguardSecIndicationPolicy: 30 m până la încărcarea completă|ti=duration=PERSISTENT|an=false] -> [id=2406|ty=BATTERY|pr=40|txt=Încărcare: 86%
04-17 16:42:05.469  1459  1459 D KeyguardSecIndicationPolicy: 30 m până la încărcarea completă|ti=duration=3000|an=false]
04-17 16:42:05.469  1459  1459 D KeyguardSecIndicationController: onIndicationChanged() return - keyguard is not visible, pos = DEFAULT, item = [id=2406|ty=BATTERY|pr=40|txt=Încărcare: 86%
04-17 16:42:05.469  1459  1459 D KeyguardSecIndicationController: 30 m până la încărcarea completă|ti=duration=3000|an=false]
04-17 16:42:05.469  1459  1459 D KeyguardSecIndicationPolicy: update Event pos = DEFAULT, type =      BATTERY_RESTING, id =  2407, text = Încărcare: 86%
04-17 16:42:05.469  1459  1459 D KeyguardSecIndicationPolicy: 30 m până la încărcarea completă
04-17 16:42:05.469  1459  1459 D KeyguardSecIndicationController: addBatteryIndication() status = BatteryStatus{status=2,level=86,plugged=2,health=2,maxChargingWattage=-1,remaining=1816000ultraFastCharger=0}
04-17 16:42:05.470  1008  2781 D PowerManagerService: [api] acquire WakeLock DRAW_WAKE_LOCK                 'Window:NotificationShade' (uid=1000 pid=1008 ws=WorkSource{10053 com.android.systemui} displayId=-1)
04-17 16:42:05.474  1459  1459 D QS      : setQSExpansion 0.0 -600.0
04-17 16:42:05.474  1459  1459 D IndicatorGardenInputProperty: updateRotation() prv:-1 >> new:0
04-17 16:42:05.475  1459  1459 D DeviceState: getDeviceResolutionPixelSize - currentDensity = 480 deviceDensity = 480 initialDisplaySizeFactor = 1440 currentDisplaySizeFactor = 1080 initialDisplayDensity = 560 proportionalDensity = 420 proportionalPixel = 66
04-17 16:42:05.475  1459  1459 D DeviceState: getDeviceResolutionPixelSize - currentDensity = 480 deviceDensity = 480 initialDisplaySizeFactor = 1440 currentDisplaySizeFactor = 1080 initialDisplayDensity = 560 proportionalDensity = 420 proportionalPixel = 27
04-17 16:42:05.475  1459  1459 D DeviceState: getDeviceResolutionPixelSize - currentDensity = 480 deviceDensity = 480 initialDisplaySizeFactor = 1440 currentDisplaySizeFactor = 1080 initialDisplayDensity = 560 proportionalDensity = 420 proportionalPixel = 24
04-17 16:42:05.478  1459  1459 D QS      : setQSExpansion 0.0 -600.0
04-17 16:42:05.479  1459  1459 V SecQSFragmentAnimatorBase: setQsExpansionPosition 0.0
04-17 16:42:05.479  1459  1459 V QsExpandAnimator: setQsExpansionPosition 0.0 1
04-17 16:42:05.481  1459  1459 D QS      : setQSExpansion 0.0 -600.0
04-17 16:42:05.488  1459  1459 D IndicatorGardenInputProperty: updateRotation() prv:-1 >> new:0
04-17 16:42:05.489  1459  1459 D DeviceState: getDeviceResolutionPixelSize - currentDensity = 480 deviceDensity = 480 initialDisplaySizeFactor = 1440 currentDisplaySizeFactor = 1080 initialDisplayDensity = 560 proportionalDensity = 420 proportionalPixel = 66
04-17 16:42:05.489  1459  1459 D DeviceState: getDeviceResolutionPixelSize - currentDensity = 480 deviceDensity = 480 initialDisplaySizeFactor = 1440 currentDisplaySizeFactor = 1080 initialDisplayDensity = 560 proportionalDensity = 420 proportionalPixel = 27
04-17 16:42:05.489  1459  1459 D DeviceState: getDeviceResolutionPixelSize - currentDensity = 480 deviceDensity = 480 initialDisplaySizeFactor = 1440 currentDisplaySizeFactor = 1080 initialDisplayDensity = 560 proportionalDensity = 420 proportionalPixel = 24
04-17 16:42:05.489  1459  1459 W Looper  : Slow dispatch took 20ms main h=android.view.Choreographer$FrameHandler c=android.view.Choreographer$FrameDisplayEventReceiver@41f723b m=0
04-17 16:42:05.490  1459  1459 D DisplayLifecycle: updateDisplay id = 0
04-17 16:42:05.491  1459  1459 I AODTriggers: onAODEventDispatched = 4 / eventData = com.samsung.android.app.aodservice.controller.configuration.AODConfigurationController$EventData@b08e593
04-17 16:42:05.491  1459  1459 I AOD_LIVE_CLOCK@LiveClockController: updateDisplayState: DISPLAY_STATE_DOZE
04-17 16:42:05.492  1459  1459 I ChargingInfoView: handleMessage: MSG_SHOW_CHARGING_INFO
04-17 16:42:05.492  1459  1459 I BottomChargingInfoView: updateContents: BATTERY_AND_REMAIN_TIME
04-17 16:42:05.492  1459  1459 I AOD_WAKELOCK@WakeLockManager: acquireIfExists: tag - charging_info, timeout - 1000, reason - Charging Info is showing, delay by 500, wakeLock = WakeLock{a1fedae held=false, refCount=0}
04-17 16:42:05.493  1008  2781 D PowerManagerService: [api] acquire WakeLock DRAW_WAKE_LOCK                 'charging_info' (uid=10053 pid=1459 displayId=-1)
04-17 16:42:05.494  1459  1459 I ChargingInfoManager: getDeviceRemainingTime: 30 m până la încărcarea completă
04-17 16:42:05.495  1008  2781 D PowerManagerService: [api] acquire WakeLock DRAW_WAKE_LOCK                 'Window:NotificationShade' ACQ=-25ms (uid=1000 pid=1008 ws=WorkSource{10053 com.android.systemui} displayId=-1)
04-17 16:42:05.496  1459  1459 I AbsChargingInfoComponent: setVisibilityWithAnim: skipped true
04-17 16:42:05.496  1459  1459 W Looper  : Drained
04-17 16:42:05.497  1008  2781 D PowerManagerService: [api] acquire WakeLock DRAW_WAKE_LOCK                 'Window:NotificationShade' ACQ=-27ms (uid=1000 pid=1008 ws=WorkSource{10053 com.android.systemui} displayId=-1)
04-17 16:42:05.501  1459  1459 D QS      : setQSExpansion 0.0 -600.0
04-17 16:42:05.502  1459  1459 D QS      : setQSExpansion 0.0 -600.0
04-17 16:42:05.512 20354 32239 W jnpo    : [{0}] Failed to resolve name. status={1}
04-17 16:42:05.513  1008  1298 D NetdEventListenerService: DNS Requested by : 0, 10092, 7
04-17 16:42:05.627  1956  1956 I Launcher.NotificationListener: onNotificationPosted : com.android.systemui number : 0
04-17 16:42:05.630  8649  8649 I Edge.badge: updateBadge item = com.android.systemui:-1 1
04-17 16:42:05.630  1008  1008 D PowerManagerService: [api] release WakeLock DRAW_WAKE_LOCK                 'Window:StatusBar' ACQ=-206ms (uid=1000 pid=1008 ws=WorkSource{10053 com.android.systemui} displayId=-1)
04-17 16:42:05.634  1459  1459 D InterruptionStateProvider: No bubble up: not allowed to bubble: -1|com.android.systemui|2131428820|charging_state|10053
04-17 16:42:05.636  1459  1459 D InterruptionStateProvider:  no Heads up : edgelighting enabled app. -1|com.android.systemui|2131428820|charging_state|10053
04-17 16:42:05.651  1459  1459 W Looper  : Slow dispatch took 24ms main h=android.os.Handler c=com.android.systemui.statusbar.NotificationListener$$ExternalSyntheticLambda1@5ad6cce m=0
04-17 16:42:05.651  1459  1577 D PeopleSpaceWidgetMgr: Sbn doesn't contain valid PeopleTileKey: null/-1/com.android.systemui
04-17 16:42:05.669  1459  1459 D QS      : setQSExpansion 0.0 -600.0
04-17 16:42:05.671  1459  1459 D QS      : setQSExpansion 0.0 -600.0
04-17 16:42:05.673  1459  1459 W Looper  : Slow dispatch took 15ms main h=android.view.Choreographer$FrameHandler c=android.view.Choreographer$FrameDisplayEventReceiver@41f723b m=0
04-17 16:42:05.674  1459  1459 W Looper  : Slow delivery took 33ms main h=com.android.systemui.statusbar.notification.row.NotifBindPipeline$NotifBindPipelineHandler c=null m=1
04-17 16:42:05.698  1008  1008 D PowerManagerService: [api] release WakeLock DRAW_WAKE_LOCK                 'Window:NotificationShade' ACQ=-228ms (uid=1000 pid=1008 ws=WorkSource{10053 com.android.systemui} displayId=-1)
04-17 16:42:05.700  1459  1459 D PluginAODManager: onNotificationInfoUpdated() 0|com.wssyncmldm|3|null|1000
04-17 16:42:05.701  1459  1459 D PluginAODManager: onNotificationInfoUpdated() 0|com.google.android.gms|2147483647|ranker_group|10092|ranker_group
04-17 16:42:05.701  1459  1459 D PluginAODManager: onNotificationInfoUpdated() 0|com.samsung.android.forest|104|null|1000
04-17 16:42:05.701  1459  1459 D PluginAODManager: onNotificationInfoUpdated() 0|com.google.android.gm|0|gig:1685183163:^sq_ig_i_personal|10239
04-17 16:42:05.701  1459  1459 D PluginAODManager: onNotificationInfoUpdated() 0|com.google.android.gm|0|gig:68833126:^sq_ig_i_personal|10239
04-17 16:42:05.701  1459  1459 D PluginAODManager: onNotificationInfoUpdated() 0|com.google.android.permissioncontroller|1|HibernationJobService|10096
04-17 16:42:05.701  1459  1459 I AODNotificationManager: updateVisibleNotifications: 6
04-17 16:42:05.701  1459  1459 W Looper  : Slow dispatch took 27ms main h=com.android.systemui.statusbar.LockscreenNotificationManager$LockscreenNotificationMgrHandler c=null m=101
04-17 16:42:05.705  1459  1459 D QS      : setQSExpansion 0.0 -600.0
04-17 16:42:05.707  1459  1459 D QS      : setQSExpansion 0.0 -600.0
04-17 16:42:05.712  1459  1459 W Looper  : Drained
04-17 16:42:05.720  1330  1330 I wpa_supplicant: Heartbeat 14527
04-17 16:42:05.732  1459  1459 W Looper  : Slow dispatch took 17ms main h=android.os.AsyncTask$InternalHandler c=null m=1
04-17 16:42:05.739  1459  1459 D QS      : setQSExpansion 0.0 -600.0
04-17 16:42:05.740  1459  1459 D QS      : setQSExpansion 0.0 -600.0
04-17 16:42:06.084   732  1317 I bauth_FPBAuthService: pcf : 0x1012, 0 ,1 ,0 ,0 ,0 ,0, 6.0.0.6
04-17 16:42:06.084   732  1317 I bauth_FPBAuthService: thread id : 1, preenroll_flag : 0, nd cnt : 0, cso : 0, et : 0
04-17 16:42:06.084   732  1317 I bauth_FPBAuthService: FPBAuthService, 11333
04-17 16:42:06.496  1008  2781 D PowerManagerService: [api] release WakeLock DRAW_WAKE_LOCK                 'charging_info' ACQ=-1s2ms (uid=10053 pid=1459 displayId=-1)
04-17 16:42:06.497  1008  2781 D PowerManagerService: displayReady: false groupId=0
04-17 16:42:06.497  1008  1074 D DisplayPowerController[0]: animateScreenStateChange: target=4, mLogicalDisplay.isEnabled()=true
04-17 16:42:06.498  1008  2781 D PowerManagerService: [PWL] sb acquire: PowerManagerService.Display
04-17 16:42:06.501  1008  1074 D DisplayPowerController[0]: getFinalBrightness : Summary is  94 (0.37) ->  94 (0.37)
04-17 16:42:06.501  1008  1313 D DisplayManagerService: !@display_state requestDisplayStateInternal: DOZE -> DOZE_SUSPEND displayId=0
04-17 16:42:06.502  1008  1313 D LocalDisplayAdapter: !@ display_state: DOZE -> DOZE_SUSPEND (id:0)
04-17 16:42:06.502  1008  1067 D BatteryExternalStatsWorker: update stats : screen-state (33)
04-17 16:42:06.503  1008  1050 I DisplayDeviceRepository: Display device changed state: "Ecran încorporat", DOZE_SUSPEND
04-17 16:42:06.505   586   586 D SurfaceFlinger: Setting power mode 3 on display 0
04-17 16:42:06.505   550   550 D display : setPowerMode:: FBIOBLANK mode(3), blank(0)
04-17 16:42:06.506   550   550 D display : setPowerDoze, Doze request done
04-17 16:42:06.506   550   550 I display : Set m2mMPP capacity(8) for fps(60)
04-17 16:42:06.506   550   550 I display : Set m2mMPP capacity(8) for fps(60)
04-17 16:42:06.506   586   586 D SurfaceFlinger: Finished setting power mode 3 on display 0
04-17 16:42:06.507  1008  1313 D PowerManagerUtil: !@ display_state: DOZE_SUSPEND:: took 4 ms
04-17 16:42:06.507  1008  1313 D DisplayPowerController[0]: setActualDisplayState: DOZE -> DOZE_SUSPEND
04-17 16:42:06.510  1459  1459 D DisplayLifecycle: updateDisplay id = 0
04-17 16:42:06.510  1008  1074 D DisplayPowerController[0]: animateScreenStateChange: target=4, mLogicalDisplay.isEnabled()=true
04-17 16:42:06.511  1008  1074 D DisplayPowerController[0]: getFinalBrightness : Summary is  94 (0.37) ->  94 (0.37)
04-17 16:42:06.512  1008  1074 D DisplayPowerController[0]: animateScreenStateChange: target=4, mLogicalDisplay.isEnabled()=true
04-17 16:42:06.512  1008  1074 D DisplayPowerController[0]: getFinalBrightness : Summary is  94 (0.37) ->  94 (0.37)
04-17 16:42:06.512  1008  1008 D SGM:GameManager: onDisplayChanged. displyId: 0, state: 4
04-17 16:42:06.513  1008  1192 D SGM:GameManager: onLooperPrepared(), msg: MSG_LCD_OFF
04-17 16:42:06.513  1008  1074 D PowerManagerService: displayReady: true groupId=0
04-17 16:42:06.513  1008  1008 D BrightnessSynchronizer: onDisplayChanged() : displayId=0
04-17 16:42:06.513  1008  1074 D PowerManagerService: [PWL] sb release: PowerManagerService.Display
04-17 16:42:06.513  1008  1008 D BrightnessSynchronizer: updateScreenBrightness: type=2 mPreferredSettingValue=0.44705883(114) currentBrightnessInt=114 currentBrightnessIntFromFloat=114(0.44705883)
04-17 16:42:06.513  1008  2551 W NetlinkSocket: maximum read
04-17 16:42:06.517 17182 17182 I NearbyDiscovery: (REDACTED) FastPairDisplayObserver: %s -> %s
04-17 16:42:06.518  1008  2551 W NetlinkSocket: maximum read
04-17 16:42:06.519  1459  1459 I AODTriggers: onAODEventDispatched = 4 / eventData = com.samsung.android.app.aodservice.controller.configuration.AODConfigurationController$EventData@43269cf
04-17 16:42:06.519  1459  1459 I AOD_LIVE_CLOCK@LiveClockController: updateDisplayState: DISPLAY_STATE_DOZE_SUSPEND
04-17 16:42:06.522 27071 27071 I BSS_SysUiClient: handleDisplayChanged: 4
04-17 16:42:06.522 27071 27071 I BSS_SysUiWindow.S.I: handleScreenEvent : false, false, false, false
04-17 16:42:06.529  1008  1067 E system_server: Cannot read thread CPU times for PID 1008
04-17 16:42:06.529  1008  1067 D BatteryExternalStatsWorker: done updateExternalStatsLocked
04-17 16:42:06.613   456   456 D io_stats: !@   8,0 r 3076222 111434672 w 2495238 110413604 d 0 0 f 0 0 iot 2050724 0 th 0 0 0 pt 0 inp 0 0 144785.228
04-17 16:42:07.085   732  1317 I bauth_FPBAuthService: pcf : 0x1012, 0 ,1 ,0 ,0 ,0 ,0, 6.0.0.6
04-17 16:42:07.085   732  1317 I bauth_FPBAuthService: thread id : 1, preenroll_flag : 0, nd cnt : 0, cso : 0, et : 0
04-17 16:42:07.085   732  1317 I bauth_FPBAuthService: FPBAuthService, 11333
04-17 16:42:08.086   732  1317 I bauth_FPBAuthService: pcf : 0x1012, 0 ,1 ,0 ,0 ,0 ,0, 6.0.0.6
04-17 16:42:08.086   732  1317 I bauth_FPBAuthService: thread id : 1, preenroll_flag : 0, nd cnt : 0, cso : 0, et : 0
04-17 16:42:08.086   732  1317 I bauth_FPBAuthService: FPBAuthService, 11333
04-17 16:42:08.473  1459  1459 D KeyguardSecIndicationPolicy:  remove Item pos = DEFAULT                             , id =  2406, 
04-17 16:42:08.474  1459  1459 D KeyguardSecIndicationPolicy:   update top pos = DEFAULT, item = [id=2406|ty=BATTERY|pr=40|txt=Încărcare: 86%
04-17 16:42:08.474  1459  1459 D KeyguardSecIndicationPolicy: 30 m până la încărcarea completă|ti=duration=3000|an=false] -> [id=2407|ty=BATTERY_RESTING|pr=20|txt=Încărcare: 86%
04-17 16:42:08.474  1459  1459 D KeyguardSecIndicationPolicy: 30 m până la încărcarea completă|ti=duration=PERSISTENT|an=false]
04-17 16:42:08.475  1459  1459 D KeyguardSecIndicationController: onIndicationChanged() return - keyguard is not visible, pos = DEFAULT, item = [id=2407|ty=BATTERY_RESTING|pr=20|txt=Încărcare: 86%
04-17 16:42:08.475  1459  1459 D KeyguardSecIndicationController: 30 m până la încărcarea completă|ti=duration=PERSISTENT|an=false]
04-17 16:42:08.616   456   456 D io_stats: !@   8,0 r 3076222 111434672 w 2495240 110413628 d 0 0 f 0 0 iot 2050728 0 th 0 0 0 pt 0 inp 0 0 144787.230
04-17 16:42:09.086   732  1317 I bauth_FPBAuthService: pcf : 0x1012, 0 ,1 ,0 ,0 ,0 ,0, 6.0.0.6
04-17 16:42:09.087   732  1317 I bauth_FPBAuthService: thread id : 1, preenroll_flag : 0, nd cnt : 0, cso : 0, et : 0
04-17 16:42:09.087   732  1317 I bauth_FPBAuthService: FPBAuthService, 11333
04-17 16:42:09.285  1008  2196 E Tethering: [api31.BpfCoordinatorShimImpl] ERROR Fail to fetch tethering stats from BPF map: : getNextMapKey failed: EBADF (Bad file descriptor)
04-17 16:42:09.285  1008  2196 E Tethering: android.system.ErrnoException: getNextMapKey failed: EBADF (Bad file descriptor)
04-17 16:42:09.285  1008  2196 E Tethering: 	at com.android.networkstack.tethering.BpfMap.getNextMapKey(Native Method)
04-17 16:42:09.285  1008  2196 E Tethering: 	at com.android.networkstack.tethering.BpfMap.getNextRawKey(BpfMap.java:199)
04-17 16:42:09.285  1008  2196 E Tethering: 	at com.android.networkstack.tethering.BpfMap.getNextKeyInternal(BpfMap.java:177)
04-17 16:42:09.285  1008  2196 E Tethering: 	at com.android.networkstack.tethering.BpfMap.getFirstKey(BpfMap.java:206)
04-17 16:42:09.285  1008  2196 E Tethering: 	at com.android.networkstack.tethering.BpfMap.forEach(BpfMap.java:243)
04-17 16:42:09.285  1008  2196 E Tethering: 	at com.android.networkstack.tethering.apishim.api31.BpfCoordinatorShimImpl.tetherOffloadGetStats(BpfCoordinatorShimImpl.java:241)
04-17 16:42:09.285  1008  2196 E Tethering: 	at com.android.networkstack.tethering.BpfCoordinator.updateForwardedStats(BpfCoordinator.java:1844)
04-17 16:42:09.285  1008  2196 E Tethering: 	at com.android.networkstack.tethering.BpfCoordinator.lambda$new$0(BpfCoordinator.java:249)
04-17 16:42:09.285  1008  2196 E Tethering: 	at com.android.networkstack.tethering.BpfCoordinator.$r8$lambda$11zi2so53-tPlRpKnlSkWOpxReo(Unknown Source:0)
04-17 16:42:09.285  1008  2196 E Tethering: 	at com.android.networkstack.tethering.BpfCoordinator$$ExternalSyntheticLambda0.run(Unknown Source:2)
04-17 16:42:09.285  1008  2196 E Tethering: 	at android.os.Handler.handleCallback(Handler.java:938)
04-17 16:42:09.285  1008  2196 E Tethering: 	at android.os.Handler.dispatchMessage(Handler.java:99)
04-17 16:42:09.285  1008  2196 E Tethering: 	at android.os.Looper.loopOnce(Looper.java:226)
04-17 16:42:09.285  1008  2196 E Tethering: 	at android.os.Looper.loop(Looper.java:313)
04-17 16:42:09.285  1008  2196 E Tethering: 	at android.os.HandlerThread.run(HandlerThread.java:67)
04-17 16:42:09.285  1008  2196 E Tethering: [BpfCoordinator] ERROR Problem fetching tethering stats
04-17 16:42:10.087   732  1317 I bauth_FPBAuthService: pcf : 0x1012, 0 ,1 ,0 ,0 ,0 ,0, 6.0.0.6
04-17 16:42:10.087   732  1317 I bauth_FPBAuthService: thread id : 1, preenroll_flag : 0, nd cnt : 0, cso : 0, et : 0
04-17 16:42:10.087   732  1317 I bauth_FPBAuthService: FPBAuthService, 11333
04-17 16:42:10.358   513   513 E audit   : type=1400 audit(1776433330.353:39330): avc:  denied  { write } for  pid=20354 comm="ThreadPoolForeg" name="traced_producer" dev="tmpfs" ino=29733 scontext=u:r:gmscore_app:s0:c512,c768 tcontext=u:object_r:traced_producer_socket:s0 tclass=sock_file permissive=0 SEPF_SM-G973F_12_0001 audit_filtered
04-17 16:42:10.359   513   513 E audit   : type=1300 audit(1776433330.353:39330): arch=c00000b7 syscall=203 success=no exit=-13 a0=59 a1=7428fdfd20 a2=1e a3=ffffffff961ffce2 items=0 ppid=533 pid=20354 auid=4294967295 uid=10092 gid=10092 euid=10092 suid=10092 fsuid=10092 egid=10092 sgid=10092 fsgid=10092 tty=(none) ses=4294967295 comm="ThreadPoolForeg" exe="/system/bin/app_process64" subj=u:r:gmscore_app:s0:c512,c768 key=(null)
04-17 16:42:10.359   513   513 E audit   : type=1327 audit(1776433330.353:39330): proctitle="com.google.android.gms"
04-17 16:42:10.715  1008  1074 I PowerManagerService: [PWL] Off : 48s ago
04-17 16:42:11.088   732  1317 I bauth_FPBAuthService: pcf : 0x1012, 0 ,1 ,0 ,0 ,0 ,0, 6.0.0.6
04-17 16:42:11.088   732  1317 I bauth_FPBAuthService: thread id : 1, preenroll_flag : 0, nd cnt : 0, cso : 0, et : 0
04-17 16:42:11.088   732  1317 I bauth_FPBAuthService: FPBAuthService, 11333
04-17 16:42:12.089   732  1317 I bauth_FPBAuthService: pcf : 0x1012, 0 ,1 ,0 ,0 ,0 ,0, 6.0.0.6
04-17 16:42:12.089   732  1317 I bauth_FPBAuthService: thread id : 1, preenroll_flag : 0, nd cnt : 0, cso : 0, et : 0
04-17 16:42:12.089   732  1317 I bauth_FPBAuthService: FPBAuthService, 11333
04-17 16:42:12.626  1008  1269 D SemCellularStateManager: onSignalStrengthsChanged: mCellularSignalLevel=4
04-17 16:42:12.627  1459  1577 D MobileStatusTracker(0/3): onSignalStrengthsChanged signalStrength=SignalStrength:{mCdma=Invalid,mGsm=Invalid,mWcdma=Invalid,mTdscdma=Invalid,mLte=CellSignalStrengthLte: rssi=-93 rsrp=-92 rsrq=-13 rssnr=-4 cqiTableIndex=2147483647 cqi=8 ta=2147483647 level=4 parametersUseForLevel=0,mNr=Invalid,SignalBarInfo{ lteLevel=3 },rat=14,primary=CellSignalStrengthLte} level=3
04-17 16:42:12.630  1459  1577 D NetworkController: SignalStrength from intent slotId=0
04-17 16:42:13.090   732  1317 I bauth_FPBAuthService: pcf : 0x1012, 0 ,1 ,0 ,0 ,0 ,0, 6.0.0.6
04-17 16:42:13.090   732  1317 I bauth_FPBAuthService: thread id : 1, preenroll_flag : 0, nd cnt : 0, cso : 0, et : 0
04-17 16:42:13.090   732  1317 I bauth_FPBAuthService: FPBAuthService, 11333
04-17 16:42:14.090   732  1317 I bauth_FPBAuthService: pcf : 0x1012, 0 ,1 ,0 ,0 ,0 ,0, 6.0.0.6
04-17 16:42:14.091   732  1317 I bauth_FPBAuthService: thread id : 1, preenroll_flag : 0, nd cnt : 0, cso : 0, et : 0
04-17 16:42:14.091   732  1317 I bauth_FPBAuthService: FPBAuthService, 11333
04-17 16:42:14.288  1008  2196 E Tethering: [api31.BpfCoordinatorShimImpl] ERROR Fail to fetch tethering stats from BPF map: : getNextMapKey failed: EBADF (Bad file descriptor)
04-17 16:42:14.288  1008  2196 E Tethering: android.system.ErrnoException: getNextMapKey failed: EBADF (Bad file descriptor)
04-17 16:42:14.288  1008  2196 E Tethering: 	at com.android.networkstack.tethering.BpfMap.getNextMapKey(Native Method)
04-17 16:42:14.288  1008  2196 E Tethering: 	at com.android.networkstack.tethering.BpfMap.getNextRawKey(BpfMap.java:199)
04-17 16:42:14.288  1008  2196 E Tethering: 	at com.android.networkstack.tethering.BpfMap.getNextKeyInternal(BpfMap.java:177)
04-17 16:42:14.288  1008  2196 E Tethering: 	at com.android.networkstack.tethering.BpfMap.getFirstKey(BpfMap.java:206)
04-17 16:42:14.288  1008  2196 E Tethering: 	at com.android.networkstack.tethering.BpfMap.forEach(BpfMap.java:243)
04-17 16:42:14.288  1008  2196 E Tethering: 	at com.android.networkstack.tethering.apishim.api31.BpfCoordinatorShimImpl.tetherOffloadGetStats(BpfCoordinatorShimImpl.java:241)
04-17 16:42:14.288  1008  2196 E Tethering: 	at com.android.networkstack.tethering.BpfCoordinator.updateForwardedStats(BpfCoordinator.java:1844)
